OpenROAD 41a51eaf4ca2171c92ff38afb91eb37bbd3f36da 
This program is licensed under the BSD-3 license. See the LICENSE file for details.
Components of this program may be licensed under more restrictive licenses which must be honored.
[INFO ODB-0222] Reading LEF file: /home/zerotoasic/Documents/proyecto3/arqui-comp-proyecto-3/runs/RUN_2025.10.29_02.02.39/tmp/merged.min.lef
[WARNING ODB-0220] WARNING (LEFPARS-2036): SOURCE statement is obsolete in version 5.6 and later.
The LEF parser will ignore this statement.
To avoid this warning in the future, remove this statement from the LEF file with version 5.6 or later. See file /home/zerotoasic/Documents/proyecto3/arqui-comp-proyecto-3/runs/RUN_2025.10.29_02.02.39/tmp/merged.min.lef at line 68353.

[INFO ODB-0223]     Created 13 technology layers
[INFO ODB-0224]     Created 25 technology vias
[INFO ODB-0225]     Created 441 library cells
[INFO ODB-0226] Finished LEF file:  /home/zerotoasic/Documents/proyecto3/arqui-comp-proyecto-3/runs/RUN_2025.10.29_02.02.39/tmp/merged.min.lef
[INFO ODB-0127] Reading DEF file: /home/zerotoasic/Documents/proyecto3/arqui-comp-proyecto-3/runs/RUN_2025.10.29_02.02.39/results/routing/computer.def
[INFO ODB-0128] Design: computer
[INFO ODB-0130]     Created 31 pins.
[INFO ODB-0131]     Created 14647 components and 54564 component-terminals.
[INFO ODB-0132]     Created 2 special nets and 54500 connections.
[INFO ODB-0133]     Created 33 nets and 37 connections.
[INFO ODB-0134] Finished DEF file: /home/zerotoasic/Documents/proyecto3/arqui-comp-proyecto-3/runs/RUN_2025.10.29_02.02.39/results/routing/computer.def
define_corners Typical
read_liberty -corner Typical /home/zerotoasic/asic_tools/pdk/sky130A/libs.ref/sky130_fd_sc_hd/lib/sky130_fd_sc_hd__tt_025C_1v80.lib
Using 1e-12 for capacitance...
Using 1e+03 for resistance...
Using 1e-09 for time...
Using 1e+00 for voltage...
Using 1e-03 for current...
Using 1e-09 for power...
Using 1e-06 for distance...
Using RCX ruleset '/home/zerotoasic/asic_tools/pdk/sky130A/libs.tech/openlane/rules.openrcx.sky130A.min.calibre'...
[INFO RCX-0431] Defined process_corner X with ext_model_index 0
[INFO RCX-0029] Defined extraction corner X
[INFO RCX-0008] extracting parasitics of computer ...
[INFO RCX-0435] Reading extraction model file /home/zerotoasic/asic_tools/pdk/sky130A/libs.tech/openlane/rules.openrcx.sky130A.min.calibre ...
[INFO RCX-0436] RC segment generation computer (max_merge_res 50.0) ...
[INFO RCX-0040] Final 39 rc segments
[INFO RCX-0439] Coupling Cap extraction computer ...
[INFO RCX-0440] Coupling threshhold is 0.1000 fF, coupling capacitance less than 0.1000 fF will be grounded.
[INFO RCX-0043] 1071 wires to be extracted
[INFO RCX-0442] 95% completion -- 1025 wires have been extracted
[INFO RCX-0045] Extract 33 nets, 72 rsegs, 72 caps, 2 ccs
[INFO RCX-0015] Finished extracting computer.
Writing result to /home/zerotoasic/Documents/proyecto3/arqui-comp-proyecto-3/runs/RUN_2025.10.29_02.02.39/results/routing/mca/process_corner_min/computer.spef...
Setting global connections for newly added cells…
[WARNING] Did not save OpenROAD database!
Writing extracted parasitics to '/home/zerotoasic/Documents/proyecto3/arqui-comp-proyecto-3/runs/RUN_2025.10.29_02.02.39/results/routing/mca/process_corner_min/computer.spef'…
[INFO RCX-0016] Writing SPEF ...
[INFO RCX-0443] 33 nets finished
[INFO RCX-0017] Finished writing SPEF ...
