OpenSTA 2.4.0 41a51eaf4c Copyright (c) 2021, Parallax Software, Inc.
License GPLv3: GNU GPL version 3 <http://gnu.org/licenses/gpl.html>

This is free software, and you are free to change and redistribute it
under certain conditions; type `show_copying' for details. 
This program comes with ABSOLUTELY NO WARRANTY; for details type `show_warranty'.
define_corners Typical
read_liberty -corner Typical /home/zerotoasic/asic_tools/pdk/sky130A/libs.ref/sky130_fd_sc_hd/lib/sky130_fd_sc_hd__tt_025C_1v80.lib
Using 1e-12 for capacitance...
Using 1e+03 for resistance...
Using 1e-09 for time...
Using 1e+00 for voltage...
Using 1e-03 for current...
Using 1e-09 for power...
Using 1e-06 for distance...
Reading netlist '/home/zerotoasic/Documents/proyecto3/arqui-comp-proyecto-3/runs/RUN_2025.10.29_02.02.39/results/routing/computer.nl.v'…
Warning: /home/zerotoasic/Documents/proyecto3/arqui-comp-proyecto-3/runs/RUN_2025.10.29_02.02.39/results/routing/computer.nl.v line 51, module sky130_ef_sc_hd__decap_12 not found. Creating black box for FILLER_0_0_3.
Warning: /home/zerotoasic/Documents/proyecto3/arqui-comp-proyecto-3/runs/RUN_2025.10.29_02.02.39/results/routing/computer.nl.v line 356, module sky130_fd_sc_hd__tapvpwrvgnd_1 not found. Creating black box for TAP_278.
Warning: /home/zerotoasic/Documents/proyecto3/arqui-comp-proyecto-3/runs/RUN_2025.10.29_02.02.39/results/routing/computer.nl.v line 2406, module sky130_fd_sc_hd__fill_1 not found. Creating black box for FILLER_0_0_27.
Warning: /home/zerotoasic/Documents/proyecto3/arqui-comp-proyecto-3/runs/RUN_2025.10.29_02.02.39/results/routing/computer.nl.v line 2617, module sky130_fd_sc_hd__fill_2 not found. Creating black box for FILLER_0_2_362.
Reading design constraints file at '/home/zerotoasic/Documents/proyecto3/arqui-comp-proyecto-3/runs/RUN_2025.10.29_02.02.39/tmp/17-computer.sdc'…
min_report

===========================================================================
report_checks -path_delay min (Hold)
============================================================================
======================= Typical Corner ===================================

Startpoint: rst (input port clocked by clk)
Endpoint: _03_ (removal check against rising-edge clock clk)
Path Group: asynchronous
Path Type: min

Fanout     Cap    Slew   Delay    Time   Description
-----------------------------------------------------------------------------
                          0.00    0.00   clock clk (rise edge)
                          0.00    0.00   clock network delay (propagated)
                          4.00    4.00 v input external delay
                  0.01    0.00    4.00 v rst (in)
     1    0.00                           rst (net)
                  0.01    0.00    4.00 v input1/A (sky130_fd_sc_hd__buf_2)
                  0.11    0.17    4.17 v input1/X (sky130_fd_sc_hd__buf_2)
     1    0.04                           net1 (net)
                  0.11    0.01    4.18 v _02_/A (sky130_fd_sc_hd__inv_2)
                  0.04    0.06    4.24 ^ _02_/Y (sky130_fd_sc_hd__inv_2)
     1    0.00                           _00_ (net)
                  0.04    0.00    4.24 ^ _03_/RESET_B (sky130_fd_sc_hd__dfrtp_1)
                                  4.24   data arrival time

                          0.00    0.00   clock clk (rise edge)
                          0.00    0.00   clock source latency
                  0.09    0.07    0.07 ^ clk (in)
     1    0.02                           clk (net)
                  0.09    0.00    0.07 ^ _03_/CLK (sky130_fd_sc_hd__dfrtp_1)
                          0.25    0.32   clock uncertainty
                          0.00    0.32   clock reconvergence pessimism
                          0.33    0.65   library removal time
                                  0.65   data required time
-----------------------------------------------------------------------------
                                  0.65   data required time
                                 -4.24   data arrival time
-----------------------------------------------------------------------------
                                  3.60   slack (MET)


Startpoint: _03_ (rising edge-triggered flip-flop clocked by clk)
Endpoint: flags_out[3] (output port clocked by clk)
Path Group: clk
Path Type: min

Fanout     Cap    Slew   Delay    Time   Description
-----------------------------------------------------------------------------
                          0.00    0.00   clock clk (rise edge)
                          0.00    0.00   clock source latency
                  0.09    0.06    0.06 ^ clk (in)
     1    0.02                           clk (net)
                  0.09    0.00    0.06 ^ _03_/CLK (sky130_fd_sc_hd__dfrtp_1)
                  0.04    0.31    0.37 ^ _03_/Q (sky130_fd_sc_hd__dfrtp_1)
     1    0.00                           net2 (net)
                  0.04    0.00    0.37 ^ output2/A (sky130_fd_sc_hd__clkbuf_4)
                  0.11    0.18    0.55 ^ output2/X (sky130_fd_sc_hd__clkbuf_4)
     1    0.03                           flags_out[3] (net)
                  0.11    0.00    0.55 ^ flags_out[3] (out)
                                  0.55   data arrival time

                          0.00    0.00   clock clk (rise edge)
                          0.00    0.00   clock network delay (propagated)
                          0.25    0.25   clock uncertainty
                          0.00    0.25   clock reconvergence pessimism
                         -4.00   -3.75   output external delay
                                 -3.75   data required time
-----------------------------------------------------------------------------
                                 -3.75   data required time
                                 -0.55   data arrival time
-----------------------------------------------------------------------------
                                  4.30   slack (MET)



min_report_end
max_report

===========================================================================
report_checks -path_delay max (Setup)
============================================================================
======================= Typical Corner ===================================

Startpoint: _03_ (rising edge-triggered flip-flop clocked by clk)
Endpoint: flags_out[3] (output port clocked by clk)
Path Group: clk
Path Type: max

Fanout     Cap    Slew   Delay    Time   Description
-----------------------------------------------------------------------------
                          0.00    0.00   clock clk (rise edge)
                          0.00    0.00   clock source latency
                  0.09    0.07    0.07 ^ clk (in)
     1    0.02                           clk (net)
                  0.09    0.00    0.07 ^ _03_/CLK (sky130_fd_sc_hd__dfrtp_1)
                  0.04    0.38    0.45 v _03_/Q (sky130_fd_sc_hd__dfrtp_1)
     1    0.00                           net2 (net)
                  0.04    0.00    0.45 v output2/A (sky130_fd_sc_hd__clkbuf_4)
                  0.08    0.19    0.64 v output2/X (sky130_fd_sc_hd__clkbuf_4)
     1    0.03                           flags_out[3] (net)
                  0.08    0.00    0.64 v flags_out[3] (out)
                                  0.64   data arrival time

                         20.00   20.00   clock clk (rise edge)
                          0.00   20.00   clock network delay (propagated)
                         -0.25   19.75   clock uncertainty
                          0.00   19.75   clock reconvergence pessimism
                         -4.00   15.75   output external delay
                                 15.75   data required time
-----------------------------------------------------------------------------
                                 15.75   data required time
                                 -0.64   data arrival time
-----------------------------------------------------------------------------
                                 15.11   slack (MET)


Startpoint: rst (input port clocked by clk)
Endpoint: _03_ (recovery check against rising-edge clock clk)
Path Group: asynchronous
Path Type: max

Fanout     Cap    Slew   Delay    Time   Description
-----------------------------------------------------------------------------
                          0.00    0.00   clock clk (rise edge)
                          0.00    0.00   clock network delay (propagated)
                          4.00    4.00 v input external delay
                  0.01    0.01    4.01 v rst (in)
     1    0.00                           rst (net)
                  0.01    0.00    4.01 v input1/A (sky130_fd_sc_hd__buf_2)
                  0.11    0.19    4.19 v input1/X (sky130_fd_sc_hd__buf_2)
     1    0.04                           net1 (net)
                  0.11    0.01    4.20 v _02_/A (sky130_fd_sc_hd__inv_2)
                  0.04    0.07    4.27 ^ _02_/Y (sky130_fd_sc_hd__inv_2)
     1    0.00                           _00_ (net)
                  0.04    0.00    4.27 ^ _03_/RESET_B (sky130_fd_sc_hd__dfrtp_1)
                                  4.27   data arrival time

                         20.00   20.00   clock clk (rise edge)
                          0.00   20.00   clock source latency
                  0.09    0.06   20.06 ^ clk (in)
     1    0.02                           clk (net)
                  0.09    0.00   20.06 ^ _03_/CLK (sky130_fd_sc_hd__dfrtp_1)
                         -0.25   19.81   clock uncertainty
                          0.00   19.81   clock reconvergence pessimism
                          0.25   20.06   library recovery time
                                 20.06   data required time
-----------------------------------------------------------------------------
                                 20.06   data required time
                                 -4.27   data arrival time
-----------------------------------------------------------------------------
                                 15.79   slack (MET)



max_report_end
checks_report

===========================================================================
report_checks -unconstrained
===========================================================================
======================= Typical Corner ===================================

Startpoint: rst (input port clocked by clk)
Endpoint: _03_ (recovery check against rising-edge clock clk)
Path Group: asynchronous
Path Type: max

Fanout     Cap    Slew   Delay    Time   Description
-----------------------------------------------------------------------------
                          0.00    0.00   clock clk (rise edge)
                          0.00    0.00   clock network delay (propagated)
                          4.00    4.00 v input external delay
                  0.01    0.01    4.01 v rst (in)
     1    0.00                           rst (net)
                  0.01    0.00    4.01 v input1/A (sky130_fd_sc_hd__buf_2)
                  0.11    0.19    4.19 v input1/X (sky130_fd_sc_hd__buf_2)
     1    0.04                           net1 (net)
                  0.11    0.01    4.20 v _02_/A (sky130_fd_sc_hd__inv_2)
                  0.04    0.07    4.27 ^ _02_/Y (sky130_fd_sc_hd__inv_2)
     1    0.00                           _00_ (net)
                  0.04    0.00    4.27 ^ _03_/RESET_B (sky130_fd_sc_hd__dfrtp_1)
                                  4.27   data arrival time

                         20.00   20.00   clock clk (rise edge)
                          0.00   20.00   clock source latency
                  0.09    0.06   20.06 ^ clk (in)
     1    0.02                           clk (net)
                  0.09    0.00   20.06 ^ _03_/CLK (sky130_fd_sc_hd__dfrtp_1)
                         -0.25   19.81   clock uncertainty
                          0.00   19.81   clock reconvergence pessimism
                          0.25   20.06   library recovery time
                                 20.06   data required time
-----------------------------------------------------------------------------
                                 20.06   data required time
                                 -4.27   data arrival time
-----------------------------------------------------------------------------
                                 15.79   slack (MET)


Startpoint: _03_ (rising edge-triggered flip-flop clocked by clk)
Endpoint: flags_out[3] (output port clocked by clk)
Path Group: clk
Path Type: max

Fanout     Cap    Slew   Delay    Time   Description
-----------------------------------------------------------------------------
                          0.00    0.00   clock clk (rise edge)
                          0.00    0.00   clock source latency
                  0.09    0.07    0.07 ^ clk (in)
     1    0.02                           clk (net)
                  0.09    0.00    0.07 ^ _03_/CLK (sky130_fd_sc_hd__dfrtp_1)
                  0.04    0.38    0.45 v _03_/Q (sky130_fd_sc_hd__dfrtp_1)
     1    0.00                           net2 (net)
                  0.04    0.00    0.45 v output2/A (sky130_fd_sc_hd__clkbuf_4)
                  0.08    0.19    0.64 v output2/X (sky130_fd_sc_hd__clkbuf_4)
     1    0.03                           flags_out[3] (net)
                  0.08    0.00    0.64 v flags_out[3] (out)
                                  0.64   data arrival time

                         20.00   20.00   clock clk (rise edge)
                          0.00   20.00   clock network delay (propagated)
                         -0.25   19.75   clock uncertainty
                          0.00   19.75   clock reconvergence pessimism
                         -4.00   15.75   output external delay
                                 15.75   data required time
-----------------------------------------------------------------------------
                                 15.75   data required time
                                 -0.64   data arrival time
-----------------------------------------------------------------------------
                                 15.11   slack (MET)




===========================================================================
report_checks --slack_max -0.01
============================================================================
======================= Typical Corner ===================================

No paths found.


===========================================================================
 report_check_types -max_slew -max_cap -max_fanout -violators
============================================================================
======================= Typical Corner ===================================



===========================================================================
report_parasitic_annotation -report_unannotated
============================================================================
Found 27 unannotated drivers.
 _03__29/LO
 computer_10/HI
 computer_11/HI
 computer_12/HI
 computer_13/HI
 computer_14/HI
 computer_15/HI
 computer_16/HI
 computer_17/HI
 computer_18/HI
 computer_19/HI
 computer_20/HI
 computer_21/HI
 computer_22/HI
 computer_23/HI
 computer_24/HI
 computer_25/HI
 computer_26/HI
 computer_27/HI
 computer_28/HI
 computer_3/HI
 computer_4/HI
 computer_5/HI
 computer_6/HI
 computer_7/HI
 computer_8/HI
 computer_9/HI
Found 0 partially unannotated drivers.

===========================================================================
max slew violation count 0
max fanout violation count 0
max cap violation count 0
============================================================================

===========================================================================
check_setup -verbose -unconstrained_endpoints -multiple_clock -no_clock -no_input_delay -loops -generated_clocks
===========================================================================
Warning: There are 27 unconstrained endpoints.
  A_out[0]
  A_out[1]
  A_out[2]
  A_out[3]
  A_out[4]
  A_out[5]
  A_out[6]
  A_out[7]
  B_out[0]
  B_out[1]
  B_out[2]
  B_out[3]
  B_out[4]
  B_out[5]
  B_out[6]
  B_out[7]
  flags_out[0]
  flags_out[1]
  flags_out[2]
  last_opcode_out[0]
  last_opcode_out[1]
  last_opcode_out[2]
  last_opcode_out[3]
  last_opcode_out[4]
  last_opcode_out[5]
  last_opcode_out[6]
  _03_/D
checks_report_end
power_report

===========================================================================
 report_power
============================================================================
======================= Typical Corner ===================================

Group                  Internal  Switching    Leakage      Total
                          Power      Power      Power      Power (Watts)
----------------------------------------------------------------
Sequential             2.10e-06   2.14e-08   1.17e-11   2.12e-06  70.7%
Combinational          2.09e-07   6.62e-07   7.67e-09   8.79e-07  29.3%
Macro                  0.00e+00   0.00e+00   0.00e+00   0.00e+00   0.0%
Pad                    0.00e+00   0.00e+00   0.00e+00   0.00e+00   0.0%
----------------------------------------------------------------
Total                  2.31e-06   6.83e-07   7.68e-09   3.00e-06 100.0%
                          76.9%      22.8%       0.3%

power_report_end
skew_report

===========================================================================
report_clock_skew
============================================================================
Clock clk
No launch/capture paths found.

skew_report_end
summary_report

===========================================================================
report_tns
============================================================================
tns 0.00

===========================================================================
report_wns
============================================================================
wns 0.00

===========================================================================
report_worst_slack -max (Setup)
============================================================================
worst slack 15.11

===========================================================================
report_worst_slack -min (Hold)
============================================================================
worst slack 3.60
summary_report_end
[WARNING] Did not save OpenROAD database!
Writing SDF to '/home/zerotoasic/Documents/proyecto3/arqui-comp-proyecto-3/runs/RUN_2025.10.29_02.02.39/results/routing/mca/process_corner_nom/computer.sdf'…
Writing timing model to '/home/zerotoasic/Documents/proyecto3/arqui-comp-proyecto-3/runs/RUN_2025.10.29_02.02.39/results/routing/mca/process_corner_nom/computer.lib'…
