Netgen 1.5.255 compiled on Wed Jul 12 10:06:14 UTC 2023
Warning: netgen command 'format' use fully-qualified name '::netgen::format'
Warning: netgen command 'global' use fully-qualified name '::netgen::global'
Generating JSON file result
Reading netlist file /home/zerotoasic/Documents/proyecto3/arqui-comp-proyecto-3/runs/RUN_2025.10.29_02.02.39/results/signoff/computer.spice
Reading netlist file /home/zerotoasic/Documents/proyecto3/arqui-comp-proyecto-3/runs/RUN_2025.10.29_02.02.39/tmp/signoff/36-computer.pnl.v
Warning:  A case-insensitive file has been read and so the	verilog file must be treated case-insensitive to match.
Creating placeholder cell definition for module sky130_fd_sc_hd__decap_6.
Creating placeholder cell definition for module sky130_ef_sc_hd__decap_12.
Creating placeholder cell definition for module sky130_fd_sc_hd__decap_3.
Creating placeholder cell definition for module sky130_fd_sc_hd__fill_1.
Creating placeholder cell definition for module sky130_fd_sc_hd__decap_8.
Creating placeholder cell definition for module sky130_fd_sc_hd__fill_2.
Creating placeholder cell definition for module sky130_fd_sc_hd__decap_4.
Creating placeholder cell definition for module sky130_fd_sc_hd__tapvpwrvgnd_1.
Creating placeholder cell definition for module sky130_fd_sc_hd__inv_2.
Creating placeholder cell definition for module sky130_fd_sc_hd__dfrtp_1.
Creating placeholder cell definition for module sky130_fd_sc_hd__conb_1.
Note:  Implicit pin HI in instance computer_10 of sky130_fd_sc_hd__conb_1 in cell computer
Note:  Implicit pin LO in instance _03__29 of sky130_fd_sc_hd__conb_1 in cell computer
Note:  Implicit pin HI in instance computer_11 of sky130_fd_sc_hd__conb_1 in cell computer
Note:  Implicit pin HI in instance computer_12 of sky130_fd_sc_hd__conb_1 in cell computer
Note:  Implicit pin HI in instance computer_13 of sky130_fd_sc_hd__conb_1 in cell computer
Note:  Implicit pin HI in instance computer_14 of sky130_fd_sc_hd__conb_1 in cell computer
Note:  Implicit pin HI in instance computer_15 of sky130_fd_sc_hd__conb_1 in cell computer
Note:  Implicit pin HI in instance computer_16 of sky130_fd_sc_hd__conb_1 in cell computer
Note:  Implicit pin HI in instance computer_17 of sky130_fd_sc_hd__conb_1 in cell computer
Note:  Implicit pin HI in instance computer_18 of sky130_fd_sc_hd__conb_1 in cell computer
Note:  Implicit pin HI in instance computer_19 of sky130_fd_sc_hd__conb_1 in cell computer
Note:  Implicit pin HI in instance computer_20 of sky130_fd_sc_hd__conb_1 in cell computer
Note:  Implicit pin HI in instance computer_21 of sky130_fd_sc_hd__conb_1 in cell computer
Note:  Implicit pin HI in instance computer_22 of sky130_fd_sc_hd__conb_1 in cell computer
Note:  Implicit pin HI in instance computer_23 of sky130_fd_sc_hd__conb_1 in cell computer
Note:  Implicit pin HI in instance computer_24 of sky130_fd_sc_hd__conb_1 in cell computer
Note:  Implicit pin HI in instance computer_25 of sky130_fd_sc_hd__conb_1 in cell computer
Note:  Implicit pin HI in instance computer_26 of sky130_fd_sc_hd__conb_1 in cell computer
Note:  Implicit pin HI in instance computer_27 of sky130_fd_sc_hd__conb_1 in cell computer
Note:  Implicit pin HI in instance computer_28 of sky130_fd_sc_hd__conb_1 in cell computer
Note:  Implicit pin HI in instance computer_3 of sky130_fd_sc_hd__conb_1 in cell computer
Note:  Implicit pin HI in instance computer_4 of sky130_fd_sc_hd__conb_1 in cell computer
Note:  Implicit pin HI in instance computer_5 of sky130_fd_sc_hd__conb_1 in cell computer
Note:  Implicit pin HI in instance computer_6 of sky130_fd_sc_hd__conb_1 in cell computer
Note:  Implicit pin HI in instance computer_7 of sky130_fd_sc_hd__conb_1 in cell computer
Note:  Implicit pin HI in instance computer_8 of sky130_fd_sc_hd__conb_1 in cell computer
Note:  Implicit pin HI in instance computer_9 of sky130_fd_sc_hd__conb_1 in cell computer
Creating placeholder cell definition for module sky130_fd_sc_hd__buf_2.
Creating placeholder cell definition for module sky130_fd_sc_hd__clkbuf_4.

Reading setup file /home/zerotoasic/asic_tools/pdk/sky130A/libs.tech/netgen/sky130A_setup.tcl

Comparison output logged to file /home/zerotoasic/Documents/proyecto3/arqui-comp-proyecto-3/runs/RUN_2025.10.29_02.02.39/logs/signoff/39-computer.lef.lvs.log
Logging to file "/home/zerotoasic/Documents/proyecto3/arqui-comp-proyecto-3/runs/RUN_2025.10.29_02.02.39/logs/signoff/39-computer.lef.lvs.log" enabled

Contents of circuit 1:  Circuit: 'sky130_fd_sc_hd__decap_6'
Circuit sky130_fd_sc_hd__decap_6 contains 0 device instances.
Circuit contains 0 nets, and 4 disconnected pins.
Contents of circuit 2:  Circuit: 'sky130_fd_sc_hd__decap_6'
Circuit sky130_fd_sc_hd__decap_6 contains 0 device instances.
Circuit contains 0 nets.

Circuit sky130_fd_sc_hd__decap_6 contains no devices.

Contents of circuit 1:  Circuit: 'sky130_fd_sc_hd__conb_1'
Circuit sky130_fd_sc_hd__conb_1 contains 0 device instances.
Circuit contains 0 nets, and 6 disconnected pins.
Contents of circuit 2:  Circuit: 'sky130_fd_sc_hd__conb_1'
Circuit sky130_fd_sc_hd__conb_1 contains 0 device instances.
Circuit contains 0 nets.

Circuit sky130_fd_sc_hd__conb_1 contains no devices.

Contents of circuit 1:  Circuit: 'sky130_ef_sc_hd__decap_12'
Circuit sky130_ef_sc_hd__decap_12 contains 0 device instances.
Circuit contains 0 nets, and 4 disconnected pins.
Contents of circuit 2:  Circuit: 'sky130_ef_sc_hd__decap_12'
Circuit sky130_ef_sc_hd__decap_12 contains 0 device instances.
Circuit contains 0 nets.

Circuit sky130_ef_sc_hd__decap_12 contains no devices.

Contents of circuit 1:  Circuit: 'sky130_fd_sc_hd__fill_1'
Circuit sky130_fd_sc_hd__fill_1 contains 0 device instances.
Circuit contains 0 nets, and 4 disconnected pins.
Contents of circuit 2:  Circuit: 'sky130_fd_sc_hd__fill_1'
Circuit sky130_fd_sc_hd__fill_1 contains 0 device instances.
Circuit contains 0 nets.

Circuit sky130_fd_sc_hd__fill_1 contains no devices.

Contents of circuit 1:  Circuit: 'sky130_fd_sc_hd__tapvpwrvgnd_1'
Circuit sky130_fd_sc_hd__tapvpwrvgnd_1 contains 0 device instances.
Circuit contains 0 nets, and 2 disconnected pins.
Contents of circuit 2:  Circuit: 'sky130_fd_sc_hd__tapvpwrvgnd_1'
Circuit sky130_fd_sc_hd__tapvpwrvgnd_1 contains 0 device instances.
Circuit contains 0 nets.

Circuit sky130_fd_sc_hd__tapvpwrvgnd_1 contains no devices.

Contents of circuit 1:  Circuit: 'sky130_fd_sc_hd__decap_4'
Circuit sky130_fd_sc_hd__decap_4 contains 0 device instances.
Circuit contains 0 nets, and 4 disconnected pins.
Contents of circuit 2:  Circuit: 'sky130_fd_sc_hd__decap_4'
Circuit sky130_fd_sc_hd__decap_4 contains 0 device instances.
Circuit contains 0 nets.

Circuit sky130_fd_sc_hd__decap_4 contains no devices.

Contents of circuit 1:  Circuit: 'sky130_fd_sc_hd__decap_3'
Circuit sky130_fd_sc_hd__decap_3 contains 0 device instances.
Circuit contains 0 nets, and 4 disconnected pins.
Contents of circuit 2:  Circuit: 'sky130_fd_sc_hd__decap_3'
Circuit sky130_fd_sc_hd__decap_3 contains 0 device instances.
Circuit contains 0 nets.

Circuit sky130_fd_sc_hd__decap_3 contains no devices.

Contents of circuit 1:  Circuit: 'sky130_fd_sc_hd__decap_8'
Circuit sky130_fd_sc_hd__decap_8 contains 0 device instances.
Circuit contains 0 nets, and 4 disconnected pins.
Contents of circuit 2:  Circuit: 'sky130_fd_sc_hd__decap_8'
Circuit sky130_fd_sc_hd__decap_8 contains 0 device instances.
Circuit contains 0 nets.

Circuit sky130_fd_sc_hd__decap_8 contains no devices.

Contents of circuit 1:  Circuit: 'sky130_fd_sc_hd__fill_2'
Circuit sky130_fd_sc_hd__fill_2 contains 0 device instances.
Circuit contains 0 nets, and 4 disconnected pins.
Contents of circuit 2:  Circuit: 'sky130_fd_sc_hd__fill_2'
Circuit sky130_fd_sc_hd__fill_2 contains 0 device instances.
Circuit contains 0 nets.

Circuit sky130_fd_sc_hd__fill_2 contains no devices.

Contents of circuit 1:  Circuit: 'sky130_fd_sc_hd__buf_2'
Circuit sky130_fd_sc_hd__buf_2 contains 0 device instances.
Circuit contains 0 nets, and 6 disconnected pins.
Contents of circuit 2:  Circuit: 'sky130_fd_sc_hd__buf_2'
Circuit sky130_fd_sc_hd__buf_2 contains 0 device instances.
Circuit contains 0 nets.

Circuit sky130_fd_sc_hd__buf_2 contains no devices.

Contents of circuit 1:  Circuit: 'sky130_fd_sc_hd__dfrtp_1'
Circuit sky130_fd_sc_hd__dfrtp_1 contains 0 device instances.
Circuit contains 0 nets, and 8 disconnected pins.
Contents of circuit 2:  Circuit: 'sky130_fd_sc_hd__dfrtp_1'
Circuit sky130_fd_sc_hd__dfrtp_1 contains 0 device instances.
Circuit contains 0 nets.

Circuit sky130_fd_sc_hd__dfrtp_1 contains no devices.

Contents of circuit 1:  Circuit: 'sky130_fd_sc_hd__inv_2'
Circuit sky130_fd_sc_hd__inv_2 contains 0 device instances.
Circuit contains 0 nets, and 6 disconnected pins.
Contents of circuit 2:  Circuit: 'sky130_fd_sc_hd__inv_2'
Circuit sky130_fd_sc_hd__inv_2 contains 0 device instances.
Circuit contains 0 nets.

Circuit sky130_fd_sc_hd__inv_2 contains no devices.

Contents of circuit 1:  Circuit: 'sky130_fd_sc_hd__clkbuf_4'
Circuit sky130_fd_sc_hd__clkbuf_4 contains 0 device instances.
Circuit contains 0 nets, and 6 disconnected pins.
Contents of circuit 2:  Circuit: 'sky130_fd_sc_hd__clkbuf_4'
Circuit sky130_fd_sc_hd__clkbuf_4 contains 0 device instances.
Circuit contains 0 nets.

Circuit sky130_fd_sc_hd__clkbuf_4 contains no devices.

Contents of circuit 1:  Circuit: 'computer'
Circuit computer contains 14647 device instances.
  Class: sky130_fd_sc_hd__buf_2 instances:   1
  Class: sky130_ef_sc_hd__decap_12 instances: 8109
  Class: sky130_fd_sc_hd__dfrtp_1 instances:   1
  Class: sky130_fd_sc_hd__inv_2 instances:   1
  Class: sky130_fd_sc_hd__clkbuf_4 instances:   1
  Class: sky130_fd_sc_hd__conb_1 instances:  27
  Class: sky130_fd_sc_hd__decap_3 instances: 325
  Class: sky130_fd_sc_hd__decap_4 instances:  67
  Class: sky130_fd_sc_hd__decap_6 instances: 1859
  Class: sky130_fd_sc_hd__decap_8 instances:  84
  Class: sky130_fd_sc_hd__tapvpwrvgnd_1 instances: 2044
  Class: sky130_fd_sc_hd__fill_1 instances: 2116
  Class: sky130_fd_sc_hd__fill_2 instances:  12
Circuit contains 62 nets.
Contents of circuit 2:  Circuit: 'computer'
Circuit computer contains 14647 device instances.
  Class: sky130_fd_sc_hd__buf_2 instances:   1
  Class: sky130_ef_sc_hd__decap_12 instances: 8109
  Class: sky130_fd_sc_hd__dfrtp_1 instances:   1
  Class: sky130_fd_sc_hd__inv_2 instances:   1
  Class: sky130_fd_sc_hd__clkbuf_4 instances:   1
  Class: sky130_fd_sc_hd__conb_1 instances:  27
  Class: sky130_fd_sc_hd__decap_3 instances: 325
  Class: sky130_fd_sc_hd__decap_4 instances:  67
  Class: sky130_fd_sc_hd__decap_6 instances: 1859
  Class: sky130_fd_sc_hd__decap_8 instances:  84
  Class: sky130_fd_sc_hd__tapvpwrvgnd_1 instances: 2044
  Class: sky130_fd_sc_hd__fill_1 instances: 2116
  Class: sky130_fd_sc_hd__fill_2 instances:  12
Circuit contains 62 nets.

Circuit was modified by parallel/series device merging.
New circuit summary:

Contents of circuit 1:  Circuit: 'computer'
Circuit computer contains 39 device instances.
  Class: sky130_fd_sc_hd__buf_2 instances:   1
  Class: sky130_ef_sc_hd__decap_12 instances:   1
  Class: sky130_fd_sc_hd__dfrtp_1 instances:   1
  Class: sky130_fd_sc_hd__inv_2 instances:   1
  Class: sky130_fd_sc_hd__clkbuf_4 instances:   1
  Class: sky130_fd_sc_hd__conb_1 instances:  27
  Class: sky130_fd_sc_hd__decap_3 instances:   1
  Class: sky130_fd_sc_hd__decap_4 instances:   1
  Class: sky130_fd_sc_hd__decap_6 instances:   1
  Class: sky130_fd_sc_hd__decap_8 instances:   1
  Class: sky130_fd_sc_hd__tapvpwrvgnd_1 instances:   1
  Class: sky130_fd_sc_hd__fill_1 instances:   1
  Class: sky130_fd_sc_hd__fill_2 instances:   1
Circuit contains 62 nets.
Contents of circuit 2:  Circuit: 'computer'
Circuit computer contains 39 device instances.
  Class: sky130_fd_sc_hd__buf_2 instances:   1
  Class: sky130_ef_sc_hd__decap_12 instances:   1
  Class: sky130_fd_sc_hd__dfrtp_1 instances:   1
  Class: sky130_fd_sc_hd__inv_2 instances:   1
  Class: sky130_fd_sc_hd__clkbuf_4 instances:   1
  Class: sky130_fd_sc_hd__conb_1 instances:  27
  Class: sky130_fd_sc_hd__decap_3 instances:   1
  Class: sky130_fd_sc_hd__decap_4 instances:   1
  Class: sky130_fd_sc_hd__decap_6 instances:   1
  Class: sky130_fd_sc_hd__decap_8 instances:   1
  Class: sky130_fd_sc_hd__tapvpwrvgnd_1 instances:   1
  Class: sky130_fd_sc_hd__fill_1 instances:   1
  Class: sky130_fd_sc_hd__fill_2 instances:   1
Circuit contains 62 nets.

Circuit 1 contains 39 devices, Circuit 2 contains 39 devices.
Circuit 1 contains 62 nets,    Circuit 2 contains 62 nets.


Final result: 
Circuits match uniquely.
.
Logging to file "/home/zerotoasic/Documents/proyecto3/arqui-comp-proyecto-3/runs/RUN_2025.10.29_02.02.39/logs/signoff/39-computer.lef.lvs.log" disabled
LVS Done.
