OpenROAD 41a51eaf4ca2171c92ff38afb91eb37bbd3f36da 
This program is licensed under the BSD-3 license. See the LICENSE file for details.
Components of this program may be licensed under more restrictive licenses which must be honored.
[INFO]: Reading ODB at '/home/zerotoasic/Documents/proyecto3/arqui-comp-proyecto-3/runs/RUN_2025.10.29_02.02.39/results/routing/computer.odb'…
define_corners Typical
read_liberty -corner Typical /home/zerotoasic/asic_tools/pdk/sky130A/libs.ref/sky130_fd_sc_hd/lib/sky130_fd_sc_hd__tt_025C_1v80.lib
Using 1e-12 for capacitance...
Using 1e+03 for resistance...
Using 1e-09 for time...
Using 1e+00 for voltage...
Using 1e-03 for current...
Using 1e-09 for power...
Using 1e-06 for distance...
Reading design constraints file at '/home/zerotoasic/Documents/proyecto3/arqui-comp-proyecto-3/runs/RUN_2025.10.29_02.02.39/tmp/17-computer.sdc'…
Net: clk
  Pin: _03_/CLK (sky130_fd_sc_hd__dfrtp_1)
    Layer: met2
      Partial area ratio:    9.85
      Required ratio:    0.00 (Gate area) 
      Partial area ratio:   49.88
      Required ratio:  400.00 (Side area) 
      Cumulative area ratio:  143.64
      Required ratio:    0.00 (Cumulative area) 
      Cumulative area ratio:  719.42
      Required ratio:    0.00 (Cumulative side area) 

    Layer: met1
      Partial area ratio:  133.78
      Required ratio:    0.00 (Gate area) 
      Partial area ratio:  669.53
      Required ratio:  400.00 (Side area) (VIOLATED)
      Cumulative area ratio:  133.78
      Required ratio:    0.00 (Cumulative area) 
      Cumulative area ratio:  669.53
      Required ratio:    0.00 (Cumulative side area) 

    Layer: li1
      Partial area ratio:    0.00
      Required ratio:    0.00 (Gate area) 
      Partial area ratio:    0.00
      Required ratio:   75.00 (Side area) 
      Cumulative area ratio:    0.00
      Required ratio:    0.00 (Cumulative area) 
      Cumulative area ratio:    0.00
      Required ratio:    0.00 (Cumulative side area) 

    Via: M1M2_PR
      Partial area ratio:    0.14
      Required ratio:    6.00 (Gate area) 
      Cumulative area ratio:    0.32
      Required ratio:    0.00 (Cumulative area) 

    Via: L1M1_PR_MR
      Partial area ratio:    0.18
      Required ratio:    3.00 (Gate area) 
      Cumulative area ratio:    0.18
      Required ratio:    0.00 (Cumulative area) 


[INFO ANT-0002] Found 1 net violations.
[INFO ANT-0001] Found 1 pin violations.
