OpenROAD 41a51eaf4ca2171c92ff38afb91eb37bbd3f36da 
This program is licensed under the BSD-3 license. See the LICENSE file for details.
Components of this program may be licensed under more restrictive licenses which must be honored.
[INFO]: Reading ODB at '/home/zerotoasic/Documents/proyecto3/arqui-comp-proyecto-3/runs/computer_final/tmp/placement/9-resizer.odb'…
define_corners Typical
read_liberty -corner Typical /home/zerotoasic/asic_tools/pdk/sky130A/libs.ref/sky130_fd_sc_hd/lib/sky130_fd_sc_hd__tt_025C_1v80.lib
Using 1e-12 for capacitance...
Using 1e+03 for resistance...
Using 1e-09 for time...
Using 1e+00 for voltage...
Using 1e-03 for current...
Using 1e-09 for power...
Using 1e-06 for distance...
Reading design constraints file at '/home/zerotoasic/Documents/proyecto3/arqui-comp-proyecto-3/runs/computer_final/tmp/placement/9-resizer.sdc'…
Placement Analysis
---------------------------------
total displacement          0.0 u
average displacement        0.0 u
max displacement            0.0 u
original HPWL           12121.6 u
legalized HPWL          12314.8 u
delta HPWL                    2 %

[INFO DPL-0020] Mirrored 111 instances
[INFO DPL-0021] HPWL before           12314.8 u
[INFO DPL-0022] HPWL after            12121.6 u
[INFO DPL-0023] HPWL delta               -1.6 %
Setting global connections for newly added cells…
Writing OpenROAD database to '/home/zerotoasic/Documents/proyecto3/arqui-comp-proyecto-3/runs/computer_final/results/placement/computer.odb'…
Writing netlist to '/home/zerotoasic/Documents/proyecto3/arqui-comp-proyecto-3/runs/computer_final/results/placement/computer.nl.v'…
Writing powered netlist to '/home/zerotoasic/Documents/proyecto3/arqui-comp-proyecto-3/runs/computer_final/results/placement/computer.pnl.v'…
Writing layout to '/home/zerotoasic/Documents/proyecto3/arqui-comp-proyecto-3/runs/computer_final/results/placement/computer.def'…
