OpenROAD 41a51eaf4ca2171c92ff38afb91eb37bbd3f36da 
This program is licensed under the BSD-3 license. See the LICENSE file for details.
Components of this program may be licensed under more restrictive licenses which must be honored.
[INFO]: Reading ODB at '/home/zerotoasic/Documents/proyecto3/arqui-comp-proyecto-3/runs/computer_final/results/floorplan/computer.odb'…
define_corners Typical
read_liberty -corner Typical /home/zerotoasic/asic_tools/pdk/sky130A/libs.ref/sky130_fd_sc_hd/lib/sky130_fd_sc_hd__tt_025C_1v80.lib
Using 1e-12 for capacitance...
Using 1e+03 for resistance...
Using 1e-09 for time...
Using 1e+00 for voltage...
Using 1e-03 for current...
Using 1e-09 for power...
Using 1e-06 for distance...
Reading design constraints file at '/home/zerotoasic/Documents/proyecto3/arqui-comp-proyecto-3/runs/computer_final/tmp/floorplan/3-initial_fp.sdc'…
[INFO]: Setting RC values...
[INFO]: Setting signal min routing layer to: met1 and clock min routing layer to met1. 
[INFO]: Setting signal max routing layer to: met5 and clock max routing layer to met5. 
[INFO GPL-0002] DBU: 1000
[INFO GPL-0003] SiteSize: 460 2720
[INFO GPL-0004] CoreAreaLxLy: 10120 10880
[INFO GPL-0005] CoreAreaUxUy: 389620 388960
[INFO GPL-0006] NumInstances: 2554
[INFO GPL-0007] NumPlaceInstances: 232
[INFO GPL-0008] NumFixedInstances: 2322
[INFO GPL-0009] NumDummyInstances: 0
[INFO GPL-0010] NumNets: 234
[INFO GPL-0011] NumPins: 845
[INFO GPL-0012] DieAreaLxLy: 0 0
[INFO GPL-0013] DieAreaUxUy: 400000 400000
[INFO GPL-0014] CoreAreaLxLy: 10120 10880
[INFO GPL-0015] CoreAreaUxUy: 389620 388960
[INFO GPL-0016] CoreArea: 143481360000
[INFO GPL-0017] NonPlaceInstsArea: 3600953600
[INFO GPL-0018] PlaceInstsArea: 2310966400
[INFO GPL-0019] Util(%): 1.65
[INFO GPL-0020] StdInstsArea: 2310966400
[INFO GPL-0021] MacroInstsArea: 0
[InitialPlace]  Iter: 1 CG residual: 0.00000010 HPWL: 13421580
[InitialPlace]  Iter: 2 CG residual: 0.00000005 HPWL: 10526543
[InitialPlace]  Iter: 3 CG residual: 0.00000007 HPWL: 10521040
[InitialPlace]  Iter: 4 CG residual: 0.00000007 HPWL: 10531134
[InitialPlace]  Iter: 5 CG residual: 0.00000010 HPWL: 10530330
[INFO GPL-0031] FillerInit: NumGCells: 3725
[INFO GPL-0032] FillerInit: NumGNets: 234
[INFO GPL-0033] FillerInit: NumGPins: 845
[INFO GPL-0023] TargetDensity: 0.25
[INFO GPL-0024] AveragePlaceInstArea: 9961062
[INFO GPL-0025] IdealBinArea: 39844248
[INFO GPL-0026] IdealBinCnt: 3601
[INFO GPL-0027] TotalBinArea: 143481360000
[INFO GPL-0028] BinCnt: 32 32
[INFO GPL-0029] BinSize: 11860 11815
[INFO GPL-0030] NumBins: 1024
[NesterovSolve] Iter: 1 overflow: 0.697568 HPWL: 11048659
[INFO GPL-0100] worst slack 1.48e-08
[INFO GPL-0103] Weighted 23 nets.
[INFO GPL-0100] worst slack 1.48e-08
[INFO GPL-0103] Weighted 23 nets.
[NesterovSolve] Snapshot saved at iter = 3
[NesterovSolve] Iter: 10 overflow: 0.540022 HPWL: 11244927
[NesterovSolve] Iter: 20 overflow: 0.520836 HPWL: 11331575
[NesterovSolve] Iter: 30 overflow: 0.517446 HPWL: 11366715
[NesterovSolve] Iter: 40 overflow: 0.514978 HPWL: 11425842
[NesterovSolve] Iter: 50 overflow: 0.51313 HPWL: 11453743
[NesterovSolve] Iter: 60 overflow: 0.511541 HPWL: 11439796
[NesterovSolve] Iter: 70 overflow: 0.509575 HPWL: 11409075
[NesterovSolve] Iter: 80 overflow: 0.508988 HPWL: 11398116
[NesterovSolve] Iter: 90 overflow: 0.509208 HPWL: 11421263
[NesterovSolve] Iter: 100 overflow: 0.509636 HPWL: 11424474
[NesterovSolve] Iter: 110 overflow: 0.51083 HPWL: 11439206
[NesterovSolve] Iter: 120 overflow: 0.511051 HPWL: 11454310
[NesterovSolve] Iter: 130 overflow: 0.510992 HPWL: 11456020
[NesterovSolve] Iter: 140 overflow: 0.510479 HPWL: 11454031
[NesterovSolve] Iter: 150 overflow: 0.509625 HPWL: 11452448
[NesterovSolve] Iter: 160 overflow: 0.509101 HPWL: 11462484
[NesterovSolve] Iter: 170 overflow: 0.508181 HPWL: 11464135
[NesterovSolve] Iter: 180 overflow: 0.506597 HPWL: 11448689
[NesterovSolve] Iter: 190 overflow: 0.503872 HPWL: 11418289
[NesterovSolve] Iter: 200 overflow: 0.501159 HPWL: 11426260
[NesterovSolve] Iter: 210 overflow: 0.497253 HPWL: 11442081
[NesterovSolve] Iter: 220 overflow: 0.488839 HPWL: 11437153
[NesterovSolve] Iter: 230 overflow: 0.474648 HPWL: 11376628
[NesterovSolve] Iter: 240 overflow: 0.459594 HPWL: 11382774
[NesterovSolve] Iter: 250 overflow: 0.437264 HPWL: 11385450
[NesterovSolve] Iter: 260 overflow: 0.402748 HPWL: 11384169
[NesterovSolve] Iter: 270 overflow: 0.366839 HPWL: 11416274
[NesterovSolve] Iter: 280 overflow: 0.330464 HPWL: 11486197
[NesterovSolve] Iter: 290 overflow: 0.290215 HPWL: 11522541
[INFO GPL-0100] worst slack 1.48e-08
[INFO GPL-0103] Weighted 23 nets.
[NesterovSolve] Iter: 300 overflow: 0.255089 HPWL: 11577769
[NesterovSolve] Iter: 310 overflow: 0.216174 HPWL: 11647572
[INFO GPL-0100] worst slack 1.48e-08
[INFO GPL-0103] Weighted 23 nets.
[INFO GPL-0075] Routability numCall: 1 inflationIterCnt: 1 bloatIterCnt: 0
[INFO GPL-0036] TileLxLy: 0 0
[INFO GPL-0037] TileSize: 6900 6900
[INFO GPL-0038] TileCnt: 57 57
[INFO GPL-0039] numRoutingLayers: 6
[INFO GPL-0040] NumTiles: 3249
[INFO GPL-0063] TotalRouteOverflowH2: 0.0
[INFO GPL-0064] TotalRouteOverflowV2: 0.0
[INFO GPL-0065] OverflowTileCnt2: 0
[INFO GPL-0066] 0.5%RC: 0.8510638323236019
[INFO GPL-0067] 1.0%RC: 0.772580639649463
[INFO GPL-0068] 2.0%RC: 0.6978378363557765
[INFO GPL-0069] 5.0%RC: 0.6174242509391917
[INFO GPL-0070] 0.5rcK: 1.0
[INFO GPL-0071] 1.0rcK: 1.0
[INFO GPL-0072] 2.0rcK: 0.0
[INFO GPL-0073] 5.0rcK: 0.0
[INFO GPL-0074] FinalRC: 0.81182224
[NesterovSolve] Iter: 320 overflow: 0.1837 HPWL: 11744449
[NesterovSolve] Iter: 330 overflow: 0.155749 HPWL: 11815181
[INFO GPL-0100] worst slack 1.48e-08
[INFO GPL-0103] Weighted 23 nets.
[NesterovSolve] Iter: 340 overflow: 0.132668 HPWL: 11895224
[NesterovSolve] Iter: 350 overflow: 0.108788 HPWL: 11953348
[NesterovSolve] Finished with Overflow: 0.099641
Setting global connections for newly added cells…
Writing OpenROAD database to '/home/zerotoasic/Documents/proyecto3/arqui-comp-proyecto-3/runs/computer_final/tmp/placement/7-global.odb'…
Writing netlist to '/home/zerotoasic/Documents/proyecto3/arqui-comp-proyecto-3/runs/computer_final/tmp/placement/7-global.nl.v'…
Writing powered netlist to '/home/zerotoasic/Documents/proyecto3/arqui-comp-proyecto-3/runs/computer_final/tmp/placement/7-global.pnl.v'…
Writing layout to '/home/zerotoasic/Documents/proyecto3/arqui-comp-proyecto-3/runs/computer_final/tmp/placement/7-global.def'…
