
71. Executing CHECK pass (checking for obvious problems).
Checking module computer...
Warning: Wire computer.\last_opcode_out [6] is used but has no driver.
Warning: Wire computer.\last_opcode_out [5] is used but has no driver.
Warning: Wire computer.\last_opcode_out [4] is used but has no driver.
Warning: Wire computer.\last_opcode_out [3] is used but has no driver.
Warning: Wire computer.\last_opcode_out [2] is used but has no driver.
Warning: Wire computer.\last_opcode_out [1] is used but has no driver.
Warning: Wire computer.\last_opcode_out [0] is used but has no driver.
Warning: Wire computer.\flags_out [3] is used but has no driver.
Warning: Wire computer.\flags_out [2] is used but has no driver.
Warning: Wire computer.\flags_out [1] is used but has no driver.
Warning: Wire computer.\flags_out [0] is used but has no driver.
Warning: Wire computer.\B_out [7] is used but has no driver.
Warning: Wire computer.\B_out [6] is used but has no driver.
Warning: Wire computer.\B_out [5] is used but has no driver.
Warning: Wire computer.\B_out [4] is used but has no driver.
Warning: Wire computer.\B_out [3] is used but has no driver.
Warning: Wire computer.\B_out [2] is used but has no driver.
Warning: Wire computer.\B_out [1] is used but has no driver.
Warning: Wire computer.\B_out [0] is used but has no driver.
Warning: Wire computer.\A_out [7] is used but has no driver.
Warning: Wire computer.\A_out [6] is used but has no driver.
Warning: Wire computer.\A_out [5] is used but has no driver.
Warning: Wire computer.\A_out [4] is used but has no driver.
Warning: Wire computer.\A_out [3] is used but has no driver.
Warning: Wire computer.\A_out [2] is used but has no driver.
Warning: Wire computer.\A_out [1] is used but has no driver.
Warning: Wire computer.\A_out [0] is used but has no driver.
Found and reported 27 problems.
