OpenROAD 41a51eaf4ca2171c92ff38afb91eb37bbd3f36da 
This program is licensed under the BSD-3 license. See the LICENSE file for details.
Components of this program may be licensed under more restrictive licenses which must be honored.
[INFO]: Reading ODB at '/home/zerotoasic/Documents/proyecto3/arqui-comp-proyecto-3/runs/computer_final/tmp/routing/22-fill.odb'…
define_corners Typical
read_liberty -corner Typical /home/zerotoasic/asic_tools/pdk/sky130A/libs.ref/sky130_fd_sc_hd/lib/sky130_fd_sc_hd__tt_025C_1v80.lib
Using 1e-12 for capacitance...
Using 1e+03 for resistance...
Using 1e-09 for time...
Using 1e+00 for voltage...
Using 1e-03 for current...
Using 1e-09 for power...
Using 1e-06 for distance...
Reading design constraints file at '/home/zerotoasic/Documents/proyecto3/arqui-comp-proyecto-3/runs/computer_final/tmp/17-computer.sdc'…
[INFO ORD-0030] Using 2 thread(s).
[INFO DRT-0149] Reading tech and libs.

Units:                1000
Number of layers:     13
Number of macros:     441
Number of vias:       25
Number of viarulegen: 25

[INFO DRT-0150] Reading design.

Design:                   computer
Die area:                 ( 0 0 ) ( 400000 400000 )
Number of track patterns: 12
Number of DEF vias:       0
Number of components:     14791
Number of terminals:      31
Number of snets:          2
Number of nets:           270

[INFO DRT-0167] List of default vias:
  Layer mcon
    default via: L1M1_PR
  Layer via
    default via: M1M2_PR
  Layer via2
    default via: M2M3_PR
  Layer via3
    default via: M3M4_PR
  Layer via4
    default via: M4M5_PR
[INFO DRT-0162] Library cell analysis.
[INFO DRT-0163] Instance analysis.
  Complete 10000 instances.
[INFO DRT-0164] Number of unique instances = 143.
[INFO DRT-0168] Init region query.
[INFO DRT-0018]   Complete 10000 insts.
[INFO DRT-0024]   Complete FR_MASTERSLICE.
[INFO DRT-0024]   Complete Fr_VIA.
[INFO DRT-0024]   Complete li1.
[INFO DRT-0024]   Complete mcon.
[INFO DRT-0024]   Complete met1.
[INFO DRT-0024]   Complete via.
[INFO DRT-0024]   Complete met2.
[INFO DRT-0024]   Complete via2.
[INFO DRT-0024]   Complete met3.
[INFO DRT-0024]   Complete via3.
[INFO DRT-0024]   Complete met4.
[INFO DRT-0024]   Complete via4.
[INFO DRT-0024]   Complete met5.
[INFO DRT-0033] FR_MASTERSLICE shape region query size = 0.
[INFO DRT-0033] FR_VIA shape region query size = 0.
[INFO DRT-0033] li1 shape region query size = 81986.
[INFO DRT-0033] mcon shape region query size = 213774.
[INFO DRT-0033] met1 shape region query size = 30702.
[INFO DRT-0033] via shape region query size = 2100.
[INFO DRT-0033] met2 shape region query size = 1275.
[INFO DRT-0033] via2 shape region query size = 1680.
[INFO DRT-0033] met3 shape region query size = 1274.
[INFO DRT-0033] via3 shape region query size = 1680.
[INFO DRT-0033] met4 shape region query size = 450.
[INFO DRT-0033] via4 shape region query size = 18.
[INFO DRT-0033] met5 shape region query size = 30.
[INFO DRT-0165] Start pin access.
[INFO DRT-0076]   Complete 100 pins.
[INFO DRT-0076]   Complete 200 pins.
[INFO DRT-0076]   Complete 300 pins.
[INFO DRT-0076]   Complete 400 pins.
[INFO DRT-0078]   Complete 461 pins.
[INFO DRT-0079]   Complete 100 unique inst patterns.
[INFO DRT-0081]   Complete 125 unique inst patterns.
[INFO DRT-0084]   Complete 202 groups.
#scanned instances     = 14791
#unique  instances     = 143
#stdCellGenAp          = 3671
#stdCellValidPlanarAp  = 24
#stdCellValidViaAp     = 2837
#stdCellPinNoAp        = 0
#stdCellPinCnt         = 888
#instTermValidViaApCnt = 0
#macroGenAp            = 0
#macroValidPlanarAp    = 0
#macroValidViaAp       = 0
#macroNoAp             = 0
[INFO DRT-0166] Complete pin access.
[INFO DRT-0267] cpu time = 00:00:12, elapsed time = 00:00:06, memory = 149.01 (MB), peak = 152.44 (MB)

Number of guides:     2101

[INFO DRT-0169] Post process guides.
[INFO DRT-0176] GCELLGRID X 0 DO 57 STEP 6900 ;
[INFO DRT-0177] GCELLGRID Y 0 DO 57 STEP 6900 ;
[INFO DRT-0028]   Complete FR_MASTERSLICE.
[INFO DRT-0028]   Complete Fr_VIA.
[INFO DRT-0028]   Complete li1.
[INFO DRT-0028]   Complete mcon.
[INFO DRT-0028]   Complete met1.
[INFO DRT-0028]   Complete via.
[INFO DRT-0028]   Complete met2.
[INFO DRT-0028]   Complete via2.
[INFO DRT-0028]   Complete met3.
[INFO DRT-0028]   Complete via3.
[INFO DRT-0028]   Complete met4.
[INFO DRT-0028]   Complete via4.
[INFO DRT-0028]   Complete met5.
[INFO DRT-0178] Init guide query.
[INFO DRT-0035]   Complete FR_MASTERSLICE (guide).
[INFO DRT-0035]   Complete Fr_VIA (guide).
[INFO DRT-0035]   Complete li1 (guide).
[INFO DRT-0035]   Complete mcon (guide).
[INFO DRT-0035]   Complete met1 (guide).
[INFO DRT-0035]   Complete via (guide).
[INFO DRT-0035]   Complete met2 (guide).
[INFO DRT-0035]   Complete via2 (guide).
[INFO DRT-0035]   Complete met3 (guide).
[INFO DRT-0035]   Complete via3 (guide).
[INFO DRT-0035]   Complete met4 (guide).
[INFO DRT-0035]   Complete via4 (guide).
[INFO DRT-0035]   Complete met5 (guide).
[INFO DRT-0036] FR_MASTERSLICE guide region query size = 0.
[INFO DRT-0036] FR_VIA guide region query size = 0.
[INFO DRT-0036] li1 guide region query size = 712.
[INFO DRT-0036] mcon guide region query size = 0.
[INFO DRT-0036] met1 guide region query size = 589.
[INFO DRT-0036] via guide region query size = 0.
[INFO DRT-0036] met2 guide region query size = 320.
[INFO DRT-0036] via2 guide region query size = 0.
[INFO DRT-0036] met3 guide region query size = 14.
[INFO DRT-0036] via3 guide region query size = 0.
[INFO DRT-0036] met4 guide region query size = 0.
[INFO DRT-0036] via4 guide region query size = 0.
[INFO DRT-0036] met5 guide region query size = 0.
[INFO DRT-0179] Init gr pin query.
[INFO DRT-0245] skipped writing guide updates to database.
[INFO DRT-0185] Post process initialize RPin region query.
[INFO DRT-0181] Start track assignment.
[INFO DRT-0184] Done with 1032 vertical wires in 2 frboxes and 603 horizontal wires in 2 frboxes.
[INFO DRT-0186] Done with 52 vertical wires in 2 frboxes and 131 horizontal wires in 2 frboxes.
[INFO DRT-0182] Complete track assignment.
[INFO DRT-0267] cpu time = 00:00:00, elapsed time = 00:00:00, memory = 159.57 (MB), peak = 187.65 (MB)
[INFO DRT-0187] Start routing data preparation.
[INFO DRT-0267] cpu time = 00:00:00, elapsed time = 00:00:00, memory = 159.57 (MB), peak = 187.65 (MB)
[INFO DRT-0194] Start detail routing.
[INFO DRT-0195] Start 0th optimization iteration.
    Completing 10% with 0 violations.
    elapsed time = 00:00:00, memory = 210.20 (MB).
    Completing 20% with 0 violations.
    elapsed time = 00:00:00, memory = 283.20 (MB).
    Completing 30% with 0 violations.
    elapsed time = 00:00:00, memory = 297.20 (MB).
    Completing 40% with 16 violations.
    elapsed time = 00:00:00, memory = 297.57 (MB).
    Completing 50% with 16 violations.
    elapsed time = 00:00:01, memory = 299.45 (MB).
    Completing 60% with 27 violations.
    elapsed time = 00:00:01, memory = 274.23 (MB).
    Completing 70% with 27 violations.
    elapsed time = 00:00:01, memory = 274.23 (MB).
    Completing 80% with 27 violations.
    elapsed time = 00:00:02, memory = 305.10 (MB).
    Completing 90% with 55 violations.
    elapsed time = 00:00:02, memory = 248.43 (MB).
    Completing 100% with 62 violations.
    elapsed time = 00:00:02, memory = 275.91 (MB).
[INFO DRT-0199]   Number of violations = 100.
Viol/Layer        met1   met2   met3
Metal Spacing       19      0      3
Min Hole             1      0      0
Recheck             31      7      0
Short               38      1      0
[INFO DRT-0267] cpu time = 00:00:05, elapsed time = 00:00:03, memory = 574.41 (MB), peak = 574.41 (MB)
Total wire length = 13380 um.
Total wire length on LAYER li1 = 0 um.
Total wire length on LAYER met1 = 6446 um.
Total wire length on LAYER met2 = 6829 um.
Total wire length on LAYER met3 = 104 um.
Total wire length on LAYER met4 = 0 um.
Total wire length on LAYER met5 = 0 um.
Total number of vias = 1792.
Up-via summary (total 1792):.

-----------------------
 FR_MASTERSLICE       0
            li1     860
           met1     918
           met2      14
           met3       0
           met4       0
-----------------------
                   1792


[INFO DRT-0195] Start 1st optimization iteration.
    Completing 10% with 100 violations.
    elapsed time = 00:00:00, memory = 536.98 (MB).
    Completing 20% with 100 violations.
    elapsed time = 00:00:00, memory = 581.23 (MB).
    Completing 30% with 100 violations.
    elapsed time = 00:00:00, memory = 594.73 (MB).
    Completing 40% with 92 violations.
    elapsed time = 00:00:00, memory = 576.07 (MB).
    Completing 50% with 92 violations.
    elapsed time = 00:00:01, memory = 589.07 (MB).
    Completing 60% with 82 violations.
    elapsed time = 00:00:01, memory = 576.87 (MB).
    Completing 70% with 82 violations.
    elapsed time = 00:00:01, memory = 576.87 (MB).
    Completing 80% with 82 violations.
    elapsed time = 00:00:01, memory = 580.99 (MB).
    Completing 90% with 51 violations.
    elapsed time = 00:00:02, memory = 547.34 (MB).
    Completing 100% with 20 violations.
    elapsed time = 00:00:03, memory = 607.84 (MB).
[INFO DRT-0199]   Number of violations = 20.
Viol/Layer        met1   met2
Metal Spacing        6      0
Short               13      1
[INFO DRT-0267] cpu time = 00:00:05, elapsed time = 00:00:03, memory = 607.97 (MB), peak = 607.97 (MB)
Total wire length = 13370 um.
Total wire length on LAYER li1 = 0 um.
Total wire length on LAYER met1 = 6424 um.
Total wire length on LAYER met2 = 6822 um.
Total wire length on LAYER met3 = 124 um.
Total wire length on LAYER met4 = 0 um.
Total wire length on LAYER met5 = 0 um.
Total number of vias = 1773.
Up-via summary (total 1773):.

-----------------------
 FR_MASTERSLICE       0
            li1     860
           met1     897
           met2      16
           met3       0
           met4       0
-----------------------
                   1773


[INFO DRT-0195] Start 2nd optimization iteration.
    Completing 10% with 20 violations.
    elapsed time = 00:00:00, memory = 607.97 (MB).
    Completing 20% with 20 violations.
    elapsed time = 00:00:00, memory = 607.97 (MB).
    Completing 30% with 20 violations.
    elapsed time = 00:00:00, memory = 607.97 (MB).
    Completing 40% with 19 violations.
    elapsed time = 00:00:00, memory = 607.97 (MB).
    Completing 50% with 19 violations.
    elapsed time = 00:00:00, memory = 607.97 (MB).
    Completing 60% with 19 violations.
    elapsed time = 00:00:00, memory = 607.97 (MB).
    Completing 70% with 19 violations.
    elapsed time = 00:00:00, memory = 575.14 (MB).
    Completing 80% with 19 violations.
    elapsed time = 00:00:00, memory = 575.14 (MB).
    Completing 90% with 28 violations.
    elapsed time = 00:00:00, memory = 519.18 (MB).
    Completing 100% with 36 violations.
    elapsed time = 00:00:01, memory = 511.74 (MB).
[INFO DRT-0199]   Number of violations = 36.
Viol/Layer        met1
Metal Spacing       11
Short               25
[INFO DRT-0267] cpu time = 00:00:01, elapsed time = 00:00:01, memory = 511.99 (MB), peak = 607.97 (MB)
Total wire length = 13407 um.
Total wire length on LAYER li1 = 0 um.
Total wire length on LAYER met1 = 6459 um.
Total wire length on LAYER met2 = 6824 um.
Total wire length on LAYER met3 = 123 um.
Total wire length on LAYER met4 = 0 um.
Total wire length on LAYER met5 = 0 um.
Total number of vias = 1771.
Up-via summary (total 1771):.

-----------------------
 FR_MASTERSLICE       0
            li1     860
           met1     895
           met2      16
           met3       0
           met4       0
-----------------------
                   1771


[INFO DRT-0195] Start 3rd optimization iteration.
    Completing 10% with 36 violations.
    elapsed time = 00:00:00, memory = 511.99 (MB).
    Completing 20% with 36 violations.
    elapsed time = 00:00:00, memory = 526.74 (MB).
    Completing 30% with 36 violations.
    elapsed time = 00:00:00, memory = 526.74 (MB).
    Completing 40% with 25 violations.
    elapsed time = 00:00:00, memory = 526.74 (MB).
    Completing 50% with 25 violations.
    elapsed time = 00:00:00, memory = 511.60 (MB).
    Completing 60% with 16 violations.
    elapsed time = 00:00:01, memory = 511.76 (MB).
    Completing 70% with 16 violations.
    elapsed time = 00:00:01, memory = 511.76 (MB).
    Completing 80% with 16 violations.
    elapsed time = 00:00:01, memory = 534.76 (MB).
    Completing 90% with 11 violations.
    elapsed time = 00:00:01, memory = 511.82 (MB).
    Completing 100% with 1 violations.
    elapsed time = 00:00:02, memory = 511.82 (MB).
[INFO DRT-0199]   Number of violations = 1.
Viol/Layer        met1
Metal Spacing        1
[INFO DRT-0267] cpu time = 00:00:02, elapsed time = 00:00:02, memory = 511.82 (MB), peak = 607.97 (MB)
Total wire length = 13402 um.
Total wire length on LAYER li1 = 0 um.
Total wire length on LAYER met1 = 6409 um.
Total wire length on LAYER met2 = 6837 um.
Total wire length on LAYER met3 = 155 um.
Total wire length on LAYER met4 = 0 um.
Total wire length on LAYER met5 = 0 um.
Total number of vias = 1786.
Up-via summary (total 1786):.

-----------------------
 FR_MASTERSLICE       0
            li1     860
           met1     903
           met2      23
           met3       0
           met4       0
-----------------------
                   1786


[INFO DRT-0195] Start 4th optimization iteration.
    Completing 10% with 1 violations.
    elapsed time = 00:00:00, memory = 511.82 (MB).
    Completing 20% with 1 violations.
    elapsed time = 00:00:00, memory = 511.82 (MB).
    Completing 30% with 1 violations.
    elapsed time = 00:00:00, memory = 511.82 (MB).
    Completing 40% with 1 violations.
    elapsed time = 00:00:00, memory = 511.82 (MB).
    Completing 50% with 1 violations.
    elapsed time = 00:00:00, memory = 511.82 (MB).
    Completing 60% with 1 violations.
    elapsed time = 00:00:00, memory = 511.82 (MB).
    Completing 70% with 1 violations.
    elapsed time = 00:00:00, memory = 511.82 (MB).
    Completing 80% with 1 violations.
    elapsed time = 00:00:00, memory = 511.82 (MB).
    Completing 90% with 1 violations.
    elapsed time = 00:00:00, memory = 511.82 (MB).
    Completing 100% with 0 violations.
    elapsed time = 00:00:00, memory = 511.82 (MB).
[INFO DRT-0199]   Number of violations = 0.
[INFO DRT-0267] cpu time = 00:00:00, elapsed time = 00:00:00, memory = 511.82 (MB), peak = 607.97 (MB)
Total wire length = 13402 um.
Total wire length on LAYER li1 = 0 um.
Total wire length on LAYER met1 = 6409 um.
Total wire length on LAYER met2 = 6837 um.
Total wire length on LAYER met3 = 155 um.
Total wire length on LAYER met4 = 0 um.
Total wire length on LAYER met5 = 0 um.
Total number of vias = 1786.
Up-via summary (total 1786):.

-----------------------
 FR_MASTERSLICE       0
            li1     860
           met1     903
           met2      23
           met3       0
           met4       0
-----------------------
                   1786


[INFO DRT-0198] Complete detail routing.
Total wire length = 13402 um.
Total wire length on LAYER li1 = 0 um.
Total wire length on LAYER met1 = 6409 um.
Total wire length on LAYER met2 = 6837 um.
Total wire length on LAYER met3 = 155 um.
Total wire length on LAYER met4 = 0 um.
Total wire length on LAYER met5 = 0 um.
Total number of vias = 1786.
Up-via summary (total 1786):.

-----------------------
 FR_MASTERSLICE       0
            li1     860
           met1     903
           met2      23
           met3       0
           met4       0
-----------------------
                   1786


[INFO DRT-0267] cpu time = 00:00:15, elapsed time = 00:00:10, memory = 511.82 (MB), peak = 607.97 (MB)

[INFO DRT-0180] Post processing.
Setting global connections for newly added cells…
Writing OpenROAD database to '/home/zerotoasic/Documents/proyecto3/arqui-comp-proyecto-3/runs/computer_final/results/routing/computer.odb'…
Writing netlist to '/home/zerotoasic/Documents/proyecto3/arqui-comp-proyecto-3/runs/computer_final/results/routing/computer.nl.v'…
Writing powered netlist to '/home/zerotoasic/Documents/proyecto3/arqui-comp-proyecto-3/runs/computer_final/results/routing/computer.pnl.v'…
Writing layout to '/home/zerotoasic/Documents/proyecto3/arqui-comp-proyecto-3/runs/computer_final/results/routing/computer.def'…
