
===========================================================================
report_checks -unconstrained
===========================================================================
======================= Typical Corner ===================================

Startpoint: rst (input port clocked by clk)
Endpoint: _03_ (recovery check against rising-edge clock clk)
Path Group: asynchronous
Path Type: max

Fanout     Cap    Slew   Delay    Time   Description
-----------------------------------------------------------------------------
                  0.15    0.00    0.00   clock clk (rise edge)
                          0.00    0.00   clock network delay (ideal)
                          4.00    4.00 v input external delay
                  0.01    0.01    4.01 v rst (in)
     1    0.00                           rst (net)
                  0.01    0.00    4.01 v _02_/A (sky130_fd_sc_hd__inv_2)
                  0.02    0.03    4.04 ^ _02_/Y (sky130_fd_sc_hd__inv_2)
     1    0.00                           _00_ (net)
                  0.02    0.00    4.04 ^ _03_/RESET_B (sky130_fd_sc_hd__dfrtp_2)
                                  4.04   data arrival time

                  0.15   20.00   20.00   clock clk (rise edge)
                          0.00   20.00   clock network delay (ideal)
                         -0.25   19.75   clock uncertainty
                          0.00   19.75   clock reconvergence pessimism
                                 19.75 ^ _03_/CLK (sky130_fd_sc_hd__dfrtp_2)
                          0.26   20.01   library recovery time
                                 20.01   data required time
-----------------------------------------------------------------------------
                                 20.01   data required time
                                 -4.04   data arrival time
-----------------------------------------------------------------------------
                                 15.97   slack (MET)


Startpoint: _03_ (rising edge-triggered flip-flop clocked by clk)
Endpoint: flags_out[3] (output port clocked by clk)
Path Group: clk
Path Type: max

Fanout     Cap    Slew   Delay    Time   Description
-----------------------------------------------------------------------------
                  0.15    0.00    0.00   clock clk (rise edge)
                          0.00    0.00   clock network delay (ideal)
                  0.15    0.00    0.00 ^ _03_/CLK (sky130_fd_sc_hd__dfrtp_2)
                  0.11    0.53    0.53 v _03_/Q (sky130_fd_sc_hd__dfrtp_2)
     1    0.03                           flags_out[3] (net)
                  0.11    0.00    0.53 v flags_out[3] (out)
                                  0.53   data arrival time

                  0.15   20.00   20.00   clock clk (rise edge)
                          0.00   20.00   clock network delay (ideal)
                         -0.25   19.75   clock uncertainty
                          0.00   19.75   clock reconvergence pessimism
                         -4.00   15.75   output external delay
                                 15.75   data required time
-----------------------------------------------------------------------------
                                 15.75   data required time
                                 -0.53   data arrival time
-----------------------------------------------------------------------------
                                 15.22   slack (MET)




===========================================================================
report_checks --slack_max -0.01
============================================================================
======================= Typical Corner ===================================

No paths found.


===========================================================================
 report_check_types -max_slew -max_cap -max_fanout -violators
============================================================================
======================= Typical Corner ===================================



===========================================================================
report_parasitic_annotation -report_unannotated
============================================================================
Found 58 unannotated drivers.
 clk
 rst
 _02_/Y
 _03_/Q
 _04_/HI
 _04_/LO
 _05_/HI
 _05_/LO
 _06_/HI
 _06_/LO
 _07_/HI
 _07_/LO
 _08_/HI
 _08_/LO
 _09_/HI
 _09_/LO
 _10_/HI
 _10_/LO
 _11_/HI
 _11_/LO
 _12_/HI
 _12_/LO
 _13_/HI
 _13_/LO
 _14_/HI
 _14_/LO
 _15_/HI
 _15_/LO
 _16_/HI
 _16_/LO
 _17_/HI
 _17_/LO
 _18_/HI
 _18_/LO
 _19_/HI
 _19_/LO
 _20_/HI
 _20_/LO
 _21_/HI
 _21_/LO
 _22_/HI
 _22_/LO
 _23_/HI
 _23_/LO
 _24_/HI
 _24_/LO
 _25_/HI
 _25_/LO
 _26_/HI
 _26_/LO
 _27_/HI
 _27_/LO
 _28_/HI
 _28_/LO
 _29_/HI
 _29_/LO
 _30_/HI
 _30_/LO
Found 0 partially unannotated drivers.

===========================================================================
max slew violation count 0
max fanout violation count 0
max cap violation count 0
============================================================================

===========================================================================
check_setup -verbose -unconstrained_endpoints -multiple_clock -no_clock -no_input_delay -loops -generated_clocks
===========================================================================
Warning: There are 27 unconstrained endpoints.
  A_out[0]
  A_out[1]
  A_out[2]
  A_out[3]
  A_out[4]
  A_out[5]
  A_out[6]
  A_out[7]
  B_out[0]
  B_out[1]
  B_out[2]
  B_out[3]
  B_out[4]
  B_out[5]
  B_out[6]
  B_out[7]
  flags_out[0]
  flags_out[1]
  flags_out[2]
  last_opcode_out[0]
  last_opcode_out[1]
  last_opcode_out[2]
  last_opcode_out[3]
  last_opcode_out[4]
  last_opcode_out[5]
  last_opcode_out[6]
  _03_/D
