Instance name,  X location,  Y location,  Voltage 
FILLER_0_136_693, 333.64, 383.52, 1.8
FILLER_0_134_693, 333.64, 378.08, 1.8
FILLER_0_132_693, 333.64, 372.64, 1.8
FILLER_0_130_693, 333.64, 367.2, 1.8
FILLER_0_128_693, 333.64, 361.76, 1.8
FILLER_0_126_693, 333.64, 356.32, 1.8
FILLER_0_124_693, 333.64, 350.88, 1.8
FILLER_0_122_693, 333.64, 345.44, 1.8
FILLER_0_120_693, 333.64, 340, 1.8
FILLER_0_118_693, 333.64, 334.56, 1.8
FILLER_0_116_693, 333.64, 329.12, 1.8
FILLER_0_114_693, 333.64, 323.68, 1.8
FILLER_0_112_693, 333.64, 318.24, 1.8
FILLER_0_110_693, 333.64, 312.8, 1.8
FILLER_0_108_693, 333.64, 307.36, 1.8
FILLER_0_106_693, 333.64, 301.92, 1.8
FILLER_0_104_693, 333.64, 296.48, 1.8
FILLER_0_102_693, 333.64, 291.04, 1.8
FILLER_0_100_693, 333.64, 285.6, 1.8
FILLER_0_98_693, 333.64, 280.16, 1.8
FILLER_0_96_693, 333.64, 274.72, 1.8
FILLER_0_94_693, 333.64, 269.28, 1.8
FILLER_0_92_693, 333.64, 263.84, 1.8
FILLER_0_90_693, 333.64, 258.4, 1.8
FILLER_0_88_693, 333.64, 252.96, 1.8
FILLER_0_86_693, 333.64, 247.52, 1.8
FILLER_0_84_693, 333.64, 242.08, 1.8
FILLER_0_82_693, 333.64, 236.64, 1.8
FILLER_0_80_693, 333.64, 231.2, 1.8
FILLER_0_78_693, 333.64, 225.76, 1.8
FILLER_0_76_693, 333.64, 220.32, 1.8
FILLER_0_74_693, 333.64, 214.88, 1.8
FILLER_0_72_693, 333.64, 209.44, 1.8
FILLER_0_70_693, 333.64, 204, 1.8
FILLER_0_68_693, 333.64, 198.56, 1.8
FILLER_0_66_693, 333.64, 193.12, 1.8
FILLER_0_64_693, 333.64, 187.68, 1.8
FILLER_0_62_693, 333.64, 182.24, 1.8
FILLER_0_60_693, 333.64, 176.8, 1.8
FILLER_0_58_693, 333.64, 171.36, 1.8
FILLER_0_56_693, 333.64, 165.92, 1.8
FILLER_0_54_693, 333.64, 160.48, 1.8
FILLER_0_52_693, 333.64, 155.04, 1.8
FILLER_0_50_693, 333.64, 149.6, 1.8
FILLER_0_48_693, 333.64, 144.16, 1.8
FILLER_0_46_693, 333.64, 138.72, 1.8
FILLER_0_44_693, 333.64, 133.28, 1.8
FILLER_0_42_693, 333.64, 127.84, 1.8
FILLER_0_40_693, 333.64, 122.4, 1.8
FILLER_0_38_693, 333.64, 116.96, 1.8
FILLER_0_36_693, 333.64, 111.52, 1.8
FILLER_0_34_693, 333.64, 106.08, 1.8
FILLER_0_32_693, 333.64, 100.64, 1.8
FILLER_0_30_693, 333.64, 95.2, 1.8
FILLER_0_28_693, 333.64, 89.76, 1.8
FILLER_0_26_693, 333.64, 84.32, 1.8
FILLER_0_24_693, 333.64, 78.88, 1.8
FILLER_0_22_693, 333.64, 73.44, 1.8
FILLER_0_20_693, 333.64, 68, 1.8
FILLER_0_18_693, 333.64, 62.56, 1.8
FILLER_0_16_693, 333.64, 57.12, 1.8
FILLER_0_14_693, 333.64, 51.68, 1.8
FILLER_0_12_693, 333.64, 46.24, 1.8
FILLER_0_10_693, 333.64, 40.8, 1.8
FILLER_0_8_693, 333.64, 35.36, 1.8
FILLER_0_6_693, 333.64, 29.92, 1.79999
FILLER_0_4_693, 333.64, 24.48, 1.79999
FILLER_0_2_693, 333.64, 19.04, 1.79999
FILLER_0_0_694, 333.64, 13.6, 1.79999
FILLER_0_138_361, 180.04, 388.96, 1.8
FILLER_0_136_357, 180.04, 383.52, 1.8
FILLER_0_134_357, 180.04, 378.08, 1.8
FILLER_0_132_357, 180.04, 372.64, 1.8
FILLER_0_130_357, 180.04, 367.2, 1.8
FILLER_0_128_357, 180.04, 361.76, 1.8
FILLER_0_126_357, 180.04, 356.32, 1.8
FILLER_0_124_357, 180.04, 350.88, 1.8
FILLER_0_122_357, 180.04, 345.44, 1.8
FILLER_0_120_357, 180.04, 340, 1.8
FILLER_0_118_357, 180.04, 334.56, 1.8
FILLER_0_116_357, 180.04, 329.12, 1.8
FILLER_0_114_357, 180.04, 323.68, 1.8
FILLER_0_112_357, 180.04, 318.24, 1.8
FILLER_0_110_357, 180.04, 312.8, 1.8
FILLER_0_108_357, 180.04, 307.36, 1.8
FILLER_0_106_357, 180.04, 301.92, 1.8
FILLER_0_104_357, 180.04, 296.48, 1.8
FILLER_0_102_357, 180.04, 291.04, 1.8
FILLER_0_100_357, 180.04, 285.6, 1.8
FILLER_0_98_357, 180.04, 280.16, 1.8
FILLER_0_96_357, 180.04, 274.72, 1.8
FILLER_0_94_357, 180.04, 269.28, 1.8
FILLER_0_92_357, 180.04, 263.84, 1.8
FILLER_0_90_357, 180.04, 258.4, 1.8
FILLER_0_88_357, 180.04, 252.96, 1.8
FILLER_0_86_357, 180.04, 247.52, 1.8
FILLER_0_84_357, 180.04, 242.08, 1.8
FILLER_0_82_357, 180.04, 236.64, 1.8
FILLER_0_80_357, 180.04, 231.2, 1.8
FILLER_0_78_357, 180.04, 225.76, 1.8
FILLER_0_76_357, 180.04, 220.32, 1.8
FILLER_0_74_357, 180.04, 214.88, 1.8
FILLER_0_72_357, 180.04, 209.44, 1.8
FILLER_0_70_357, 180.04, 204, 1.8
FILLER_0_68_357, 180.04, 198.56, 1.8
FILLER_0_66_357, 180.04, 193.12, 1.8
FILLER_0_64_357, 180.04, 187.68, 1.8
FILLER_0_62_357, 180.04, 182.24, 1.8
FILLER_0_60_357, 180.04, 176.8, 1.8
FILLER_0_58_357, 180.04, 171.36, 1.8
FILLER_0_56_357, 180.04, 165.92, 1.8
FILLER_0_54_357, 180.04, 160.48, 1.8
FILLER_0_52_357, 180.04, 155.04, 1.8
FILLER_0_50_357, 180.04, 149.6, 1.8
FILLER_0_48_357, 180.04, 144.16, 1.8
FILLER_0_46_357, 180.04, 138.72, 1.8
FILLER_0_44_357, 180.04, 133.28, 1.8
FILLER_0_42_357, 180.04, 127.84, 1.8
FILLER_0_40_357, 180.04, 122.4, 1.8
FILLER_0_38_357, 180.04, 116.96, 1.8
FILLER_0_36_357, 180.04, 111.52, 1.8
FILLER_0_34_357, 180.04, 106.08, 1.8
FILLER_0_32_357, 180.04, 100.64, 1.8
FILLER_0_30_357, 180.04, 95.2, 1.8
FILLER_0_28_357, 180.04, 89.76, 1.8
FILLER_0_26_357, 180.04, 84.32, 1.8
FILLER_0_24_357, 180.04, 78.88, 1.8
FILLER_0_22_357, 180.04, 73.44, 1.8
FILLER_0_20_357, 180.04, 68, 1.8
FILLER_0_18_357, 180.04, 62.56, 1.8
FILLER_0_16_357, 180.04, 57.12, 1.8
FILLER_0_14_357, 180.04, 51.68, 1.79999
FILLER_0_12_357, 180.04, 46.24, 1.79999
FILLER_0_10_357, 180.04, 40.8, 1.79999
FILLER_0_8_357, 180.04, 35.36, 1.79999
FILLER_0_6_357, 180.04, 29.92, 1.79999
FILLER_0_4_357, 180.04, 24.48, 1.79999
FILLER_0_0_361, 180.04, 13.6, 1.79999
PHY_276, 10.12, 388.96, 1.8
PHY_277, 389.62, 388.96, 1.8
FILLER_0_138_813, 389.62, 388.96, 1.8
FILLER_0_138_53, 39.24, 388.96, 1.8
computer_26, 52.04, 388.96, 1.8
FILLER_0_138_81, 52.04, 388.96, 1.8
FILLER_0_138_85, 52.04, 388.96, 1.8
FILLER_0_138_106, 64.84, 388.96, 1.8
FILLER_0_138_137, 77.64, 388.96, 1.8
FILLER_0_138_165, 90.44, 388.96, 1.8
FILLER_0_138_193, 103.24, 388.96, 1.8
FILLER_0_138_197, 103.24, 388.96, 1.8
FILLER_0_138_218, 116.04, 388.96, 1.8
FILLER_0_138_249, 128.84, 388.96, 1.8
FILLER_0_138_277, 141.64, 388.96, 1.8
FILLER_0_138_305, 154.44, 388.96, 1.8
FILLER_0_138_333, 167.24, 388.96, 1.8
FILLER_0_138_389, 192.84, 388.96, 1.8
FILLER_0_138_417, 205.64, 388.96, 1.8
computer_6, 218.44, 388.96, 1.8
FILLER_0_138_444, 218.44, 388.96, 1.8
FILLER_0_138_473, 231.24, 388.96, 1.8
FILLER_0_138_501, 244.04, 388.96, 1.8
FILLER_0_138_529, 256.84, 388.96, 1.8
computer_16, 269.64, 388.96, 1.8
FILLER_0_138_557, 269.64, 388.96, 1.8
FILLER_0_138_613, 295.24, 388.96, 1.8
FILLER_0_138_641, 308.04, 388.96, 1.8
computer_13, 320.84, 388.96, 1.8
FILLER_0_138_669, 320.84, 388.96, 1.8
FILLER_0_138_725, 344.836, 388.96, 1.8
computer_17, 378.424, 388.96, 1.8
computer_9, 10.12, 383.52, 1.8
PHY_272, 10.12, 383.52, 1.8
PHY_274, 10.12, 383.52, 1.8
PHY_273, 389.62, 383.52, 1.8
PHY_275, 389.62, 383.52, 1.8
FILLER_0_136_813, 389.62, 383.52, 1.8
FILLER_0_138_18, 18.28, 383.52, 1.8
FILLER_0_137_51, 39.24, 383.52, 1.8
FILLER_0_137_105, 52.04, 383.52, 1.8
FILLER_0_136_133, 77.64, 383.52, 1.8
FILLER_0_137_161, 90.44, 383.52, 1.8
computer_24, 103.24, 383.52, 1.8
FILLER_0_136_189, 103.24, 383.52, 1.8
FILLER_0_137_217, 116.04, 383.52, 1.8
FILLER_0_136_245, 128.84, 383.52, 1.8
FILLER_0_137_273, 141.64, 383.52, 1.8
computer_28, 154.44, 383.52, 1.8
FILLER_0_136_301, 154.44, 383.52, 1.8
FILLER_0_138_325, 154.44, 383.52, 1.8
FILLER_0_137_329, 167.24, 383.52, 1.8
FILLER_0_137_385, 192.84, 383.52, 1.8
FILLER_0_136_413, 205.64, 383.52, 1.8
FILLER_0_138_433, 205.64, 383.52, 1.8
FILLER_0_137_441, 218.44, 383.52, 1.8
FILLER_0_136_469, 231.24, 383.52, 1.8
FILLER_0_137_497, 244.04, 383.52, 1.8
FILLER_0_136_525, 256.84, 383.52, 1.8
FILLER_0_137_553, 269.64, 383.52, 1.8
FILLER_0_136_581, 282.44, 383.52, 1.8
FILLER_0_137_609, 295.24, 383.52, 1.8
FILLER_0_136_637, 308.04, 383.52, 1.8
FILLER_0_137_665, 320.84, 383.52, 1.8
FILLER_0_137_721, 344.836, 383.52, 1.8
FILLER_0_136_749, 356.032, 383.52, 1.8
FILLER_0_138_753, 356.032, 383.52, 1.8
FILLER_0_137_777, 367.228, 383.52, 1.8
FILLER_0_138_781, 367.228, 383.52, 1.8
FILLER_0_138_785, 367.228, 383.52, 1.8
FILLER_0_138_806, 378.424, 383.52, 1.8
PHY_268, 10.12, 378.08, 1.8
PHY_270, 10.12, 378.08, 1.8
PHY_269, 389.62, 378.08, 1.8
PHY_271, 389.62, 378.08, 1.8
FILLER_0_134_813, 389.62, 378.08, 1.8
FILLER_0_135_51, 39.24, 378.08, 1.8
FILLER_0_136_77, 39.24, 378.08, 1.8
FILLER_0_135_105, 52.04, 378.08, 1.8
FILLER_0_134_133, 77.64, 378.08, 1.8
FILLER_0_135_161, 90.44, 378.08, 1.8
FILLER_0_134_189, 103.24, 378.08, 1.8
FILLER_0_135_217, 116.04, 378.08, 1.8
FILLER_0_134_245, 128.84, 378.08, 1.8
FILLER_0_135_273, 141.64, 378.08, 1.8
FILLER_0_134_301, 154.44, 378.08, 1.8
FILLER_0_135_329, 167.24, 378.08, 1.8
FILLER_0_135_385, 192.84, 378.08, 1.8
FILLER_0_134_413, 205.64, 378.08, 1.8
FILLER_0_135_441, 218.44, 378.08, 1.8
FILLER_0_134_469, 231.24, 378.08, 1.8
FILLER_0_135_497, 244.04, 378.08, 1.8
FILLER_0_134_525, 256.84, 378.08, 1.8
FILLER_0_135_553, 269.64, 378.08, 1.8
FILLER_0_134_581, 282.44, 378.08, 1.8
FILLER_0_135_609, 295.24, 378.08, 1.8
FILLER_0_134_637, 308.04, 378.08, 1.8
FILLER_0_135_665, 320.84, 378.08, 1.8
FILLER_0_135_721, 344.836, 378.08, 1.8
FILLER_0_134_749, 356.032, 378.08, 1.8
FILLER_0_135_777, 367.228, 378.08, 1.8
FILLER_0_136_805, 378.424, 378.08, 1.8
PHY_264, 10.12, 372.64, 1.8
PHY_266, 10.12, 372.64, 1.8
computer_15, 389.62, 372.64, 1.8
PHY_265, 389.62, 372.64, 1.8
PHY_267, 389.62, 372.64, 1.8
FILLER_0_132_813, 389.62, 372.64, 1.8
FILLER_0_133_51, 39.24, 372.64, 1.8
FILLER_0_134_77, 39.24, 372.64, 1.8
FILLER_0_133_105, 52.04, 372.64, 1.8
FILLER_0_132_133, 77.64, 372.64, 1.8
FILLER_0_133_161, 90.44, 372.64, 1.8
FILLER_0_132_189, 103.24, 372.64, 1.8
FILLER_0_133_217, 116.04, 372.64, 1.8
FILLER_0_132_245, 128.84, 372.64, 1.8
FILLER_0_133_273, 141.64, 372.64, 1.8
FILLER_0_132_301, 154.44, 372.64, 1.8
FILLER_0_133_329, 167.24, 372.64, 1.8
FILLER_0_133_385, 192.84, 372.64, 1.8
FILLER_0_132_413, 205.64, 372.64, 1.8
FILLER_0_133_441, 218.44, 372.64, 1.8
FILLER_0_132_469, 231.24, 372.64, 1.8
FILLER_0_133_497, 244.04, 372.64, 1.8
FILLER_0_132_525, 256.84, 372.64, 1.8
FILLER_0_133_553, 269.64, 372.64, 1.8
FILLER_0_132_581, 282.44, 372.64, 1.8
FILLER_0_133_609, 295.24, 372.64, 1.8
FILLER_0_132_637, 308.04, 372.64, 1.8
FILLER_0_133_665, 320.84, 372.64, 1.8
FILLER_0_133_721, 344.836, 372.64, 1.8
FILLER_0_132_749, 356.032, 372.64, 1.8
FILLER_0_133_777, 367.228, 372.64, 1.8
FILLER_0_134_805, 378.424, 372.64, 1.8
PHY_260, 10.12, 367.2, 1.8
PHY_262, 10.12, 367.2, 1.8
PHY_261, 389.62, 367.2, 1.8
PHY_263, 389.62, 367.2, 1.8
FILLER_0_130_813, 389.62, 367.2, 1.8
FILLER_0_131_51, 39.24, 367.2, 1.8
FILLER_0_132_77, 39.24, 367.2, 1.8
FILLER_0_131_105, 52.04, 367.2, 1.8
FILLER_0_130_133, 77.64, 367.2, 1.8
FILLER_0_131_161, 90.44, 367.2, 1.8
FILLER_0_130_189, 103.24, 367.2, 1.8
FILLER_0_131_217, 116.04, 367.2, 1.8
FILLER_0_130_245, 128.84, 367.2, 1.8
FILLER_0_131_273, 141.64, 367.2, 1.8
FILLER_0_130_301, 154.44, 367.2, 1.8
FILLER_0_131_329, 167.24, 367.2, 1.8
FILLER_0_131_385, 192.84, 367.2, 1.8
FILLER_0_130_413, 205.64, 367.2, 1.8
FILLER_0_131_441, 218.44, 367.2, 1.8
FILLER_0_130_469, 231.24, 367.2, 1.8
FILLER_0_131_497, 244.04, 367.2, 1.8
FILLER_0_130_525, 256.84, 367.2, 1.8
FILLER_0_131_553, 269.64, 367.2, 1.8
FILLER_0_130_581, 282.44, 367.2, 1.8
FILLER_0_131_609, 295.24, 367.2, 1.8
FILLER_0_130_637, 308.04, 367.2, 1.8
FILLER_0_131_665, 320.84, 367.2, 1.8
FILLER_0_131_721, 344.836, 367.2, 1.8
FILLER_0_130_749, 356.032, 367.2, 1.8
FILLER_0_131_777, 367.228, 367.2, 1.8
FILLER_0_132_805, 378.424, 367.2, 1.8
PHY_256, 10.12, 361.76, 1.8
PHY_258, 10.12, 361.76, 1.8
PHY_257, 389.62, 361.76, 1.8
PHY_259, 389.62, 361.76, 1.8
FILLER_0_128_813, 389.62, 361.76, 1.8
FILLER_0_129_51, 39.24, 361.76, 1.8
FILLER_0_130_77, 39.24, 361.76, 1.8
FILLER_0_129_105, 52.04, 361.76, 1.8
FILLER_0_128_133, 77.64, 361.76, 1.8
FILLER_0_129_161, 90.44, 361.76, 1.8
FILLER_0_128_189, 103.24, 361.76, 1.8
FILLER_0_129_217, 116.04, 361.76, 1.8
FILLER_0_128_245, 128.84, 361.76, 1.8
FILLER_0_129_273, 141.64, 361.76, 1.8
FILLER_0_128_301, 154.44, 361.76, 1.8
FILLER_0_129_329, 167.24, 361.76, 1.8
FILLER_0_129_385, 192.84, 361.76, 1.8
FILLER_0_128_413, 205.64, 361.76, 1.8
FILLER_0_129_441, 218.44, 361.76, 1.8
FILLER_0_128_469, 231.24, 361.76, 1.8
FILLER_0_129_497, 244.04, 361.76, 1.8
FILLER_0_128_525, 256.84, 361.76, 1.8
FILLER_0_129_553, 269.64, 361.76, 1.8
FILLER_0_128_581, 282.44, 361.76, 1.8
FILLER_0_129_609, 295.24, 361.76, 1.8
FILLER_0_128_637, 308.04, 361.76, 1.8
FILLER_0_129_665, 320.84, 361.76, 1.8
FILLER_0_129_721, 344.836, 361.76, 1.8
FILLER_0_128_749, 356.032, 361.76, 1.8
FILLER_0_129_777, 367.228, 361.76, 1.8
FILLER_0_130_805, 378.424, 361.76, 1.8
PHY_252, 10.12, 356.32, 1.8
PHY_254, 10.12, 356.32, 1.8
PHY_253, 389.62, 356.32, 1.8
PHY_255, 389.62, 356.32, 1.8
FILLER_0_126_813, 389.62, 356.32, 1.8
FILLER_0_127_51, 39.24, 356.32, 1.8
FILLER_0_128_77, 39.24, 356.32, 1.8
FILLER_0_127_105, 52.04, 356.32, 1.8
FILLER_0_126_133, 77.64, 356.32, 1.8
FILLER_0_127_161, 90.44, 356.32, 1.8
FILLER_0_126_189, 103.24, 356.32, 1.8
FILLER_0_127_217, 116.04, 356.32, 1.8
FILLER_0_126_245, 128.84, 356.32, 1.8
FILLER_0_127_273, 141.64, 356.32, 1.8
FILLER_0_126_301, 154.44, 356.32, 1.8
FILLER_0_127_329, 167.24, 356.32, 1.8
FILLER_0_127_385, 192.84, 356.32, 1.8
FILLER_0_126_413, 205.64, 356.32, 1.8
FILLER_0_127_441, 218.44, 356.32, 1.8
FILLER_0_126_469, 231.24, 356.32, 1.8
FILLER_0_127_497, 244.04, 356.32, 1.8
FILLER_0_126_525, 256.84, 356.32, 1.8
FILLER_0_127_553, 269.64, 356.32, 1.8
FILLER_0_126_581, 282.44, 356.32, 1.8
FILLER_0_127_609, 295.24, 356.32, 1.8
FILLER_0_126_637, 308.04, 356.32, 1.8
FILLER_0_127_665, 320.84, 356.32, 1.8
FILLER_0_127_721, 344.836, 356.32, 1.8
FILLER_0_126_749, 356.032, 356.32, 1.8
FILLER_0_127_777, 367.228, 356.32, 1.8
FILLER_0_128_805, 378.424, 356.32, 1.8
PHY_248, 10.12, 350.88, 1.8
PHY_250, 10.12, 350.88, 1.8
PHY_249, 389.62, 350.88, 1.8
PHY_251, 389.62, 350.88, 1.8
FILLER_0_124_813, 389.62, 350.88, 1.8
FILLER_0_125_51, 39.24, 350.88, 1.8
FILLER_0_126_77, 39.24, 350.88, 1.8
FILLER_0_125_105, 52.04, 350.88, 1.8
FILLER_0_124_133, 77.64, 350.88, 1.8
FILLER_0_125_161, 90.44, 350.88, 1.8
FILLER_0_124_189, 103.24, 350.88, 1.8
FILLER_0_125_217, 116.04, 350.88, 1.8
FILLER_0_124_245, 128.84, 350.88, 1.8
FILLER_0_125_273, 141.64, 350.88, 1.8
FILLER_0_124_301, 154.44, 350.88, 1.8
FILLER_0_125_329, 167.24, 350.88, 1.8
FILLER_0_125_385, 192.84, 350.88, 1.8
FILLER_0_124_413, 205.64, 350.88, 1.8
FILLER_0_125_441, 218.44, 350.88, 1.8
FILLER_0_124_469, 231.24, 350.88, 1.8
FILLER_0_125_497, 244.04, 350.88, 1.8
FILLER_0_124_525, 256.84, 350.88, 1.8
FILLER_0_125_553, 269.64, 350.88, 1.8
FILLER_0_124_581, 282.44, 350.88, 1.8
FILLER_0_125_609, 295.24, 350.88, 1.8
FILLER_0_124_637, 308.04, 350.88, 1.8
FILLER_0_125_665, 320.84, 350.88, 1.8
FILLER_0_125_721, 344.836, 350.88, 1.8
FILLER_0_124_749, 356.032, 350.88, 1.8
FILLER_0_125_777, 367.228, 350.88, 1.8
FILLER_0_126_805, 378.424, 350.88, 1.8
PHY_244, 10.12, 345.44, 1.8
PHY_246, 10.12, 345.44, 1.8
PHY_245, 389.62, 345.44, 1.8
PHY_247, 389.62, 345.44, 1.8
FILLER_0_122_813, 389.62, 345.44, 1.8
FILLER_0_123_51, 39.24, 345.44, 1.8
FILLER_0_124_77, 39.24, 345.44, 1.8
FILLER_0_123_105, 52.04, 345.44, 1.8
FILLER_0_122_133, 77.64, 345.44, 1.8
FILLER_0_123_161, 90.44, 345.44, 1.8
FILLER_0_122_189, 103.24, 345.44, 1.8
FILLER_0_123_217, 116.04, 345.44, 1.8
FILLER_0_122_245, 128.84, 345.44, 1.8
FILLER_0_123_273, 141.64, 345.44, 1.8
FILLER_0_122_301, 154.44, 345.44, 1.8
FILLER_0_123_329, 167.24, 345.44, 1.8
FILLER_0_123_385, 192.84, 345.44, 1.8
FILLER_0_122_413, 205.64, 345.44, 1.8
FILLER_0_123_441, 218.44, 345.44, 1.8
FILLER_0_122_469, 231.24, 345.44, 1.8
FILLER_0_123_497, 244.04, 345.44, 1.8
FILLER_0_122_525, 256.84, 345.44, 1.8
FILLER_0_123_553, 269.64, 345.44, 1.8
FILLER_0_122_581, 282.44, 345.44, 1.8
FILLER_0_123_609, 295.24, 345.44, 1.8
FILLER_0_122_637, 308.04, 345.44, 1.8
FILLER_0_123_665, 320.84, 345.44, 1.8
FILLER_0_123_721, 344.836, 345.44, 1.8
FILLER_0_122_749, 356.032, 345.44, 1.8
FILLER_0_123_777, 367.228, 345.44, 1.8
FILLER_0_124_805, 378.424, 345.44, 1.8
computer_22, 10.12, 340, 1.8
PHY_240, 10.12, 340, 1.8
PHY_242, 10.12, 340, 1.8
PHY_241, 389.62, 340, 1.8
PHY_243, 389.62, 340, 1.8
FILLER_0_120_813, 389.62, 340, 1.8
FILLER_0_122_77, 39.24, 340, 1.8
FILLER_0_121_105, 52.04, 340, 1.8
FILLER_0_120_133, 77.64, 340, 1.8
FILLER_0_121_161, 90.44, 340, 1.8
FILLER_0_120_189, 103.24, 340, 1.8
FILLER_0_121_217, 116.04, 340, 1.8
FILLER_0_120_245, 128.84, 340, 1.8
FILLER_0_121_273, 141.64, 340, 1.8
FILLER_0_120_301, 154.44, 340, 1.8
FILLER_0_121_329, 167.24, 340, 1.8
FILLER_0_121_385, 192.84, 340, 1.8
FILLER_0_120_413, 205.64, 340, 1.8
FILLER_0_121_441, 218.44, 340, 1.8
FILLER_0_120_469, 231.24, 340, 1.8
FILLER_0_121_497, 244.04, 340, 1.8
FILLER_0_120_525, 256.84, 340, 1.8
FILLER_0_121_553, 269.64, 340, 1.8
FILLER_0_120_581, 282.44, 340, 1.8
FILLER_0_121_609, 295.24, 340, 1.8
FILLER_0_120_637, 308.04, 340, 1.8
FILLER_0_121_665, 320.84, 340, 1.8
FILLER_0_121_721, 344.836, 340, 1.8
FILLER_0_120_749, 356.032, 340, 1.8
FILLER_0_121_777, 367.228, 340, 1.8
FILLER_0_122_805, 378.424, 340, 1.8
PHY_236, 10.12, 334.56, 1.8
PHY_238, 10.12, 334.56, 1.8
PHY_237, 389.62, 334.56, 1.8
PHY_239, 389.62, 334.56, 1.8
FILLER_0_118_813, 389.62, 334.56, 1.8
FILLER_0_119_51, 39.24, 334.56, 1.8
FILLER_0_120_77, 39.24, 334.56, 1.8
FILLER_0_119_105, 52.04, 334.56, 1.8
FILLER_0_118_133, 77.64, 334.56, 1.8
FILLER_0_119_161, 90.44, 334.56, 1.8
FILLER_0_118_189, 103.24, 334.56, 1.8
FILLER_0_119_217, 116.04, 334.56, 1.8
FILLER_0_118_245, 128.84, 334.56, 1.8
FILLER_0_119_273, 141.64, 334.56, 1.8
FILLER_0_118_301, 154.44, 334.56, 1.8
FILLER_0_119_329, 167.24, 334.56, 1.8
FILLER_0_119_385, 192.84, 334.56, 1.8
FILLER_0_118_413, 205.64, 334.56, 1.8
FILLER_0_119_441, 218.44, 334.56, 1.8
FILLER_0_118_469, 231.24, 334.56, 1.8
FILLER_0_119_497, 244.04, 334.56, 1.8
FILLER_0_118_525, 256.84, 334.56, 1.8
FILLER_0_119_553, 269.64, 334.56, 1.8
FILLER_0_118_581, 282.44, 334.56, 1.8
FILLER_0_119_609, 295.24, 334.56, 1.8
FILLER_0_118_637, 308.04, 334.56, 1.8
FILLER_0_119_665, 320.84, 334.56, 1.8
FILLER_0_119_721, 344.836, 334.56, 1.8
FILLER_0_118_749, 356.032, 334.56, 1.8
FILLER_0_119_777, 367.228, 334.56, 1.8
FILLER_0_120_805, 378.424, 334.56, 1.8
PHY_232, 10.12, 329.12, 1.8
PHY_234, 10.12, 329.12, 1.8
PHY_233, 389.62, 329.12, 1.8
PHY_235, 389.62, 329.12, 1.8
FILLER_0_116_813, 389.62, 329.12, 1.8
FILLER_0_117_51, 39.24, 329.12, 1.8
FILLER_0_118_77, 39.24, 329.12, 1.8
FILLER_0_117_105, 52.04, 329.12, 1.8
FILLER_0_116_133, 77.64, 329.12, 1.8
FILLER_0_117_161, 90.44, 329.12, 1.8
FILLER_0_116_189, 103.24, 329.12, 1.8
FILLER_0_117_217, 116.04, 329.12, 1.8
FILLER_0_116_245, 128.84, 329.12, 1.8
FILLER_0_117_273, 141.64, 329.12, 1.8
FILLER_0_116_301, 154.44, 329.12, 1.8
FILLER_0_117_329, 167.24, 329.12, 1.8
FILLER_0_117_385, 192.84, 329.12, 1.8
FILLER_0_116_413, 205.64, 329.12, 1.8
FILLER_0_117_441, 218.44, 329.12, 1.8
FILLER_0_116_469, 231.24, 329.12, 1.8
FILLER_0_117_497, 244.04, 329.12, 1.8
FILLER_0_116_525, 256.84, 329.12, 1.8
FILLER_0_117_553, 269.64, 329.12, 1.8
FILLER_0_116_581, 282.44, 329.12, 1.8
FILLER_0_117_609, 295.24, 329.12, 1.8
FILLER_0_116_637, 308.04, 329.12, 1.8
FILLER_0_117_665, 320.84, 329.12, 1.8
FILLER_0_117_721, 344.836, 329.12, 1.8
FILLER_0_116_749, 356.032, 329.12, 1.8
FILLER_0_117_777, 367.228, 329.12, 1.8
FILLER_0_118_805, 378.424, 329.12, 1.8
PHY_228, 10.12, 323.68, 1.8
PHY_230, 10.12, 323.68, 1.8
PHY_229, 389.62, 323.68, 1.8
PHY_231, 389.62, 323.68, 1.8
FILLER_0_114_813, 389.62, 323.68, 1.8
FILLER_0_115_51, 39.24, 323.68, 1.8
FILLER_0_116_77, 39.24, 323.68, 1.8
FILLER_0_115_105, 52.04, 323.68, 1.8
FILLER_0_114_133, 77.64, 323.68, 1.8
FILLER_0_115_161, 90.44, 323.68, 1.8
FILLER_0_114_189, 103.24, 323.68, 1.8
FILLER_0_115_217, 116.04, 323.68, 1.8
FILLER_0_114_245, 128.84, 323.68, 1.8
FILLER_0_115_273, 141.64, 323.68, 1.8
FILLER_0_114_301, 154.44, 323.68, 1.8
FILLER_0_115_329, 167.24, 323.68, 1.8
FILLER_0_115_385, 192.84, 323.68, 1.8
FILLER_0_114_413, 205.64, 323.68, 1.8
FILLER_0_115_441, 218.44, 323.68, 1.8
FILLER_0_114_469, 231.24, 323.68, 1.8
FILLER_0_115_497, 244.04, 323.68, 1.8
FILLER_0_114_525, 256.84, 323.68, 1.8
FILLER_0_115_553, 269.64, 323.68, 1.8
FILLER_0_114_581, 282.44, 323.68, 1.8
FILLER_0_115_609, 295.24, 323.68, 1.8
FILLER_0_114_637, 308.04, 323.68, 1.8
FILLER_0_115_665, 320.84, 323.68, 1.8
FILLER_0_115_721, 344.836, 323.68, 1.8
FILLER_0_114_749, 356.032, 323.68, 1.8
FILLER_0_115_777, 367.228, 323.68, 1.8
FILLER_0_116_805, 378.424, 323.68, 1.8
PHY_224, 10.12, 318.24, 1.8
PHY_226, 10.12, 318.24, 1.8
PHY_225, 389.62, 318.24, 1.8
PHY_227, 389.62, 318.24, 1.8
FILLER_0_112_813, 389.62, 318.24, 1.8
FILLER_0_113_51, 39.24, 318.24, 1.8
FILLER_0_114_77, 39.24, 318.24, 1.8
FILLER_0_113_105, 52.04, 318.24, 1.8
FILLER_0_112_133, 77.64, 318.24, 1.8
FILLER_0_113_161, 90.44, 318.24, 1.8
FILLER_0_112_189, 103.24, 318.24, 1.8
FILLER_0_113_217, 116.04, 318.24, 1.8
FILLER_0_112_245, 128.84, 318.24, 1.8
FILLER_0_113_273, 141.64, 318.24, 1.8
FILLER_0_112_301, 154.44, 318.24, 1.8
FILLER_0_113_329, 167.24, 318.24, 1.8
FILLER_0_113_385, 192.84, 318.24, 1.8
FILLER_0_112_413, 205.64, 318.24, 1.8
FILLER_0_113_441, 218.44, 318.24, 1.8
FILLER_0_112_469, 231.24, 318.24, 1.8
FILLER_0_113_497, 244.04, 318.24, 1.8
FILLER_0_112_525, 256.84, 318.24, 1.8
FILLER_0_113_553, 269.64, 318.24, 1.8
FILLER_0_112_581, 282.44, 318.24, 1.8
FILLER_0_113_609, 295.24, 318.24, 1.8
FILLER_0_112_637, 308.04, 318.24, 1.8
FILLER_0_113_665, 320.84, 318.24, 1.8
FILLER_0_113_721, 344.836, 318.24, 1.8
FILLER_0_112_749, 356.032, 318.24, 1.8
FILLER_0_113_777, 367.228, 318.24, 1.8
FILLER_0_114_805, 378.424, 318.24, 1.8
PHY_220, 10.12, 312.8, 1.8
PHY_222, 10.12, 312.8, 1.8
computer_4, 389.62, 312.8, 1.8
PHY_221, 389.62, 312.8, 1.8
PHY_223, 389.62, 312.8, 1.8
FILLER_0_110_813, 389.62, 312.8, 1.8
FILLER_0_111_51, 39.24, 312.8, 1.8
FILLER_0_112_77, 39.24, 312.8, 1.8
FILLER_0_111_105, 52.04, 312.8, 1.8
FILLER_0_110_133, 77.64, 312.8, 1.8
FILLER_0_111_161, 90.44, 312.8, 1.8
FILLER_0_110_189, 103.24, 312.8, 1.8
FILLER_0_111_217, 116.04, 312.8, 1.8
FILLER_0_110_245, 128.84, 312.8, 1.8
FILLER_0_111_273, 141.64, 312.8, 1.8
FILLER_0_110_301, 154.44, 312.8, 1.8
FILLER_0_111_329, 167.24, 312.8, 1.8
FILLER_0_111_385, 192.84, 312.8, 1.8
FILLER_0_110_413, 205.64, 312.8, 1.8
FILLER_0_111_441, 218.44, 312.8, 1.8
FILLER_0_110_469, 231.24, 312.8, 1.8
FILLER_0_111_497, 244.04, 312.8, 1.8
FILLER_0_110_525, 256.84, 312.8, 1.8
FILLER_0_111_553, 269.64, 312.8, 1.8
FILLER_0_110_581, 282.44, 312.8, 1.8
FILLER_0_111_609, 295.24, 312.8, 1.8
FILLER_0_110_637, 308.04, 312.8, 1.8
FILLER_0_111_665, 320.84, 312.8, 1.8
FILLER_0_111_721, 344.836, 312.8, 1.8
FILLER_0_110_749, 356.032, 312.8, 1.8
FILLER_0_111_777, 367.228, 312.8, 1.8
FILLER_0_111_809, 378.424, 312.8, 1.8
FILLER_0_112_805, 378.424, 312.8, 1.8
PHY_216, 10.12, 307.36, 1.8
PHY_218, 10.12, 307.36, 1.8
PHY_217, 389.62, 307.36, 1.8
PHY_219, 389.62, 307.36, 1.8
FILLER_0_108_813, 389.62, 307.36, 1.8
FILLER_0_109_51, 39.24, 307.36, 1.8
FILLER_0_110_77, 39.24, 307.36, 1.8
FILLER_0_109_105, 52.04, 307.36, 1.8
FILLER_0_108_133, 77.64, 307.36, 1.8
FILLER_0_109_161, 90.44, 307.36, 1.8
FILLER_0_108_189, 103.24, 307.36, 1.8
FILLER_0_109_217, 116.04, 307.36, 1.8
FILLER_0_108_245, 128.84, 307.36, 1.8
FILLER_0_109_273, 141.64, 307.36, 1.8
FILLER_0_108_301, 154.44, 307.36, 1.8
FILLER_0_109_329, 167.24, 307.36, 1.8
FILLER_0_109_385, 192.84, 307.36, 1.8
FILLER_0_108_413, 205.64, 307.36, 1.8
FILLER_0_109_441, 218.44, 307.36, 1.8
FILLER_0_108_469, 231.24, 307.36, 1.8
FILLER_0_109_497, 244.04, 307.36, 1.8
FILLER_0_108_525, 256.84, 307.36, 1.8
FILLER_0_109_553, 269.64, 307.36, 1.8
FILLER_0_108_581, 282.44, 307.36, 1.8
FILLER_0_109_609, 295.24, 307.36, 1.8
FILLER_0_108_637, 308.04, 307.36, 1.8
FILLER_0_109_665, 320.84, 307.36, 1.8
FILLER_0_109_721, 344.836, 307.36, 1.8
FILLER_0_108_749, 356.032, 307.36, 1.8
FILLER_0_109_777, 367.228, 307.36, 1.8
FILLER_0_110_805, 378.424, 307.36, 1.8
PHY_212, 10.12, 301.92, 1.8
PHY_214, 10.12, 301.92, 1.8
PHY_213, 389.62, 301.92, 1.8
PHY_215, 389.62, 301.92, 1.8
FILLER_0_106_813, 389.62, 301.92, 1.8
FILLER_0_107_51, 39.24, 301.92, 1.8
FILLER_0_108_77, 39.24, 301.92, 1.8
FILLER_0_107_105, 52.04, 301.92, 1.8
FILLER_0_106_133, 77.64, 301.92, 1.8
FILLER_0_107_161, 90.44, 301.92, 1.8
FILLER_0_106_189, 103.24, 301.92, 1.8
FILLER_0_107_217, 116.04, 301.92, 1.8
FILLER_0_106_245, 128.84, 301.92, 1.8
FILLER_0_107_273, 141.64, 301.92, 1.8
FILLER_0_106_301, 154.44, 301.92, 1.8
FILLER_0_107_329, 167.24, 301.92, 1.8
FILLER_0_107_385, 192.84, 301.92, 1.8
FILLER_0_106_413, 205.64, 301.92, 1.8
FILLER_0_107_441, 218.44, 301.92, 1.8
FILLER_0_106_469, 231.24, 301.92, 1.8
FILLER_0_107_497, 244.04, 301.92, 1.8
FILLER_0_106_525, 256.84, 301.92, 1.8
FILLER_0_107_553, 269.64, 301.92, 1.8
FILLER_0_106_581, 282.44, 301.92, 1.8
FILLER_0_107_609, 295.24, 301.92, 1.8
FILLER_0_106_637, 308.04, 301.92, 1.8
FILLER_0_107_665, 320.84, 301.92, 1.8
FILLER_0_107_721, 344.836, 301.92, 1.8
FILLER_0_106_749, 356.032, 301.92, 1.8
FILLER_0_107_777, 367.228, 301.92, 1.8
FILLER_0_108_805, 378.424, 301.92, 1.8
PHY_208, 10.12, 296.48, 1.8
PHY_210, 10.12, 296.48, 1.8
PHY_209, 389.62, 296.48, 1.8
PHY_211, 389.62, 296.48, 1.8
FILLER_0_104_813, 389.62, 296.48, 1.8
FILLER_0_105_51, 39.24, 296.48, 1.8
FILLER_0_106_77, 39.24, 296.48, 1.8
FILLER_0_105_105, 52.04, 296.48, 1.8
FILLER_0_104_133, 77.64, 296.48, 1.8
FILLER_0_105_161, 90.44, 296.48, 1.8
FILLER_0_104_189, 103.24, 296.48, 1.8
FILLER_0_105_217, 116.04, 296.48, 1.8
FILLER_0_104_245, 128.84, 296.48, 1.8
FILLER_0_105_273, 141.64, 296.48, 1.8
FILLER_0_104_301, 154.44, 296.48, 1.8
FILLER_0_105_329, 167.24, 296.48, 1.8
FILLER_0_105_385, 192.84, 296.48, 1.8
FILLER_0_104_413, 205.64, 296.48, 1.8
FILLER_0_105_441, 218.44, 296.48, 1.8
FILLER_0_104_469, 231.24, 296.48, 1.8
FILLER_0_105_497, 244.04, 296.48, 1.8
FILLER_0_104_525, 256.84, 296.48, 1.8
FILLER_0_105_553, 269.64, 296.48, 1.8
FILLER_0_104_581, 282.44, 296.48, 1.8
FILLER_0_105_609, 295.24, 296.48, 1.8
FILLER_0_104_637, 308.04, 296.48, 1.8
FILLER_0_105_665, 320.84, 296.48, 1.8
FILLER_0_105_721, 344.836, 296.48, 1.8
FILLER_0_104_749, 356.032, 296.48, 1.8
FILLER_0_105_777, 367.228, 296.48, 1.8
FILLER_0_106_805, 378.424, 296.48, 1.8
PHY_204, 10.12, 291.04, 1.8
PHY_206, 10.12, 291.04, 1.8
PHY_205, 389.62, 291.04, 1.8
PHY_207, 389.62, 291.04, 1.8
FILLER_0_102_813, 389.62, 291.04, 1.8
FILLER_0_103_51, 39.24, 291.04, 1.8
FILLER_0_104_77, 39.24, 291.04, 1.8
FILLER_0_103_105, 52.04, 291.04, 1.8
FILLER_0_102_133, 77.64, 291.04, 1.8
FILLER_0_103_161, 90.44, 291.04, 1.8
FILLER_0_102_189, 103.24, 291.04, 1.8
FILLER_0_103_217, 116.04, 291.04, 1.8
FILLER_0_102_245, 128.84, 291.04, 1.8
FILLER_0_103_273, 141.64, 291.04, 1.8
FILLER_0_102_301, 154.44, 291.04, 1.8
FILLER_0_103_329, 167.24, 291.04, 1.8
FILLER_0_103_385, 192.84, 291.04, 1.8
FILLER_0_102_413, 205.64, 291.04, 1.8
FILLER_0_103_441, 218.44, 291.04, 1.8
FILLER_0_102_469, 231.24, 291.04, 1.8
FILLER_0_103_497, 244.04, 291.04, 1.8
FILLER_0_102_525, 256.84, 291.04, 1.8
FILLER_0_103_553, 269.64, 291.04, 1.8
FILLER_0_102_581, 282.44, 291.04, 1.8
FILLER_0_103_609, 295.24, 291.04, 1.8
FILLER_0_102_637, 308.04, 291.04, 1.8
FILLER_0_103_665, 320.84, 291.04, 1.8
FILLER_0_103_721, 344.836, 291.04, 1.8
FILLER_0_102_749, 356.032, 291.04, 1.8
FILLER_0_103_777, 367.228, 291.04, 1.8
FILLER_0_104_805, 378.424, 291.04, 1.8
PHY_200, 10.12, 285.6, 1.8
PHY_202, 10.12, 285.6, 1.8
PHY_201, 389.62, 285.6, 1.8
PHY_203, 389.62, 285.6, 1.8
FILLER_0_100_813, 389.62, 285.6, 1.8
FILLER_0_101_51, 39.24, 285.6, 1.8
FILLER_0_102_77, 39.24, 285.6, 1.8
FILLER_0_101_105, 52.04, 285.6, 1.8
FILLER_0_100_133, 77.64, 285.6, 1.8
FILLER_0_101_161, 90.44, 285.6, 1.8
FILLER_0_100_189, 103.24, 285.6, 1.8
FILLER_0_101_217, 116.04, 285.6, 1.8
FILLER_0_100_245, 128.84, 285.6, 1.8
FILLER_0_101_273, 141.64, 285.6, 1.8
FILLER_0_100_301, 154.44, 285.6, 1.8
FILLER_0_101_329, 167.24, 285.6, 1.8
FILLER_0_101_385, 192.84, 285.6, 1.8
FILLER_0_100_413, 205.64, 285.6, 1.8
FILLER_0_101_441, 218.44, 285.6, 1.8
FILLER_0_100_469, 231.24, 285.6, 1.8
FILLER_0_101_497, 244.04, 285.6, 1.8
FILLER_0_100_525, 256.84, 285.6, 1.8
FILLER_0_101_553, 269.64, 285.6, 1.8
FILLER_0_100_581, 282.44, 285.6, 1.8
FILLER_0_101_609, 295.24, 285.6, 1.8
FILLER_0_100_637, 308.04, 285.6, 1.8
FILLER_0_101_665, 320.84, 285.6, 1.8
FILLER_0_101_721, 344.836, 285.6, 1.8
FILLER_0_100_749, 356.032, 285.6, 1.8
FILLER_0_101_777, 367.228, 285.6, 1.8
FILLER_0_102_805, 378.424, 285.6, 1.8
computer_5, 10.12, 280.16, 1.8
PHY_196, 10.12, 280.16, 1.8
PHY_198, 10.12, 280.16, 1.8
PHY_197, 389.62, 280.16, 1.8
PHY_199, 389.62, 280.16, 1.8
FILLER_0_98_813, 389.62, 280.16, 1.8
FILLER_0_100_18, 18.28, 280.16, 1.8
FILLER_0_99_51, 39.24, 280.16, 1.8
FILLER_0_100_77, 39.24, 280.16, 1.8
FILLER_0_99_105, 52.04, 280.16, 1.8
FILLER_0_98_133, 77.64, 280.16, 1.8
FILLER_0_99_161, 90.44, 280.16, 1.8
FILLER_0_98_189, 103.24, 280.16, 1.8
FILLER_0_99_217, 116.04, 280.16, 1.8
FILLER_0_98_245, 128.84, 280.16, 1.8
FILLER_0_99_273, 141.64, 280.16, 1.8
FILLER_0_98_301, 154.44, 280.16, 1.8
FILLER_0_99_329, 167.24, 280.16, 1.8
FILLER_0_99_385, 192.84, 280.16, 1.8
FILLER_0_98_413, 205.64, 280.16, 1.8
FILLER_0_99_441, 218.44, 280.16, 1.8
FILLER_0_98_469, 231.24, 280.16, 1.8
FILLER_0_99_497, 244.04, 280.16, 1.8
FILLER_0_98_525, 256.84, 280.16, 1.8
FILLER_0_99_553, 269.64, 280.16, 1.8
FILLER_0_98_581, 282.44, 280.16, 1.8
FILLER_0_99_609, 295.24, 280.16, 1.8
FILLER_0_98_637, 308.04, 280.16, 1.8
FILLER_0_99_665, 320.84, 280.16, 1.8
FILLER_0_99_721, 344.836, 280.16, 1.8
FILLER_0_98_749, 356.032, 280.16, 1.8
FILLER_0_99_777, 367.228, 280.16, 1.8
FILLER_0_100_805, 378.424, 280.16, 1.8
PHY_192, 10.12, 274.72, 1.8
PHY_194, 10.12, 274.72, 1.8
PHY_193, 389.62, 274.72, 1.8
PHY_195, 389.62, 274.72, 1.8
FILLER_0_96_813, 389.62, 274.72, 1.8
FILLER_0_97_51, 39.24, 274.72, 1.8
FILLER_0_98_77, 39.24, 274.72, 1.8
FILLER_0_97_105, 52.04, 274.72, 1.8
FILLER_0_96_133, 77.64, 274.72, 1.8
FILLER_0_97_161, 90.44, 274.72, 1.8
FILLER_0_96_189, 103.24, 274.72, 1.8
FILLER_0_97_217, 116.04, 274.72, 1.8
FILLER_0_96_245, 128.84, 274.72, 1.8
FILLER_0_97_273, 141.64, 274.72, 1.8
FILLER_0_96_301, 154.44, 274.72, 1.8
FILLER_0_97_329, 167.24, 274.72, 1.8
FILLER_0_97_385, 192.84, 274.72, 1.8
FILLER_0_96_413, 205.64, 274.72, 1.8
FILLER_0_97_441, 218.44, 274.72, 1.8
FILLER_0_96_469, 231.24, 274.72, 1.8
FILLER_0_97_497, 244.04, 274.72, 1.8
FILLER_0_96_525, 256.84, 274.72, 1.8
FILLER_0_97_553, 269.64, 274.72, 1.8
FILLER_0_96_581, 282.44, 274.72, 1.8
FILLER_0_97_609, 295.24, 274.72, 1.8
FILLER_0_96_637, 308.04, 274.72, 1.8
FILLER_0_97_665, 320.84, 274.72, 1.8
FILLER_0_97_721, 344.836, 274.72, 1.8
FILLER_0_96_749, 356.032, 274.72, 1.8
FILLER_0_97_777, 367.228, 274.72, 1.8
FILLER_0_98_805, 378.424, 274.72, 1.8
PHY_188, 10.12, 269.28, 1.8
PHY_190, 10.12, 269.28, 1.8
PHY_189, 389.62, 269.28, 1.8
PHY_191, 389.62, 269.28, 1.8
FILLER_0_94_813, 389.62, 269.28, 1.8
FILLER_0_95_51, 39.24, 269.28, 1.8
FILLER_0_96_77, 39.24, 269.28, 1.8
FILLER_0_95_105, 52.04, 269.28, 1.8
FILLER_0_94_133, 77.64, 269.28, 1.8
FILLER_0_95_161, 90.44, 269.28, 1.8
FILLER_0_94_189, 103.24, 269.28, 1.8
FILLER_0_95_217, 116.04, 269.28, 1.8
FILLER_0_94_245, 128.84, 269.28, 1.8
FILLER_0_95_273, 141.64, 269.28, 1.8
FILLER_0_94_301, 154.44, 269.28, 1.8
FILLER_0_95_329, 167.24, 269.28, 1.8
FILLER_0_95_385, 192.84, 269.28, 1.8
FILLER_0_94_413, 205.64, 269.28, 1.8
FILLER_0_95_441, 218.44, 269.28, 1.8
FILLER_0_94_469, 231.24, 269.28, 1.8
FILLER_0_95_497, 244.04, 269.28, 1.8
FILLER_0_94_525, 256.84, 269.28, 1.8
FILLER_0_95_553, 269.64, 269.28, 1.8
FILLER_0_94_581, 282.44, 269.28, 1.8
FILLER_0_95_609, 295.24, 269.28, 1.8
FILLER_0_94_637, 308.04, 269.28, 1.8
FILLER_0_95_665, 320.84, 269.28, 1.8
FILLER_0_95_721, 344.836, 269.28, 1.8
FILLER_0_94_749, 356.032, 269.28, 1.8
FILLER_0_95_777, 367.228, 269.28, 1.8
FILLER_0_96_805, 378.424, 269.28, 1.8
PHY_184, 10.12, 263.84, 1.8
PHY_186, 10.12, 263.84, 1.8
PHY_185, 389.62, 263.84, 1.8
PHY_187, 389.62, 263.84, 1.8
FILLER_0_92_813, 389.62, 263.84, 1.8
FILLER_0_93_51, 39.24, 263.84, 1.8
FILLER_0_94_77, 39.24, 263.84, 1.8
FILLER_0_93_105, 52.04, 263.84, 1.8
FILLER_0_92_133, 77.64, 263.84, 1.8
FILLER_0_93_161, 90.44, 263.84, 1.8
FILLER_0_92_189, 103.24, 263.84, 1.8
FILLER_0_93_217, 116.04, 263.84, 1.8
FILLER_0_92_245, 128.84, 263.84, 1.8
FILLER_0_93_273, 141.64, 263.84, 1.8
FILLER_0_92_301, 154.44, 263.84, 1.8
FILLER_0_93_329, 167.24, 263.84, 1.8
FILLER_0_93_385, 192.84, 263.84, 1.8
FILLER_0_92_413, 205.64, 263.84, 1.8
FILLER_0_93_441, 218.44, 263.84, 1.8
FILLER_0_92_469, 231.24, 263.84, 1.8
FILLER_0_93_497, 244.04, 263.84, 1.8
FILLER_0_92_525, 256.84, 263.84, 1.8
FILLER_0_93_553, 269.64, 263.84, 1.8
FILLER_0_92_581, 282.44, 263.84, 1.8
FILLER_0_93_609, 295.24, 263.84, 1.8
FILLER_0_92_637, 308.04, 263.84, 1.8
FILLER_0_93_665, 320.84, 263.84, 1.8
FILLER_0_93_721, 344.836, 263.84, 1.8
FILLER_0_92_749, 356.032, 263.84, 1.8
FILLER_0_93_777, 367.228, 263.84, 1.8
FILLER_0_94_805, 378.424, 263.84, 1.8
PHY_180, 10.12, 258.4, 1.8
PHY_182, 10.12, 258.4, 1.8
computer_19, 389.62, 258.4, 1.8
PHY_181, 389.62, 258.4, 1.8
PHY_183, 389.62, 258.4, 1.8
FILLER_0_90_813, 389.62, 258.4, 1.8
FILLER_0_91_51, 39.24, 258.4, 1.8
FILLER_0_92_77, 39.24, 258.4, 1.8
FILLER_0_91_105, 52.04, 258.4, 1.8
FILLER_0_90_133, 77.64, 258.4, 1.8
FILLER_0_91_161, 90.44, 258.4, 1.8
FILLER_0_90_189, 103.24, 258.4, 1.8
FILLER_0_91_217, 116.04, 258.4, 1.8
FILLER_0_90_245, 128.84, 258.4, 1.8
FILLER_0_91_273, 141.64, 258.4, 1.8
FILLER_0_90_301, 154.44, 258.4, 1.8
FILLER_0_91_329, 167.24, 258.4, 1.8
FILLER_0_91_385, 192.84, 258.4, 1.8
FILLER_0_90_413, 205.64, 258.4, 1.8
FILLER_0_91_441, 218.44, 258.4, 1.8
FILLER_0_90_469, 231.24, 258.4, 1.8
FILLER_0_91_497, 244.04, 258.4, 1.8
FILLER_0_90_525, 256.84, 258.4, 1.8
FILLER_0_91_553, 269.64, 258.4, 1.8
FILLER_0_90_581, 282.44, 258.4, 1.8
FILLER_0_91_609, 295.24, 258.4, 1.8
FILLER_0_90_637, 308.04, 258.4, 1.8
FILLER_0_91_665, 320.84, 258.4, 1.8
FILLER_0_91_721, 344.836, 258.4, 1.8
FILLER_0_90_749, 356.032, 258.4, 1.8
FILLER_0_91_777, 367.228, 258.4, 1.8
FILLER_0_91_809, 378.424, 258.4, 1.8
FILLER_0_92_805, 378.424, 258.4, 1.8
PHY_176, 10.12, 252.96, 1.8
PHY_178, 10.12, 252.96, 1.8
PHY_177, 389.62, 252.96, 1.8
PHY_179, 389.62, 252.96, 1.8
FILLER_0_88_813, 389.62, 252.96, 1.8
FILLER_0_89_51, 39.24, 252.96, 1.8
FILLER_0_90_77, 39.24, 252.96, 1.8
FILLER_0_89_105, 52.04, 252.96, 1.8
FILLER_0_88_133, 77.64, 252.96, 1.8
FILLER_0_89_161, 90.44, 252.96, 1.8
FILLER_0_88_189, 103.24, 252.96, 1.8
FILLER_0_89_217, 116.04, 252.96, 1.8
FILLER_0_88_245, 128.84, 252.96, 1.8
FILLER_0_89_273, 141.64, 252.96, 1.8
FILLER_0_88_301, 154.44, 252.96, 1.8
FILLER_0_89_329, 167.24, 252.96, 1.8
FILLER_0_89_385, 192.84, 252.96, 1.8
FILLER_0_88_413, 205.64, 252.96, 1.8
FILLER_0_89_441, 218.44, 252.96, 1.8
FILLER_0_88_469, 231.24, 252.96, 1.8
FILLER_0_89_497, 244.04, 252.96, 1.8
FILLER_0_88_525, 256.84, 252.96, 1.8
FILLER_0_89_553, 269.64, 252.96, 1.8
FILLER_0_88_581, 282.44, 252.96, 1.8
FILLER_0_89_609, 295.24, 252.96, 1.8
FILLER_0_88_637, 308.04, 252.96, 1.8
FILLER_0_89_665, 320.84, 252.96, 1.8
FILLER_0_89_721, 344.836, 252.96, 1.8
FILLER_0_88_749, 356.032, 252.96, 1.8
FILLER_0_89_777, 367.228, 252.96, 1.8
FILLER_0_90_805, 378.424, 252.96, 1.8
PHY_172, 10.12, 247.52, 1.8
PHY_174, 10.12, 247.52, 1.8
PHY_173, 389.62, 247.52, 1.8
PHY_175, 389.62, 247.52, 1.8
FILLER_0_86_813, 389.62, 247.52, 1.8
FILLER_0_87_51, 39.24, 247.52, 1.8
FILLER_0_88_77, 39.24, 247.52, 1.8
FILLER_0_87_105, 52.04, 247.52, 1.8
FILLER_0_86_133, 77.64, 247.52, 1.8
FILLER_0_87_161, 90.44, 247.52, 1.8
FILLER_0_86_189, 103.24, 247.52, 1.8
FILLER_0_87_217, 116.04, 247.52, 1.8
FILLER_0_86_245, 128.84, 247.52, 1.8
FILLER_0_87_273, 141.64, 247.52, 1.8
FILLER_0_86_301, 154.44, 247.52, 1.8
FILLER_0_87_329, 167.24, 247.52, 1.8
FILLER_0_87_385, 192.84, 247.52, 1.8
FILLER_0_86_413, 205.64, 247.52, 1.8
FILLER_0_87_441, 218.44, 247.52, 1.8
FILLER_0_86_469, 231.24, 247.52, 1.8
FILLER_0_87_497, 244.04, 247.52, 1.8
FILLER_0_86_525, 256.84, 247.52, 1.8
FILLER_0_87_553, 269.64, 247.52, 1.8
FILLER_0_86_581, 282.44, 247.52, 1.8
FILLER_0_87_609, 295.24, 247.52, 1.8
FILLER_0_86_637, 308.04, 247.52, 1.8
FILLER_0_87_665, 320.84, 247.52, 1.8
FILLER_0_87_721, 344.836, 247.52, 1.8
FILLER_0_86_749, 356.032, 247.52, 1.8
FILLER_0_87_777, 367.228, 247.52, 1.8
FILLER_0_88_805, 378.424, 247.52, 1.8
PHY_168, 10.12, 242.08, 1.8
PHY_170, 10.12, 242.08, 1.8
PHY_169, 389.62, 242.08, 1.8
PHY_171, 389.62, 242.08, 1.8
FILLER_0_84_813, 389.62, 242.08, 1.8
FILLER_0_85_51, 39.24, 242.08, 1.8
FILLER_0_86_77, 39.24, 242.08, 1.8
FILLER_0_85_105, 52.04, 242.08, 1.8
FILLER_0_84_133, 77.64, 242.08, 1.8
FILLER_0_85_161, 90.44, 242.08, 1.8
FILLER_0_84_189, 103.24, 242.08, 1.8
FILLER_0_85_217, 116.04, 242.08, 1.8
FILLER_0_84_245, 128.84, 242.08, 1.8
FILLER_0_85_273, 141.64, 242.08, 1.8
FILLER_0_84_301, 154.44, 242.08, 1.8
FILLER_0_85_329, 167.24, 242.08, 1.8
FILLER_0_85_385, 192.84, 242.08, 1.8
FILLER_0_84_413, 205.64, 242.08, 1.8
FILLER_0_85_441, 218.44, 242.08, 1.8
FILLER_0_84_469, 231.24, 242.08, 1.8
FILLER_0_85_497, 244.04, 242.08, 1.8
FILLER_0_84_525, 256.84, 242.08, 1.8
FILLER_0_85_553, 269.64, 242.08, 1.8
FILLER_0_84_581, 282.44, 242.08, 1.8
FILLER_0_85_609, 295.24, 242.08, 1.8
FILLER_0_84_637, 308.04, 242.08, 1.8
FILLER_0_85_665, 320.84, 242.08, 1.8
FILLER_0_85_721, 344.836, 242.08, 1.8
FILLER_0_84_749, 356.032, 242.08, 1.8
FILLER_0_85_777, 367.228, 242.08, 1.8
FILLER_0_86_805, 378.424, 242.08, 1.8
PHY_164, 10.12, 236.64, 1.8
PHY_166, 10.12, 236.64, 1.8
PHY_165, 389.62, 236.64, 1.8
PHY_167, 389.62, 236.64, 1.8
FILLER_0_82_813, 389.62, 236.64, 1.8
FILLER_0_83_51, 39.24, 236.64, 1.8
FILLER_0_84_77, 39.24, 236.64, 1.8
FILLER_0_83_105, 52.04, 236.64, 1.8
FILLER_0_82_133, 77.64, 236.64, 1.8
FILLER_0_83_161, 90.44, 236.64, 1.8
FILLER_0_82_189, 103.24, 236.64, 1.8
FILLER_0_83_217, 116.04, 236.64, 1.8
FILLER_0_82_245, 128.84, 236.64, 1.8
FILLER_0_83_273, 141.64, 236.64, 1.8
FILLER_0_82_301, 154.44, 236.64, 1.8
FILLER_0_83_329, 167.24, 236.64, 1.8
FILLER_0_83_385, 192.84, 236.64, 1.8
FILLER_0_82_413, 205.64, 236.64, 1.8
FILLER_0_83_441, 218.44, 236.64, 1.8
FILLER_0_82_469, 231.24, 236.64, 1.8
FILLER_0_83_497, 244.04, 236.64, 1.8
FILLER_0_82_525, 256.84, 236.64, 1.8
FILLER_0_83_553, 269.64, 236.64, 1.8
FILLER_0_82_581, 282.44, 236.64, 1.8
FILLER_0_83_609, 295.24, 236.64, 1.8
FILLER_0_82_637, 308.04, 236.64, 1.8
FILLER_0_83_665, 320.84, 236.64, 1.8
FILLER_0_83_721, 344.836, 236.64, 1.8
FILLER_0_82_749, 356.032, 236.64, 1.8
FILLER_0_83_777, 367.228, 236.64, 1.8
FILLER_0_84_805, 378.424, 236.64, 1.8
PHY_160, 10.12, 231.2, 1.8
PHY_162, 10.12, 231.2, 1.8
PHY_161, 389.62, 231.2, 1.8
PHY_163, 389.62, 231.2, 1.8
FILLER_0_80_813, 389.62, 231.2, 1.8
FILLER_0_81_51, 39.24, 231.2, 1.8
FILLER_0_82_77, 39.24, 231.2, 1.8
FILLER_0_81_105, 52.04, 231.2, 1.8
FILLER_0_80_133, 77.64, 231.2, 1.8
FILLER_0_81_161, 90.44, 231.2, 1.8
FILLER_0_80_189, 103.24, 231.2, 1.8
FILLER_0_81_217, 116.04, 231.2, 1.8
FILLER_0_80_245, 128.84, 231.2, 1.8
FILLER_0_81_273, 141.64, 231.2, 1.8
FILLER_0_80_301, 154.44, 231.2, 1.8
FILLER_0_81_329, 167.24, 231.2, 1.8
FILLER_0_81_385, 192.84, 231.2, 1.8
FILLER_0_80_413, 205.64, 231.2, 1.8
FILLER_0_81_441, 218.44, 231.2, 1.8
FILLER_0_80_469, 231.24, 231.2, 1.8
FILLER_0_81_497, 244.04, 231.2, 1.8
FILLER_0_80_525, 256.84, 231.2, 1.8
FILLER_0_81_553, 269.64, 231.2, 1.8
FILLER_0_80_581, 282.44, 231.2, 1.8
FILLER_0_81_609, 295.24, 231.2, 1.8
FILLER_0_80_637, 308.04, 231.2, 1.8
FILLER_0_81_665, 320.84, 231.2, 1.8
FILLER_0_81_721, 344.836, 231.2, 1.8
FILLER_0_80_749, 356.032, 231.2, 1.8
FILLER_0_81_777, 367.228, 231.2, 1.8
FILLER_0_82_805, 378.424, 231.2, 1.8
computer_8, 10.12, 225.76, 1.8
PHY_156, 10.12, 225.76, 1.8
PHY_158, 10.12, 225.76, 1.8
PHY_157, 389.62, 225.76, 1.8
PHY_159, 389.62, 225.76, 1.8
FILLER_0_78_813, 389.62, 225.76, 1.8
FILLER_0_80_18, 18.28, 225.76, 1.8
FILLER_0_79_51, 39.24, 225.76, 1.8
FILLER_0_80_77, 39.24, 225.76, 1.8
FILLER_0_79_105, 52.04, 225.76, 1.8
FILLER_0_78_133, 77.64, 225.76, 1.8
FILLER_0_79_161, 90.44, 225.76, 1.8
FILLER_0_78_189, 103.24, 225.76, 1.8
FILLER_0_79_217, 116.04, 225.76, 1.8
FILLER_0_78_245, 128.84, 225.76, 1.8
FILLER_0_79_273, 141.64, 225.76, 1.8
FILLER_0_78_301, 154.44, 225.76, 1.8
FILLER_0_79_329, 167.24, 225.76, 1.8
FILLER_0_79_385, 192.84, 225.76, 1.8
FILLER_0_78_413, 205.64, 225.76, 1.8
FILLER_0_79_441, 218.44, 225.76, 1.8
FILLER_0_78_469, 231.24, 225.76, 1.8
FILLER_0_79_497, 244.04, 225.76, 1.8
FILLER_0_78_525, 256.84, 225.76, 1.8
FILLER_0_79_553, 269.64, 225.76, 1.8
FILLER_0_78_581, 282.44, 225.76, 1.8
FILLER_0_79_609, 295.24, 225.76, 1.8
FILLER_0_78_637, 308.04, 225.76, 1.8
FILLER_0_79_665, 320.84, 225.76, 1.8
FILLER_0_79_721, 344.836, 225.76, 1.8
FILLER_0_78_749, 356.032, 225.76, 1.8
FILLER_0_79_777, 367.228, 225.76, 1.8
FILLER_0_80_805, 378.424, 225.76, 1.8
PHY_152, 10.12, 220.32, 1.8
PHY_154, 10.12, 220.32, 1.8
PHY_153, 389.62, 220.32, 1.8
PHY_155, 389.62, 220.32, 1.8
FILLER_0_76_813, 389.62, 220.32, 1.8
FILLER_0_77_51, 39.24, 220.32, 1.8
FILLER_0_78_77, 39.24, 220.32, 1.8
FILLER_0_77_105, 52.04, 220.32, 1.8
FILLER_0_76_133, 77.64, 220.32, 1.8
FILLER_0_77_161, 90.44, 220.32, 1.8
FILLER_0_76_189, 103.24, 220.32, 1.8
FILLER_0_77_217, 116.04, 220.32, 1.8
FILLER_0_76_245, 128.84, 220.32, 1.8
FILLER_0_77_273, 141.64, 220.32, 1.8
FILLER_0_76_301, 154.44, 220.32, 1.8
FILLER_0_77_329, 167.24, 220.32, 1.8
FILLER_0_77_385, 192.84, 220.32, 1.8
FILLER_0_76_413, 205.64, 220.32, 1.8
FILLER_0_77_441, 218.44, 220.32, 1.8
FILLER_0_76_469, 231.24, 220.32, 1.8
FILLER_0_77_497, 244.04, 220.32, 1.8
FILLER_0_76_525, 256.84, 220.32, 1.8
FILLER_0_77_553, 269.64, 220.32, 1.8
FILLER_0_76_581, 282.44, 220.32, 1.8
FILLER_0_77_609, 295.24, 220.32, 1.8
FILLER_0_76_637, 308.04, 220.32, 1.8
FILLER_0_77_665, 320.84, 220.32, 1.8
FILLER_0_77_721, 344.836, 220.32, 1.8
FILLER_0_76_749, 356.032, 220.32, 1.8
FILLER_0_77_777, 367.228, 220.32, 1.8
FILLER_0_78_805, 378.424, 220.32, 1.8
PHY_148, 10.12, 214.88, 1.8
PHY_150, 10.12, 214.88, 1.8
PHY_149, 389.62, 214.88, 1.8
PHY_151, 389.62, 214.88, 1.8
FILLER_0_74_813, 389.62, 214.88, 1.8
FILLER_0_75_51, 39.24, 214.88, 1.8
FILLER_0_76_77, 39.24, 214.88, 1.8
FILLER_0_75_105, 52.04, 214.88, 1.8
FILLER_0_74_133, 77.64, 214.88, 1.8
FILLER_0_75_161, 90.44, 214.88, 1.8
FILLER_0_74_189, 103.24, 214.88, 1.8
FILLER_0_75_217, 116.04, 214.88, 1.8
FILLER_0_74_245, 128.84, 214.88, 1.8
FILLER_0_75_273, 141.64, 214.88, 1.8
FILLER_0_74_301, 154.44, 214.88, 1.8
FILLER_0_75_329, 167.24, 214.88, 1.8
FILLER_0_75_385, 192.84, 214.88, 1.8
FILLER_0_74_413, 205.64, 214.88, 1.8
FILLER_0_75_441, 218.44, 214.88, 1.8
FILLER_0_74_469, 231.24, 214.88, 1.8
FILLER_0_75_497, 244.04, 214.88, 1.8
FILLER_0_74_525, 256.84, 214.88, 1.8
FILLER_0_75_553, 269.64, 214.88, 1.8
FILLER_0_74_581, 282.44, 214.88, 1.8
FILLER_0_75_609, 295.24, 214.88, 1.8
FILLER_0_74_637, 308.04, 214.88, 1.8
FILLER_0_75_665, 320.84, 214.88, 1.8
FILLER_0_75_721, 344.836, 214.88, 1.8
FILLER_0_74_749, 356.032, 214.88, 1.8
FILLER_0_75_777, 367.228, 214.88, 1.8
FILLER_0_76_805, 378.424, 214.88, 1.8
PHY_144, 10.12, 209.44, 1.8
PHY_146, 10.12, 209.44, 1.8
PHY_145, 389.62, 209.44, 1.8
PHY_147, 389.62, 209.44, 1.8
FILLER_0_72_813, 389.62, 209.44, 1.8
FILLER_0_73_51, 39.24, 209.44, 1.8
FILLER_0_74_77, 39.24, 209.44, 1.8
FILLER_0_73_105, 52.04, 209.44, 1.8
FILLER_0_72_133, 77.64, 209.44, 1.8
FILLER_0_73_161, 90.44, 209.44, 1.8
FILLER_0_72_189, 103.24, 209.44, 1.8
FILLER_0_73_217, 116.04, 209.44, 1.8
FILLER_0_72_245, 128.84, 209.44, 1.8
FILLER_0_73_273, 141.64, 209.44, 1.8
FILLER_0_72_301, 154.44, 209.44, 1.8
FILLER_0_73_329, 167.24, 209.44, 1.8
FILLER_0_73_385, 192.84, 209.44, 1.8
FILLER_0_72_413, 205.64, 209.44, 1.8
FILLER_0_73_441, 218.44, 209.44, 1.8
FILLER_0_72_469, 231.24, 209.44, 1.8
FILLER_0_73_497, 244.04, 209.44, 1.8
FILLER_0_72_525, 256.84, 209.44, 1.8
FILLER_0_73_553, 269.64, 209.44, 1.8
FILLER_0_72_581, 282.44, 209.44, 1.8
FILLER_0_73_609, 295.24, 209.44, 1.8
FILLER_0_72_637, 308.04, 209.44, 1.8
FILLER_0_73_665, 320.84, 209.44, 1.8
FILLER_0_73_721, 344.836, 209.44, 1.8
FILLER_0_72_749, 356.032, 209.44, 1.8
FILLER_0_73_777, 367.228, 209.44, 1.8
FILLER_0_74_805, 378.424, 209.44, 1.8
PHY_140, 10.12, 204, 1.8
PHY_142, 10.12, 204, 1.8
computer_21, 389.62, 204, 1.8
PHY_141, 389.62, 204, 1.8
PHY_143, 389.62, 204, 1.8
FILLER_0_70_813, 389.62, 204, 1.8
FILLER_0_71_51, 39.24, 204, 1.8
FILLER_0_72_77, 39.24, 204, 1.8
FILLER_0_71_105, 52.04, 204, 1.8
FILLER_0_70_133, 77.64, 204, 1.8
FILLER_0_71_161, 90.44, 204, 1.8
FILLER_0_70_189, 103.24, 204, 1.8
FILLER_0_71_217, 116.04, 204, 1.8
FILLER_0_70_245, 128.84, 204, 1.8
FILLER_0_71_273, 141.64, 204, 1.8
FILLER_0_70_301, 154.44, 204, 1.8
FILLER_0_71_329, 167.24, 204, 1.8
FILLER_0_71_385, 192.84, 204, 1.8
FILLER_0_70_413, 205.64, 204, 1.8
FILLER_0_71_441, 218.44, 204, 1.8
FILLER_0_70_469, 231.24, 204, 1.8
FILLER_0_71_497, 244.04, 204, 1.8
FILLER_0_70_525, 256.84, 204, 1.8
FILLER_0_71_553, 269.64, 204, 1.8
FILLER_0_70_581, 282.44, 204, 1.8
FILLER_0_71_609, 295.24, 204, 1.8
FILLER_0_70_637, 308.04, 204, 1.8
FILLER_0_71_665, 320.84, 204, 1.8
FILLER_0_71_721, 344.836, 204, 1.8
FILLER_0_70_749, 356.032, 204, 1.8
FILLER_0_71_777, 367.228, 204, 1.8
FILLER_0_72_805, 378.424, 204, 1.8
PHY_136, 10.12, 198.56, 1.8
PHY_138, 10.12, 198.56, 1.8
PHY_137, 389.62, 198.56, 1.8
PHY_139, 389.62, 198.56, 1.8
FILLER_0_68_813, 389.62, 198.56, 1.8
FILLER_0_69_51, 39.24, 198.56, 1.8
FILLER_0_70_77, 39.24, 198.56, 1.8
FILLER_0_69_105, 52.04, 198.56, 1.8
FILLER_0_68_133, 77.64, 198.56, 1.8
FILLER_0_69_161, 90.44, 198.56, 1.8
FILLER_0_68_189, 103.24, 198.56, 1.8
FILLER_0_69_217, 116.04, 198.56, 1.8
FILLER_0_68_245, 128.84, 198.56, 1.8
FILLER_0_69_273, 141.64, 198.56, 1.8
FILLER_0_68_301, 154.44, 198.56, 1.8
FILLER_0_69_329, 167.24, 198.56, 1.8
FILLER_0_69_385, 192.84, 198.56, 1.8
FILLER_0_68_413, 205.64, 198.56, 1.8
FILLER_0_69_441, 218.44, 198.56, 1.8
FILLER_0_68_469, 231.24, 198.56, 1.8
FILLER_0_69_497, 244.04, 198.56, 1.8
FILLER_0_68_525, 256.84, 198.56, 1.8
FILLER_0_69_553, 269.64, 198.56, 1.8
FILLER_0_68_581, 282.44, 198.56, 1.8
FILLER_0_69_609, 295.24, 198.56, 1.8
FILLER_0_68_637, 308.04, 198.56, 1.8
FILLER_0_69_665, 320.84, 198.56, 1.8
FILLER_0_69_721, 344.836, 198.56, 1.8
FILLER_0_68_749, 356.032, 198.56, 1.8
FILLER_0_69_777, 367.228, 198.56, 1.8
FILLER_0_70_805, 378.424, 198.56, 1.8
PHY_132, 10.12, 193.12, 1.8
PHY_134, 10.12, 193.12, 1.8
PHY_133, 389.62, 193.12, 1.8
PHY_135, 389.62, 193.12, 1.8
FILLER_0_66_813, 389.62, 193.12, 1.8
FILLER_0_67_51, 39.24, 193.12, 1.8
FILLER_0_68_77, 39.24, 193.12, 1.8
FILLER_0_67_105, 52.04, 193.12, 1.8
FILLER_0_66_133, 77.64, 193.12, 1.8
FILLER_0_67_161, 90.44, 193.12, 1.8
FILLER_0_66_189, 103.24, 193.12, 1.8
FILLER_0_67_217, 116.04, 193.12, 1.8
FILLER_0_66_245, 128.84, 193.12, 1.8
FILLER_0_67_273, 141.64, 193.12, 1.8
FILLER_0_66_301, 154.44, 193.12, 1.8
FILLER_0_67_329, 167.24, 193.12, 1.8
FILLER_0_67_385, 192.84, 193.12, 1.8
FILLER_0_66_413, 205.64, 193.12, 1.8
FILLER_0_67_441, 218.44, 193.12, 1.8
FILLER_0_66_469, 231.24, 193.12, 1.8
FILLER_0_67_497, 244.04, 193.12, 1.8
FILLER_0_66_525, 256.84, 193.12, 1.8
FILLER_0_67_553, 269.64, 193.12, 1.8
FILLER_0_66_581, 282.44, 193.12, 1.8
FILLER_0_67_609, 295.24, 193.12, 1.8
FILLER_0_66_637, 308.04, 193.12, 1.8
FILLER_0_67_665, 320.84, 193.12, 1.8
FILLER_0_67_721, 344.836, 193.12, 1.8
FILLER_0_66_749, 356.032, 193.12, 1.8
FILLER_0_67_777, 367.228, 193.12, 1.8
FILLER_0_68_805, 378.424, 193.12, 1.8
PHY_128, 10.12, 187.68, 1.8
PHY_130, 10.12, 187.68, 1.8
PHY_129, 389.62, 187.68, 1.8
PHY_131, 389.62, 187.68, 1.8
FILLER_0_64_813, 389.62, 187.68, 1.8
FILLER_0_65_51, 39.24, 187.68, 1.8
FILLER_0_66_77, 39.24, 187.68, 1.8
FILLER_0_65_105, 52.04, 187.68, 1.8
FILLER_0_64_133, 77.64, 187.68, 1.8
FILLER_0_65_161, 90.44, 187.68, 1.8
FILLER_0_64_189, 103.24, 187.68, 1.8
FILLER_0_65_217, 116.04, 187.68, 1.8
FILLER_0_64_245, 128.84, 187.68, 1.8
FILLER_0_65_273, 141.64, 187.68, 1.8
FILLER_0_64_301, 154.44, 187.68, 1.8
FILLER_0_65_329, 167.24, 187.68, 1.8
FILLER_0_65_385, 192.84, 187.68, 1.8
FILLER_0_64_413, 205.64, 187.68, 1.8
FILLER_0_65_441, 218.44, 187.68, 1.8
FILLER_0_64_469, 231.24, 187.68, 1.8
FILLER_0_65_497, 244.04, 187.68, 1.8
FILLER_0_64_525, 256.84, 187.68, 1.8
FILLER_0_65_553, 269.64, 187.68, 1.8
FILLER_0_64_581, 282.44, 187.68, 1.8
FILLER_0_65_609, 295.24, 187.68, 1.8
FILLER_0_64_637, 308.04, 187.68, 1.8
FILLER_0_65_665, 320.84, 187.68, 1.8
FILLER_0_65_721, 344.836, 187.68, 1.8
FILLER_0_64_749, 356.032, 187.68, 1.8
FILLER_0_65_777, 367.228, 187.68, 1.8
FILLER_0_66_805, 378.424, 187.68, 1.8
PHY_124, 10.12, 182.24, 1.8
PHY_126, 10.12, 182.24, 1.8
PHY_125, 389.62, 182.24, 1.8
PHY_127, 389.62, 182.24, 1.8
FILLER_0_62_813, 389.62, 182.24, 1.8
FILLER_0_63_51, 39.24, 182.24, 1.8
FILLER_0_64_77, 39.24, 182.24, 1.8
FILLER_0_63_105, 52.04, 182.24, 1.8
FILLER_0_62_133, 77.64, 182.24, 1.8
FILLER_0_63_161, 90.44, 182.24, 1.8
FILLER_0_62_189, 103.24, 182.24, 1.8
FILLER_0_63_217, 116.04, 182.24, 1.8
FILLER_0_62_245, 128.84, 182.24, 1.8
FILLER_0_63_273, 141.64, 182.24, 1.8
FILLER_0_62_301, 154.44, 182.24, 1.8
FILLER_0_63_329, 167.24, 182.24, 1.8
FILLER_0_63_385, 192.84, 182.24, 1.8
FILLER_0_62_413, 205.64, 182.24, 1.8
FILLER_0_63_441, 218.44, 182.24, 1.8
FILLER_0_62_469, 231.24, 182.24, 1.8
FILLER_0_63_497, 244.04, 182.24, 1.8
FILLER_0_62_525, 256.84, 182.24, 1.8
FILLER_0_63_553, 269.64, 182.24, 1.8
FILLER_0_62_581, 282.44, 182.24, 1.8
FILLER_0_63_609, 295.24, 182.24, 1.8
FILLER_0_62_637, 308.04, 182.24, 1.8
FILLER_0_63_665, 320.84, 182.24, 1.8
FILLER_0_63_721, 344.836, 182.24, 1.8
FILLER_0_62_749, 356.032, 182.24, 1.8
FILLER_0_63_777, 367.228, 182.24, 1.8
FILLER_0_64_805, 378.424, 182.24, 1.8
PHY_120, 10.12, 176.8, 1.8
PHY_122, 10.12, 176.8, 1.8
PHY_121, 389.62, 176.8, 1.8
PHY_123, 389.62, 176.8, 1.8
FILLER_0_60_813, 389.62, 176.8, 1.8
FILLER_0_61_51, 39.24, 176.8, 1.8
FILLER_0_62_77, 39.24, 176.8, 1.8
FILLER_0_61_105, 52.04, 176.8, 1.8
FILLER_0_60_133, 77.64, 176.8, 1.8
FILLER_0_61_161, 90.44, 176.8, 1.8
FILLER_0_60_189, 103.24, 176.8, 1.8
FILLER_0_61_217, 116.04, 176.8, 1.8
FILLER_0_60_245, 128.84, 176.8, 1.8
FILLER_0_61_273, 141.64, 176.8, 1.8
FILLER_0_60_301, 154.44, 176.8, 1.8
FILLER_0_61_329, 167.24, 176.8, 1.8
FILLER_0_61_385, 192.84, 176.8, 1.8
FILLER_0_60_413, 205.64, 176.8, 1.8
FILLER_0_61_441, 218.44, 176.8, 1.8
FILLER_0_60_469, 231.24, 176.8, 1.8
FILLER_0_61_497, 244.04, 176.8, 1.8
FILLER_0_60_525, 256.84, 176.8, 1.8
FILLER_0_61_553, 269.64, 176.8, 1.8
FILLER_0_60_581, 282.44, 176.8, 1.8
FILLER_0_61_609, 295.24, 176.8, 1.8
FILLER_0_60_637, 308.04, 176.8, 1.8
FILLER_0_61_665, 320.84, 176.8, 1.8
FILLER_0_61_721, 344.836, 176.8, 1.8
FILLER_0_60_749, 356.032, 176.8, 1.8
FILLER_0_61_777, 367.228, 176.8, 1.8
FILLER_0_62_805, 378.424, 176.8, 1.8
computer_18, 10.12, 171.36, 1.8
PHY_116, 10.12, 171.36, 1.8
PHY_118, 10.12, 171.36, 1.8
PHY_117, 389.62, 171.36, 1.8
PHY_119, 389.62, 171.36, 1.8
FILLER_0_58_813, 389.62, 171.36, 1.8
FILLER_0_60_77, 39.24, 171.36, 1.8
FILLER_0_59_105, 52.04, 171.36, 1.8
FILLER_0_58_133, 77.64, 171.36, 1.8
FILLER_0_59_161, 90.44, 171.36, 1.8
FILLER_0_58_189, 103.24, 171.36, 1.8
FILLER_0_59_217, 116.04, 171.36, 1.8
FILLER_0_58_245, 128.84, 171.36, 1.8
FILLER_0_59_273, 141.64, 171.36, 1.8
FILLER_0_58_301, 154.44, 171.36, 1.8
FILLER_0_59_329, 167.24, 171.36, 1.8
FILLER_0_59_385, 192.84, 171.36, 1.8
FILLER_0_58_413, 205.64, 171.36, 1.8
FILLER_0_59_441, 218.44, 171.36, 1.8
FILLER_0_58_469, 231.24, 171.36, 1.8
FILLER_0_59_497, 244.04, 171.36, 1.8
FILLER_0_58_525, 256.84, 171.36, 1.8
FILLER_0_59_553, 269.64, 171.36, 1.8
FILLER_0_58_581, 282.44, 171.36, 1.8
FILLER_0_59_609, 295.24, 171.36, 1.8
FILLER_0_58_637, 308.04, 171.36, 1.8
FILLER_0_59_665, 320.84, 171.36, 1.8
FILLER_0_59_721, 344.836, 171.36, 1.8
FILLER_0_58_749, 356.032, 171.36, 1.8
FILLER_0_59_777, 367.228, 171.36, 1.8
FILLER_0_60_805, 378.424, 171.36, 1.8
PHY_112, 10.12, 165.92, 1.8
PHY_114, 10.12, 165.92, 1.8
PHY_113, 389.62, 165.92, 1.8
PHY_115, 389.62, 165.92, 1.8
FILLER_0_56_813, 389.62, 165.92, 1.8
FILLER_0_57_51, 39.24, 165.92, 1.8
FILLER_0_58_77, 39.24, 165.92, 1.8
FILLER_0_57_105, 52.04, 165.92, 1.8
FILLER_0_56_133, 77.64, 165.92, 1.8
FILLER_0_57_161, 90.44, 165.92, 1.8
FILLER_0_56_189, 103.24, 165.92, 1.8
FILLER_0_57_217, 116.04, 165.92, 1.8
FILLER_0_56_245, 128.84, 165.92, 1.8
FILLER_0_57_273, 141.64, 165.92, 1.8
FILLER_0_56_301, 154.44, 165.92, 1.8
FILLER_0_57_329, 167.24, 165.92, 1.8
FILLER_0_57_385, 192.84, 165.92, 1.8
FILLER_0_56_413, 205.64, 165.92, 1.8
FILLER_0_57_441, 218.44, 165.92, 1.8
FILLER_0_56_469, 231.24, 165.92, 1.8
FILLER_0_57_497, 244.04, 165.92, 1.8
FILLER_0_56_525, 256.84, 165.92, 1.8
FILLER_0_57_553, 269.64, 165.92, 1.8
FILLER_0_56_581, 282.44, 165.92, 1.8
FILLER_0_57_609, 295.24, 165.92, 1.8
FILLER_0_56_637, 308.04, 165.92, 1.8
FILLER_0_57_665, 320.84, 165.92, 1.8
FILLER_0_57_721, 344.836, 165.92, 1.8
FILLER_0_56_749, 356.032, 165.92, 1.8
FILLER_0_57_777, 367.228, 165.92, 1.8
FILLER_0_58_805, 378.424, 165.92, 1.8
PHY_108, 10.12, 160.48, 1.8
PHY_110, 10.12, 160.48, 1.8
PHY_109, 389.62, 160.48, 1.8
PHY_111, 389.62, 160.48, 1.8
FILLER_0_54_813, 389.62, 160.48, 1.8
FILLER_0_55_51, 39.24, 160.48, 1.8
FILLER_0_56_77, 39.24, 160.48, 1.8
FILLER_0_55_105, 52.04, 160.48, 1.8
FILLER_0_54_133, 77.64, 160.48, 1.8
FILLER_0_55_161, 90.44, 160.48, 1.8
FILLER_0_54_189, 103.24, 160.48, 1.8
FILLER_0_55_217, 116.04, 160.48, 1.8
FILLER_0_54_245, 128.84, 160.48, 1.8
FILLER_0_55_273, 141.64, 160.48, 1.8
FILLER_0_54_301, 154.44, 160.48, 1.8
FILLER_0_55_329, 167.24, 160.48, 1.8
FILLER_0_55_385, 192.84, 160.48, 1.8
FILLER_0_54_413, 205.64, 160.48, 1.8
FILLER_0_55_441, 218.44, 160.48, 1.8
FILLER_0_54_469, 231.24, 160.48, 1.8
FILLER_0_55_497, 244.04, 160.48, 1.8
FILLER_0_54_525, 256.84, 160.48, 1.8
FILLER_0_55_553, 269.64, 160.48, 1.8
FILLER_0_54_581, 282.44, 160.48, 1.8
FILLER_0_55_609, 295.24, 160.48, 1.8
FILLER_0_54_637, 308.04, 160.48, 1.8
FILLER_0_55_665, 320.84, 160.48, 1.8
FILLER_0_55_721, 344.836, 160.48, 1.8
FILLER_0_54_749, 356.032, 160.48, 1.8
FILLER_0_55_777, 367.228, 160.48, 1.8
FILLER_0_56_805, 378.424, 160.48, 1.8
PHY_104, 10.12, 155.04, 1.8
PHY_106, 10.12, 155.04, 1.8
PHY_105, 389.62, 155.04, 1.8
PHY_107, 389.62, 155.04, 1.8
FILLER_0_52_813, 389.62, 155.04, 1.8
FILLER_0_53_51, 39.24, 155.04, 1.8
FILLER_0_54_77, 39.24, 155.04, 1.8
FILLER_0_53_105, 52.04, 155.04, 1.8
FILLER_0_52_133, 77.64, 155.04, 1.8
FILLER_0_53_161, 90.44, 155.04, 1.8
FILLER_0_52_189, 103.24, 155.04, 1.8
FILLER_0_53_217, 116.04, 155.04, 1.8
FILLER_0_52_245, 128.84, 155.04, 1.8
FILLER_0_53_273, 141.64, 155.04, 1.8
FILLER_0_52_301, 154.44, 155.04, 1.8
FILLER_0_53_329, 167.24, 155.04, 1.8
FILLER_0_53_385, 192.84, 155.04, 1.8
FILLER_0_52_413, 205.64, 155.04, 1.8
FILLER_0_53_441, 218.44, 155.04, 1.8
FILLER_0_52_469, 231.24, 155.04, 1.8
FILLER_0_53_497, 244.04, 155.04, 1.8
FILLER_0_52_525, 256.84, 155.04, 1.8
FILLER_0_53_553, 269.64, 155.04, 1.8
FILLER_0_52_581, 282.44, 155.04, 1.8
FILLER_0_53_609, 295.24, 155.04, 1.8
FILLER_0_52_637, 308.04, 155.04, 1.8
FILLER_0_53_665, 320.84, 155.04, 1.8
FILLER_0_53_721, 344.836, 155.04, 1.8
FILLER_0_52_749, 356.032, 155.04, 1.8
FILLER_0_53_777, 367.228, 155.04, 1.8
FILLER_0_54_805, 378.424, 155.04, 1.8
PHY_100, 10.12, 149.6, 1.8
PHY_102, 10.12, 149.6, 1.8
PHY_101, 389.62, 149.6, 1.8
PHY_103, 389.62, 149.6, 1.8
FILLER_0_50_813, 389.62, 149.6, 1.8
FILLER_0_51_51, 39.24, 149.6, 1.8
FILLER_0_52_77, 39.24, 149.6, 1.8
FILLER_0_51_105, 52.04, 149.6, 1.8
FILLER_0_50_133, 77.64, 149.6, 1.8
FILLER_0_51_161, 90.44, 149.6, 1.8
FILLER_0_50_189, 103.24, 149.6, 1.8
FILLER_0_51_217, 116.04, 149.6, 1.8
FILLER_0_50_245, 128.84, 149.6, 1.8
FILLER_0_51_273, 141.64, 149.6, 1.8
FILLER_0_50_301, 154.44, 149.6, 1.8
FILLER_0_51_329, 167.24, 149.6, 1.8
FILLER_0_51_385, 192.84, 149.6, 1.8
FILLER_0_50_413, 205.64, 149.6, 1.8
FILLER_0_51_441, 218.44, 149.6, 1.8
FILLER_0_50_469, 231.24, 149.6, 1.8
FILLER_0_51_497, 244.04, 149.6, 1.8
FILLER_0_50_525, 256.84, 149.6, 1.8
FILLER_0_51_553, 269.64, 149.6, 1.8
FILLER_0_50_581, 282.44, 149.6, 1.8
FILLER_0_51_609, 295.24, 149.6, 1.8
FILLER_0_50_637, 308.04, 149.6, 1.8
FILLER_0_51_665, 320.84, 149.6, 1.8
FILLER_0_51_721, 344.836, 149.6, 1.8
FILLER_0_50_749, 356.032, 149.6, 1.8
FILLER_0_51_777, 367.228, 149.6, 1.8
FILLER_0_52_805, 378.424, 149.6, 1.8
PHY_96, 10.12, 144.16, 1.8
PHY_98, 10.12, 144.16, 1.8
PHY_97, 389.62, 144.16, 1.79999
PHY_99, 389.62, 144.16, 1.79999
input1, 389.62, 144.16, 1.79999
FILLER_0_48_813, 389.62, 144.16, 1.79999
FILLER_0_49_51, 39.24, 144.16, 1.8
FILLER_0_50_77, 39.24, 144.16, 1.8
FILLER_0_49_105, 52.04, 144.16, 1.8
FILLER_0_48_133, 77.64, 144.16, 1.8
FILLER_0_49_161, 90.44, 144.16, 1.8
FILLER_0_48_189, 103.24, 144.16, 1.8
FILLER_0_49_217, 116.04, 144.16, 1.8
FILLER_0_48_245, 128.84, 144.16, 1.8
FILLER_0_49_273, 141.64, 144.16, 1.8
FILLER_0_48_301, 154.44, 144.16, 1.8
FILLER_0_49_329, 167.24, 144.16, 1.8
FILLER_0_49_385, 192.84, 144.16, 1.8
FILLER_0_48_413, 205.64, 144.16, 1.8
FILLER_0_49_441, 218.44, 144.16, 1.8
FILLER_0_48_469, 231.24, 144.16, 1.8
FILLER_0_49_497, 244.04, 144.16, 1.8
FILLER_0_48_525, 256.84, 144.16, 1.8
FILLER_0_49_553, 269.64, 144.16, 1.8
FILLER_0_48_581, 282.44, 144.16, 1.8
FILLER_0_49_609, 295.24, 144.16, 1.8
FILLER_0_48_637, 308.04, 144.16, 1.8
FILLER_0_49_665, 320.84, 144.16, 1.8
FILLER_0_49_721, 344.836, 144.16, 1.79999
FILLER_0_48_749, 356.032, 144.16, 1.79999
FILLER_0_49_777, 367.228, 144.16, 1.79999
FILLER_0_49_809, 378.424, 144.16, 1.79999
FILLER_0_50_805, 378.424, 144.16, 1.79999
PHY_92, 10.12, 138.72, 1.8
PHY_94, 10.12, 138.72, 1.8
PHY_93, 389.62, 138.72, 1.8
PHY_95, 389.62, 138.72, 1.8
FILLER_0_46_813, 389.62, 138.72, 1.8
FILLER_0_47_51, 39.24, 138.72, 1.8
FILLER_0_48_77, 39.24, 138.72, 1.8
FILLER_0_47_105, 52.04, 138.72, 1.8
FILLER_0_46_133, 77.64, 138.72, 1.8
FILLER_0_47_161, 90.44, 138.72, 1.8
FILLER_0_46_189, 103.24, 138.72, 1.8
FILLER_0_47_217, 116.04, 138.72, 1.8
FILLER_0_46_245, 128.84, 138.72, 1.8
FILLER_0_47_273, 141.64, 138.72, 1.8
FILLER_0_46_301, 154.44, 138.72, 1.8
FILLER_0_47_329, 167.24, 138.72, 1.8
FILLER_0_47_385, 192.84, 138.72, 1.8
FILLER_0_46_413, 205.64, 138.72, 1.8
FILLER_0_47_441, 218.44, 138.72, 1.8
FILLER_0_46_469, 231.24, 138.72, 1.8
FILLER_0_47_497, 244.04, 138.72, 1.8
FILLER_0_46_525, 256.84, 138.72, 1.8
FILLER_0_47_553, 269.64, 138.72, 1.8
FILLER_0_46_581, 282.44, 138.72, 1.8
FILLER_0_47_609, 295.24, 138.72, 1.8
FILLER_0_46_637, 308.04, 138.72, 1.8
FILLER_0_47_665, 320.84, 138.72, 1.8
FILLER_0_47_721, 344.836, 138.72, 1.8
FILLER_0_46_749, 356.032, 138.72, 1.8
FILLER_0_47_777, 367.228, 138.72, 1.8
FILLER_0_48_805, 378.424, 138.72, 1.8
PHY_88, 10.12, 133.28, 1.8
PHY_90, 10.12, 133.28, 1.8
PHY_89, 389.62, 133.28, 1.8
PHY_91, 389.62, 133.28, 1.8
FILLER_0_44_813, 389.62, 133.28, 1.8
FILLER_0_45_51, 39.24, 133.28, 1.8
FILLER_0_46_77, 39.24, 133.28, 1.8
FILLER_0_45_105, 52.04, 133.28, 1.8
FILLER_0_44_133, 77.64, 133.28, 1.8
FILLER_0_45_161, 90.44, 133.28, 1.8
FILLER_0_44_189, 103.24, 133.28, 1.8
FILLER_0_45_217, 116.04, 133.28, 1.8
FILLER_0_44_245, 128.84, 133.28, 1.8
FILLER_0_45_273, 141.64, 133.28, 1.8
FILLER_0_44_301, 154.44, 133.28, 1.8
FILLER_0_45_329, 167.24, 133.28, 1.8
FILLER_0_45_385, 192.84, 133.28, 1.8
FILLER_0_44_413, 205.64, 133.28, 1.8
FILLER_0_45_441, 218.44, 133.28, 1.8
FILLER_0_44_469, 231.24, 133.28, 1.8
FILLER_0_45_497, 244.04, 133.28, 1.8
FILLER_0_44_525, 256.84, 133.28, 1.8
FILLER_0_45_553, 269.64, 133.28, 1.8
FILLER_0_44_581, 282.44, 133.28, 1.8
FILLER_0_45_609, 295.24, 133.28, 1.8
FILLER_0_44_637, 308.04, 133.28, 1.8
FILLER_0_45_665, 320.84, 133.28, 1.8
FILLER_0_45_721, 344.836, 133.28, 1.8
FILLER_0_44_749, 356.032, 133.28, 1.8
FILLER_0_45_777, 367.228, 133.28, 1.8
FILLER_0_46_805, 378.424, 133.28, 1.8
PHY_84, 10.12, 127.84, 1.8
PHY_86, 10.12, 127.84, 1.8
PHY_85, 389.62, 127.84, 1.8
PHY_87, 389.62, 127.84, 1.8
FILLER_0_42_813, 389.62, 127.84, 1.8
FILLER_0_43_51, 39.24, 127.84, 1.8
FILLER_0_44_77, 39.24, 127.84, 1.8
FILLER_0_43_105, 52.04, 127.84, 1.8
FILLER_0_42_133, 77.64, 127.84, 1.8
FILLER_0_43_161, 90.44, 127.84, 1.8
FILLER_0_42_189, 103.24, 127.84, 1.8
FILLER_0_43_217, 116.04, 127.84, 1.8
FILLER_0_42_245, 128.84, 127.84, 1.8
FILLER_0_43_273, 141.64, 127.84, 1.8
FILLER_0_42_301, 154.44, 127.84, 1.8
FILLER_0_43_329, 167.24, 127.84, 1.8
FILLER_0_43_385, 192.84, 127.84, 1.8
FILLER_0_42_413, 205.64, 127.84, 1.8
FILLER_0_43_441, 218.44, 127.84, 1.8
FILLER_0_42_469, 231.24, 127.84, 1.8
FILLER_0_43_497, 244.04, 127.84, 1.8
FILLER_0_42_525, 256.84, 127.84, 1.8
FILLER_0_43_553, 269.64, 127.84, 1.8
FILLER_0_42_581, 282.44, 127.84, 1.8
FILLER_0_43_609, 295.24, 127.84, 1.8
FILLER_0_42_637, 308.04, 127.84, 1.8
FILLER_0_43_665, 320.84, 127.84, 1.8
FILLER_0_43_721, 344.836, 127.84, 1.8
FILLER_0_42_749, 356.032, 127.84, 1.8
FILLER_0_43_777, 367.228, 127.84, 1.8
FILLER_0_44_805, 378.424, 127.84, 1.8
PHY_80, 10.12, 122.4, 1.8
PHY_82, 10.12, 122.4, 1.8
PHY_81, 389.62, 122.4, 1.8
PHY_83, 389.62, 122.4, 1.8
FILLER_0_40_813, 389.62, 122.4, 1.8
FILLER_0_41_51, 39.24, 122.4, 1.8
FILLER_0_42_77, 39.24, 122.4, 1.8
FILLER_0_41_105, 52.04, 122.4, 1.8
FILLER_0_40_133, 77.64, 122.4, 1.8
FILLER_0_41_161, 90.44, 122.4, 1.8
FILLER_0_40_189, 103.24, 122.4, 1.8
FILLER_0_41_217, 116.04, 122.4, 1.8
FILLER_0_40_245, 128.84, 122.4, 1.8
FILLER_0_41_273, 141.64, 122.4, 1.8
FILLER_0_40_301, 154.44, 122.4, 1.8
FILLER_0_41_329, 167.24, 122.4, 1.8
FILLER_0_41_385, 192.84, 122.4, 1.8
FILLER_0_40_413, 205.64, 122.4, 1.8
FILLER_0_41_441, 218.44, 122.4, 1.8
FILLER_0_40_469, 231.24, 122.4, 1.8
FILLER_0_41_497, 244.04, 122.4, 1.8
FILLER_0_40_525, 256.84, 122.4, 1.8
FILLER_0_41_553, 269.64, 122.4, 1.8
FILLER_0_40_581, 282.44, 122.4, 1.8
FILLER_0_41_609, 295.24, 122.4, 1.8
FILLER_0_40_637, 308.04, 122.4, 1.8
FILLER_0_41_665, 320.84, 122.4, 1.8
FILLER_0_41_721, 344.836, 122.4, 1.8
FILLER_0_40_749, 356.032, 122.4, 1.8
FILLER_0_41_777, 367.228, 122.4, 1.8
FILLER_0_42_805, 378.424, 122.4, 1.8
PHY_76, 10.12, 116.96, 1.8
PHY_78, 10.12, 116.96, 1.8
PHY_77, 389.62, 116.96, 1.8
PHY_79, 389.62, 116.96, 1.8
FILLER_0_38_813, 389.62, 116.96, 1.8
FILLER_0_39_51, 39.24, 116.96, 1.8
FILLER_0_40_77, 39.24, 116.96, 1.8
FILLER_0_39_105, 52.04, 116.96, 1.8
FILLER_0_38_133, 77.64, 116.96, 1.8
FILLER_0_39_161, 90.44, 116.96, 1.8
FILLER_0_38_189, 103.24, 116.96, 1.8
FILLER_0_39_217, 116.04, 116.96, 1.8
FILLER_0_38_245, 128.84, 116.96, 1.8
FILLER_0_39_273, 141.64, 116.96, 1.8
FILLER_0_38_301, 154.44, 116.96, 1.8
FILLER_0_39_329, 167.24, 116.96, 1.8
FILLER_0_39_385, 192.84, 116.96, 1.8
FILLER_0_38_413, 205.64, 116.96, 1.8
FILLER_0_39_441, 218.44, 116.96, 1.8
FILLER_0_38_469, 231.24, 116.96, 1.8
FILLER_0_39_497, 244.04, 116.96, 1.8
FILLER_0_38_525, 256.84, 116.96, 1.8
FILLER_0_39_553, 269.64, 116.96, 1.8
FILLER_0_38_581, 282.44, 116.96, 1.8
FILLER_0_39_609, 295.24, 116.96, 1.8
FILLER_0_38_637, 308.04, 116.96, 1.8
FILLER_0_39_665, 320.84, 116.96, 1.8
FILLER_0_39_721, 344.836, 116.96, 1.8
FILLER_0_38_749, 356.032, 116.96, 1.8
FILLER_0_39_777, 367.228, 116.96, 1.8
FILLER_0_40_805, 378.424, 116.96, 1.8
PHY_72, 10.12, 111.52, 1.8
PHY_74, 10.12, 111.52, 1.8
computer_3, 10.12, 111.52, 1.8
PHY_73, 389.62, 111.52, 1.8
PHY_75, 389.62, 111.52, 1.8
FILLER_0_36_813, 389.62, 111.52, 1.8
FILLER_0_38_77, 39.24, 111.52, 1.8
FILLER_0_37_105, 52.04, 111.52, 1.8
FILLER_0_36_133, 77.64, 111.52, 1.8
FILLER_0_37_161, 90.44, 111.52, 1.8
FILLER_0_36_189, 103.24, 111.52, 1.8
FILLER_0_37_217, 116.04, 111.52, 1.8
FILLER_0_36_245, 128.84, 111.52, 1.8
FILLER_0_37_273, 141.64, 111.52, 1.8
FILLER_0_36_301, 154.44, 111.52, 1.8
FILLER_0_37_329, 167.24, 111.52, 1.8
FILLER_0_37_385, 192.84, 111.52, 1.8
FILLER_0_36_413, 205.64, 111.52, 1.8
FILLER_0_37_441, 218.44, 111.52, 1.8
FILLER_0_36_469, 231.24, 111.52, 1.8
FILLER_0_37_497, 244.04, 111.52, 1.8
FILLER_0_36_525, 256.84, 111.52, 1.8
FILLER_0_37_553, 269.64, 111.52, 1.8
FILLER_0_36_581, 282.44, 111.52, 1.8
FILLER_0_37_609, 295.24, 111.52, 1.8
FILLER_0_36_637, 308.04, 111.52, 1.8
FILLER_0_37_665, 320.84, 111.52, 1.8
FILLER_0_37_721, 344.836, 111.52, 1.8
FILLER_0_36_749, 356.032, 111.52, 1.8
FILLER_0_37_777, 367.228, 111.52, 1.8
FILLER_0_38_805, 378.424, 111.52, 1.8
PHY_68, 10.12, 106.08, 1.8
PHY_70, 10.12, 106.08, 1.8
PHY_69, 389.62, 106.08, 1.8
PHY_71, 389.62, 106.08, 1.8
FILLER_0_34_813, 389.62, 106.08, 1.8
FILLER_0_35_51, 39.24, 106.08, 1.8
FILLER_0_36_77, 39.24, 106.08, 1.8
FILLER_0_35_105, 52.04, 106.08, 1.8
FILLER_0_34_133, 77.64, 106.08, 1.8
FILLER_0_35_161, 90.44, 106.08, 1.8
FILLER_0_34_189, 103.24, 106.08, 1.8
FILLER_0_35_217, 116.04, 106.08, 1.8
FILLER_0_34_245, 128.84, 106.08, 1.8
FILLER_0_35_273, 141.64, 106.08, 1.8
FILLER_0_34_301, 154.44, 106.08, 1.8
FILLER_0_35_329, 167.24, 106.08, 1.8
FILLER_0_35_385, 192.84, 106.08, 1.8
FILLER_0_34_413, 205.64, 106.08, 1.8
FILLER_0_35_441, 218.44, 106.08, 1.8
FILLER_0_34_469, 231.24, 106.08, 1.8
FILLER_0_35_497, 244.04, 106.08, 1.8
FILLER_0_34_525, 256.84, 106.08, 1.8
FILLER_0_35_553, 269.64, 106.08, 1.8
FILLER_0_34_581, 282.44, 106.08, 1.8
FILLER_0_35_609, 295.24, 106.08, 1.8
FILLER_0_34_637, 308.04, 106.08, 1.8
FILLER_0_35_665, 320.84, 106.08, 1.8
FILLER_0_35_721, 344.836, 106.08, 1.8
FILLER_0_34_749, 356.032, 106.08, 1.8
FILLER_0_35_777, 367.228, 106.08, 1.8
FILLER_0_36_805, 378.424, 106.08, 1.8
PHY_64, 10.12, 100.64, 1.8
PHY_66, 10.12, 100.64, 1.8
PHY_65, 389.62, 100.64, 1.8
PHY_67, 389.62, 100.64, 1.8
FILLER_0_32_813, 389.62, 100.64, 1.8
FILLER_0_33_51, 39.24, 100.64, 1.8
FILLER_0_34_77, 39.24, 100.64, 1.8
FILLER_0_33_105, 52.04, 100.64, 1.8
FILLER_0_32_133, 77.64, 100.64, 1.8
FILLER_0_33_161, 90.44, 100.64, 1.8
FILLER_0_32_189, 103.24, 100.64, 1.8
FILLER_0_33_217, 116.04, 100.64, 1.8
FILLER_0_32_245, 128.84, 100.64, 1.8
FILLER_0_33_273, 141.64, 100.64, 1.8
FILLER_0_32_301, 154.44, 100.64, 1.8
FILLER_0_33_329, 167.24, 100.64, 1.8
FILLER_0_33_385, 192.84, 100.64, 1.8
FILLER_0_32_413, 205.64, 100.64, 1.8
FILLER_0_33_441, 218.44, 100.64, 1.8
FILLER_0_32_469, 231.24, 100.64, 1.8
FILLER_0_33_497, 244.04, 100.64, 1.8
FILLER_0_32_525, 256.84, 100.64, 1.8
FILLER_0_33_553, 269.64, 100.64, 1.8
FILLER_0_32_581, 282.44, 100.64, 1.8
FILLER_0_33_609, 295.24, 100.64, 1.8
FILLER_0_32_637, 308.04, 100.64, 1.8
FILLER_0_33_665, 320.84, 100.64, 1.8
FILLER_0_33_721, 344.836, 100.64, 1.8
FILLER_0_32_749, 356.032, 100.64, 1.8
FILLER_0_33_777, 367.228, 100.64, 1.8
FILLER_0_34_805, 378.424, 100.64, 1.8
PHY_60, 10.12, 95.2, 1.8
PHY_62, 10.12, 95.2, 1.8
PHY_61, 389.62, 95.2, 1.8
PHY_63, 389.62, 95.2, 1.8
FILLER_0_30_813, 389.62, 95.2, 1.8
FILLER_0_31_51, 39.24, 95.2, 1.8
FILLER_0_32_77, 39.24, 95.2, 1.8
FILLER_0_31_105, 52.04, 95.2, 1.8
FILLER_0_30_133, 77.64, 95.2, 1.8
FILLER_0_31_161, 90.44, 95.2, 1.8
FILLER_0_30_189, 103.24, 95.2, 1.8
FILLER_0_31_217, 116.04, 95.2, 1.8
FILLER_0_30_245, 128.84, 95.2, 1.8
FILLER_0_31_273, 141.64, 95.2, 1.8
FILLER_0_30_301, 154.44, 95.2, 1.8
FILLER_0_31_329, 167.24, 95.2, 1.8
FILLER_0_31_385, 192.84, 95.2, 1.8
FILLER_0_30_413, 205.64, 95.2, 1.8
FILLER_0_31_441, 218.44, 95.2, 1.8
FILLER_0_30_469, 231.24, 95.2, 1.8
FILLER_0_31_497, 244.04, 95.2, 1.8
FILLER_0_30_525, 256.84, 95.2, 1.8
FILLER_0_31_553, 269.64, 95.2, 1.8
FILLER_0_30_581, 282.44, 95.2, 1.8
FILLER_0_31_609, 295.24, 95.2, 1.8
FILLER_0_30_637, 308.04, 95.2, 1.8
FILLER_0_31_665, 320.84, 95.2, 1.8
FILLER_0_31_721, 344.836, 95.2, 1.8
FILLER_0_30_749, 356.032, 95.2, 1.8
FILLER_0_31_777, 367.228, 95.2, 1.8
FILLER_0_32_805, 378.424, 95.2, 1.8
PHY_56, 10.12, 89.76, 1.8
PHY_58, 10.12, 89.76, 1.8
PHY_57, 389.62, 89.76, 1.8
PHY_59, 389.62, 89.76, 1.8
FILLER_0_28_813, 389.62, 89.76, 1.8
FILLER_0_29_51, 39.24, 89.76, 1.8
FILLER_0_30_77, 39.24, 89.76, 1.8
FILLER_0_29_105, 52.04, 89.76, 1.8
FILLER_0_28_133, 77.64, 89.76, 1.8
FILLER_0_29_161, 90.44, 89.76, 1.8
FILLER_0_28_189, 103.24, 89.76, 1.8
FILLER_0_29_217, 116.04, 89.76, 1.8
FILLER_0_28_245, 128.84, 89.76, 1.8
FILLER_0_29_273, 141.64, 89.76, 1.8
FILLER_0_28_301, 154.44, 89.76, 1.8
FILLER_0_29_329, 167.24, 89.76, 1.8
FILLER_0_29_385, 192.84, 89.76, 1.8
FILLER_0_28_413, 205.64, 89.76, 1.8
FILLER_0_29_441, 218.44, 89.76, 1.8
FILLER_0_28_469, 231.24, 89.76, 1.8
FILLER_0_29_497, 244.04, 89.76, 1.8
FILLER_0_28_525, 256.84, 89.76, 1.8
FILLER_0_29_553, 269.64, 89.76, 1.8
FILLER_0_28_581, 282.44, 89.76, 1.8
FILLER_0_29_609, 295.24, 89.76, 1.8
FILLER_0_28_637, 308.04, 89.76, 1.8
FILLER_0_29_665, 320.84, 89.76, 1.8
FILLER_0_29_721, 344.836, 89.76, 1.8
FILLER_0_28_749, 356.032, 89.76, 1.8
FILLER_0_29_777, 367.228, 89.76, 1.8
FILLER_0_30_805, 378.424, 89.76, 1.8
PHY_52, 10.12, 84.32, 1.8
PHY_54, 10.12, 84.32, 1.8
computer_27, 389.62, 84.32, 1.8
PHY_53, 389.62, 84.32, 1.8
PHY_55, 389.62, 84.32, 1.8
FILLER_0_26_813, 389.62, 84.32, 1.8
FILLER_0_27_51, 39.24, 84.32, 1.8
FILLER_0_28_77, 39.24, 84.32, 1.8
FILLER_0_27_105, 52.04, 84.32, 1.8
FILLER_0_26_133, 77.64, 84.32, 1.8
FILLER_0_27_161, 90.44, 84.32, 1.8
FILLER_0_26_189, 103.24, 84.32, 1.8
FILLER_0_27_217, 116.04, 84.32, 1.8
FILLER_0_26_245, 128.84, 84.32, 1.8
FILLER_0_27_273, 141.64, 84.32, 1.8
FILLER_0_26_301, 154.44, 84.32, 1.8
FILLER_0_27_329, 167.24, 84.32, 1.8
FILLER_0_27_385, 192.84, 84.32, 1.8
FILLER_0_26_413, 205.64, 84.32, 1.8
FILLER_0_27_441, 218.44, 84.32, 1.8
FILLER_0_26_469, 231.24, 84.32, 1.8
FILLER_0_27_497, 244.04, 84.32, 1.8
FILLER_0_26_525, 256.84, 84.32, 1.8
FILLER_0_27_553, 269.64, 84.32, 1.8
FILLER_0_26_581, 282.44, 84.32, 1.8
FILLER_0_27_609, 295.24, 84.32, 1.8
FILLER_0_26_637, 308.04, 84.32, 1.8
FILLER_0_27_665, 320.84, 84.32, 1.8
FILLER_0_27_721, 344.836, 84.32, 1.8
FILLER_0_26_749, 356.032, 84.32, 1.8
FILLER_0_27_777, 367.228, 84.32, 1.8
FILLER_0_27_809, 378.424, 84.32, 1.8
FILLER_0_28_805, 378.424, 84.32, 1.8
PHY_48, 10.12, 78.88, 1.8
PHY_50, 10.12, 78.88, 1.8
PHY_49, 389.62, 78.88, 1.8
PHY_51, 389.62, 78.88, 1.8
FILLER_0_24_813, 389.62, 78.88, 1.8
FILLER_0_25_51, 39.24, 78.88, 1.8
FILLER_0_26_77, 39.24, 78.88, 1.8
FILLER_0_25_105, 52.04, 78.88, 1.8
FILLER_0_24_133, 77.64, 78.88, 1.8
FILLER_0_25_161, 90.44, 78.88, 1.8
FILLER_0_24_189, 103.24, 78.88, 1.8
FILLER_0_25_217, 116.04, 78.88, 1.8
FILLER_0_24_245, 128.84, 78.88, 1.8
FILLER_0_25_273, 141.64, 78.88, 1.8
FILLER_0_24_301, 154.44, 78.88, 1.8
FILLER_0_25_329, 167.24, 78.88, 1.8
FILLER_0_25_385, 192.84, 78.88, 1.8
FILLER_0_24_413, 205.64, 78.88, 1.8
FILLER_0_25_441, 218.44, 78.88, 1.8
FILLER_0_24_469, 231.24, 78.88, 1.8
FILLER_0_25_497, 244.04, 78.88, 1.8
FILLER_0_24_525, 256.84, 78.88, 1.8
FILLER_0_25_553, 269.64, 78.88, 1.8
FILLER_0_24_581, 282.44, 78.88, 1.8
FILLER_0_25_609, 295.24, 78.88, 1.8
FILLER_0_24_637, 308.04, 78.88, 1.8
FILLER_0_25_665, 320.84, 78.88, 1.8
FILLER_0_25_721, 344.836, 78.88, 1.8
FILLER_0_24_749, 356.032, 78.88, 1.8
FILLER_0_25_777, 367.228, 78.88, 1.8
FILLER_0_26_805, 378.424, 78.88, 1.8
PHY_44, 10.12, 73.44, 1.8
PHY_46, 10.12, 73.44, 1.8
PHY_45, 389.62, 73.44, 1.8
PHY_47, 389.62, 73.44, 1.8
FILLER_0_22_813, 389.62, 73.44, 1.8
FILLER_0_23_51, 39.24, 73.44, 1.8
FILLER_0_24_77, 39.24, 73.44, 1.8
FILLER_0_23_105, 52.04, 73.44, 1.8
FILLER_0_22_133, 77.64, 73.44, 1.8
FILLER_0_23_161, 90.44, 73.44, 1.8
FILLER_0_22_189, 103.24, 73.44, 1.8
FILLER_0_23_217, 116.04, 73.44, 1.8
FILLER_0_22_245, 128.84, 73.44, 1.8
FILLER_0_23_273, 141.64, 73.44, 1.8
FILLER_0_22_301, 154.44, 73.44, 1.8
FILLER_0_23_329, 167.24, 73.44, 1.8
FILLER_0_23_385, 192.84, 73.44, 1.8
FILLER_0_22_413, 205.64, 73.44, 1.8
FILLER_0_23_441, 218.44, 73.44, 1.8
FILLER_0_22_469, 231.24, 73.44, 1.8
FILLER_0_23_497, 244.04, 73.44, 1.8
FILLER_0_22_525, 256.84, 73.44, 1.8
FILLER_0_23_553, 269.64, 73.44, 1.8
FILLER_0_22_581, 282.44, 73.44, 1.8
FILLER_0_23_609, 295.24, 73.44, 1.8
FILLER_0_22_637, 308.04, 73.44, 1.8
FILLER_0_23_665, 320.84, 73.44, 1.8
FILLER_0_23_721, 344.836, 73.44, 1.8
FILLER_0_22_749, 356.032, 73.44, 1.8
FILLER_0_23_777, 367.228, 73.44, 1.8
FILLER_0_24_805, 378.424, 73.44, 1.8
PHY_40, 10.12, 68, 1.8
PHY_42, 10.12, 68, 1.8
PHY_41, 389.62, 68, 1.8
PHY_43, 389.62, 68, 1.8
FILLER_0_20_813, 389.62, 68, 1.8
FILLER_0_21_51, 39.24, 68, 1.8
FILLER_0_22_77, 39.24, 68, 1.8
FILLER_0_21_105, 52.04, 68, 1.8
FILLER_0_20_133, 77.64, 68, 1.8
FILLER_0_21_161, 90.44, 68, 1.8
FILLER_0_20_189, 103.24, 68, 1.8
FILLER_0_21_217, 116.04, 68, 1.8
FILLER_0_20_245, 128.84, 68, 1.8
FILLER_0_21_273, 141.64, 68, 1.8
FILLER_0_20_301, 154.44, 68, 1.8
FILLER_0_21_329, 167.24, 68, 1.8
FILLER_0_21_385, 192.84, 68, 1.8
FILLER_0_20_413, 205.64, 68, 1.8
FILLER_0_21_441, 218.44, 68, 1.8
FILLER_0_20_469, 231.24, 68, 1.8
FILLER_0_21_497, 244.04, 68, 1.8
FILLER_0_20_525, 256.84, 68, 1.8
FILLER_0_21_553, 269.64, 68, 1.8
FILLER_0_20_581, 282.44, 68, 1.8
FILLER_0_21_609, 295.24, 68, 1.8
FILLER_0_20_637, 308.04, 68, 1.8
FILLER_0_21_665, 320.84, 68, 1.8
FILLER_0_21_721, 344.836, 68, 1.8
FILLER_0_20_749, 356.032, 68, 1.8
FILLER_0_21_777, 367.228, 68, 1.8
FILLER_0_22_805, 378.424, 68, 1.8
PHY_36, 10.12, 62.56, 1.8
PHY_38, 10.12, 62.56, 1.8
PHY_37, 389.62, 62.56, 1.8
PHY_39, 389.62, 62.56, 1.8
FILLER_0_18_813, 389.62, 62.56, 1.8
FILLER_0_19_51, 39.24, 62.56, 1.8
FILLER_0_20_77, 39.24, 62.56, 1.8
FILLER_0_19_105, 52.04, 62.56, 1.8
FILLER_0_18_133, 77.64, 62.56, 1.8
FILLER_0_19_161, 90.44, 62.56, 1.8
FILLER_0_18_189, 103.24, 62.56, 1.8
FILLER_0_19_217, 116.04, 62.56, 1.8
FILLER_0_18_245, 128.84, 62.56, 1.8
FILLER_0_19_273, 141.64, 62.56, 1.8
FILLER_0_18_301, 154.44, 62.56, 1.8
FILLER_0_19_329, 167.24, 62.56, 1.8
FILLER_0_19_385, 192.84, 62.56, 1.8
FILLER_0_18_413, 205.64, 62.56, 1.8
FILLER_0_19_441, 218.44, 62.56, 1.8
FILLER_0_18_469, 231.24, 62.56, 1.8
FILLER_0_19_497, 244.04, 62.56, 1.8
FILLER_0_18_525, 256.84, 62.56, 1.8
FILLER_0_19_553, 269.64, 62.56, 1.8
FILLER_0_18_581, 282.44, 62.56, 1.8
FILLER_0_19_609, 295.24, 62.56, 1.8
FILLER_0_18_637, 308.04, 62.56, 1.8
FILLER_0_19_665, 320.84, 62.56, 1.8
FILLER_0_19_721, 344.836, 62.56, 1.8
FILLER_0_18_749, 356.032, 62.56, 1.8
FILLER_0_19_777, 367.228, 62.56, 1.8
FILLER_0_20_805, 378.424, 62.56, 1.8
PHY_32, 10.12, 57.12, 1.8
PHY_34, 10.12, 57.12, 1.8
PHY_33, 389.62, 57.12, 1.8
PHY_35, 389.62, 57.12, 1.8
FILLER_0_16_813, 389.62, 57.12, 1.8
FILLER_0_17_51, 39.24, 57.12, 1.8
FILLER_0_18_77, 39.24, 57.12, 1.8
FILLER_0_17_105, 52.04, 57.12, 1.8
FILLER_0_16_133, 77.64, 57.12, 1.8
FILLER_0_17_161, 90.44, 57.12, 1.8
FILLER_0_16_189, 103.24, 57.12, 1.8
FILLER_0_17_217, 116.04, 57.12, 1.8
FILLER_0_16_245, 128.84, 57.12, 1.8
FILLER_0_17_273, 141.64, 57.12, 1.8
FILLER_0_16_301, 154.44, 57.12, 1.8
FILLER_0_17_329, 167.24, 57.12, 1.8
FILLER_0_17_385, 192.84, 57.12, 1.8
FILLER_0_16_413, 205.64, 57.12, 1.8
FILLER_0_17_441, 218.44, 57.12, 1.8
FILLER_0_16_469, 231.24, 57.12, 1.8
FILLER_0_17_497, 244.04, 57.12, 1.8
FILLER_0_16_525, 256.84, 57.12, 1.8
FILLER_0_17_553, 269.64, 57.12, 1.8
FILLER_0_16_581, 282.44, 57.12, 1.8
FILLER_0_17_609, 295.24, 57.12, 1.8
FILLER_0_16_637, 308.04, 57.12, 1.8
FILLER_0_17_665, 320.84, 57.12, 1.8
FILLER_0_17_721, 344.836, 57.12, 1.8
FILLER_0_16_749, 356.032, 57.12, 1.8
FILLER_0_17_777, 367.228, 57.12, 1.8
FILLER_0_18_805, 378.424, 57.12, 1.8
computer_23, 10.12, 51.68, 1.8
PHY_28, 10.12, 51.68, 1.8
PHY_30, 10.12, 51.68, 1.8
PHY_29, 389.62, 51.68, 1.8
PHY_31, 389.62, 51.68, 1.8
FILLER_0_14_813, 389.62, 51.68, 1.8
FILLER_0_16_18, 18.28, 51.68, 1.8
FILLER_0_15_51, 39.24, 51.68, 1.8
FILLER_0_16_77, 39.24, 51.68, 1.8
FILLER_0_15_105, 52.04, 51.68, 1.8
FILLER_0_14_133, 77.64, 51.68, 1.8
FILLER_0_15_161, 90.44, 51.68, 1.8
FILLER_0_14_189, 103.24, 51.68, 1.8
FILLER_0_15_217, 116.04, 51.68, 1.79999
FILLER_0_14_245, 128.84, 51.68, 1.79999
FILLER_0_15_273, 141.64, 51.68, 1.79999
FILLER_0_14_301, 154.44, 51.68, 1.79999
FILLER_0_15_329, 167.24, 51.68, 1.79999
FILLER_0_15_385, 192.84, 51.68, 1.79999
FILLER_0_14_413, 205.64, 51.68, 1.79999
FILLER_0_15_441, 218.44, 51.68, 1.79999
FILLER_0_14_469, 231.24, 51.68, 1.8
FILLER_0_15_497, 244.04, 51.68, 1.8
FILLER_0_14_525, 256.84, 51.68, 1.8
FILLER_0_15_553, 269.64, 51.68, 1.8
FILLER_0_14_581, 282.44, 51.68, 1.8
FILLER_0_15_609, 295.24, 51.68, 1.8
FILLER_0_14_637, 308.04, 51.68, 1.8
FILLER_0_15_665, 320.84, 51.68, 1.8
FILLER_0_15_721, 344.836, 51.68, 1.8
FILLER_0_14_749, 356.032, 51.68, 1.8
FILLER_0_15_777, 367.228, 51.68, 1.8
FILLER_0_16_805, 378.424, 51.68, 1.8
PHY_24, 10.12, 46.24, 1.8
PHY_26, 10.12, 46.24, 1.8
PHY_25, 389.62, 46.24, 1.8
PHY_27, 389.62, 46.24, 1.8
FILLER_0_12_813, 389.62, 46.24, 1.8
FILLER_0_13_51, 39.24, 46.24, 1.8
FILLER_0_14_77, 39.24, 46.24, 1.8
FILLER_0_13_105, 52.04, 46.24, 1.8
FILLER_0_12_133, 77.64, 46.24, 1.79999
FILLER_0_13_161, 90.44, 46.24, 1.79999
FILLER_0_12_189, 103.24, 46.24, 1.79999
FILLER_0_13_217, 116.04, 46.24, 1.79999
FILLER_0_12_245, 128.84, 46.24, 1.79999
FILLER_0_13_273, 141.64, 46.24, 1.79999
FILLER_0_12_301, 154.44, 46.24, 1.79999
FILLER_0_13_329, 167.24, 46.24, 1.79999
FILLER_0_13_385, 192.84, 46.24, 1.79999
FILLER_0_12_413, 205.64, 46.24, 1.79999
FILLER_0_13_441, 218.44, 46.24, 1.79999
FILLER_0_12_469, 231.24, 46.24, 1.79999
FILLER_0_13_497, 244.04, 46.24, 1.79999
FILLER_0_12_525, 256.84, 46.24, 1.79999
FILLER_0_13_553, 269.64, 46.24, 1.8
FILLER_0_12_581, 282.44, 46.24, 1.8
FILLER_0_13_609, 295.24, 46.24, 1.8
FILLER_0_12_637, 308.04, 46.24, 1.8
FILLER_0_13_665, 320.84, 46.24, 1.8
FILLER_0_13_721, 344.836, 46.24, 1.8
FILLER_0_12_749, 356.032, 46.24, 1.8
FILLER_0_13_777, 367.228, 46.24, 1.8
FILLER_0_14_805, 378.424, 46.24, 1.8
PHY_20, 10.12, 40.8, 1.79999
PHY_22, 10.12, 40.8, 1.79999
PHY_21, 389.62, 40.8, 1.8
PHY_23, 389.62, 40.8, 1.8
FILLER_0_10_813, 389.62, 40.8, 1.8
FILLER_0_11_51, 39.24, 40.8, 1.79999
FILLER_0_12_77, 39.24, 40.8, 1.79999
FILLER_0_11_105, 52.04, 40.8, 1.79999
FILLER_0_10_133, 77.64, 40.8, 1.79999
FILLER_0_11_161, 90.44, 40.8, 1.79999
FILLER_0_10_189, 103.24, 40.8, 1.79999
FILLER_0_11_217, 116.04, 40.8, 1.79999
FILLER_0_10_245, 128.84, 40.8, 1.79999
FILLER_0_11_273, 141.64, 40.8, 1.79999
FILLER_0_10_301, 154.44, 40.8, 1.79999
FILLER_0_11_329, 167.24, 40.8, 1.79999
FILLER_0_11_385, 192.84, 40.8, 1.79999
FILLER_0_10_413, 205.64, 40.8, 1.79999
FILLER_0_11_441, 218.44, 40.8, 1.79999
FILLER_0_10_469, 231.24, 40.8, 1.79999
FILLER_0_11_497, 244.04, 40.8, 1.79999
FILLER_0_10_525, 256.84, 40.8, 1.79999
FILLER_0_11_553, 269.64, 40.8, 1.79999
FILLER_0_10_581, 282.44, 40.8, 1.79999
FILLER_0_11_609, 295.24, 40.8, 1.8
FILLER_0_10_637, 308.04, 40.8, 1.8
FILLER_0_11_665, 320.84, 40.8, 1.8
FILLER_0_11_721, 344.836, 40.8, 1.8
FILLER_0_10_749, 356.032, 40.8, 1.8
FILLER_0_11_777, 367.228, 40.8, 1.8
FILLER_0_12_805, 378.424, 40.8, 1.8
PHY_16, 10.12, 35.36, 1.79999
PHY_18, 10.12, 35.36, 1.79999
PHY_17, 389.62, 35.36, 1.8
PHY_19, 389.62, 35.36, 1.8
FILLER_0_8_813, 389.62, 35.36, 1.8
FILLER_0_9_51, 39.24, 35.36, 1.79999
FILLER_0_10_77, 39.24, 35.36, 1.79999
FILLER_0_9_105, 52.04, 35.36, 1.79999
FILLER_0_8_133, 77.64, 35.36, 1.79999
FILLER_0_9_161, 90.44, 35.36, 1.79999
FILLER_0_8_189, 103.24, 35.36, 1.79999
FILLER_0_9_217, 116.04, 35.36, 1.79999
FILLER_0_8_245, 128.84, 35.36, 1.79999
FILLER_0_9_273, 141.64, 35.36, 1.79999
FILLER_0_8_301, 154.44, 35.36, 1.79999
FILLER_0_9_329, 167.24, 35.36, 1.79999
FILLER_0_9_385, 192.84, 35.36, 1.79999
FILLER_0_8_413, 205.64, 35.36, 1.79999
FILLER_0_9_441, 218.44, 35.36, 1.79999
FILLER_0_8_469, 231.24, 35.36, 1.79999
FILLER_0_9_497, 244.04, 35.36, 1.79999
FILLER_0_8_525, 256.84, 35.36, 1.79999
FILLER_0_9_553, 269.64, 35.36, 1.79999
FILLER_0_8_581, 282.44, 35.36, 1.79999
FILLER_0_9_609, 295.24, 35.36, 1.79999
FILLER_0_8_637, 308.04, 35.36, 1.79999
FILLER_0_9_665, 320.84, 35.36, 1.8
FILLER_0_9_721, 344.836, 35.36, 1.8
FILLER_0_8_749, 356.032, 35.36, 1.8
FILLER_0_9_777, 367.228, 35.36, 1.8
FILLER_0_10_805, 378.424, 35.36, 1.8
PHY_12, 10.12, 29.92, 1.79999
PHY_14, 10.12, 29.92, 1.79999
computer_12, 389.62, 29.92, 1.79999
PHY_13, 389.62, 29.92, 1.79999
PHY_15, 389.62, 29.92, 1.79999
FILLER_0_6_813, 389.62, 29.92, 1.79999
FILLER_0_7_51, 39.24, 29.92, 1.79999
FILLER_0_8_77, 39.24, 29.92, 1.79999
FILLER_0_7_105, 52.04, 29.92, 1.79999
FILLER_0_6_133, 77.64, 29.92, 1.79999
FILLER_0_7_161, 90.44, 29.92, 1.79999
FILLER_0_6_189, 103.24, 29.92, 1.79999
FILLER_0_7_217, 116.04, 29.92, 1.79999
FILLER_0_6_245, 128.84, 29.92, 1.79999
FILLER_0_7_273, 141.64, 29.92, 1.79999
FILLER_0_6_301, 154.44, 29.92, 1.79999
FILLER_0_7_329, 167.24, 29.92, 1.79999
FILLER_0_7_385, 192.84, 29.92, 1.79999
FILLER_0_6_413, 205.64, 29.92, 1.79999
FILLER_0_7_441, 218.44, 29.92, 1.79999
FILLER_0_6_469, 231.24, 29.92, 1.79999
FILLER_0_7_497, 244.04, 29.92, 1.79999
FILLER_0_6_525, 256.84, 29.92, 1.79999
FILLER_0_7_553, 269.64, 29.92, 1.79999
FILLER_0_6_581, 282.44, 29.92, 1.79999
FILLER_0_7_609, 295.24, 29.92, 1.79999
FILLER_0_6_637, 308.04, 29.92, 1.79999
FILLER_0_7_665, 320.84, 29.92, 1.79999
FILLER_0_7_721, 344.836, 29.92, 1.79999
FILLER_0_6_749, 356.032, 29.92, 1.79999
FILLER_0_7_777, 367.228, 29.92, 1.79999
FILLER_0_7_809, 378.424, 29.92, 1.79999
FILLER_0_8_805, 378.424, 29.92, 1.79999
PHY_8, 10.12, 24.48, 1.79999
PHY_10, 10.12, 24.48, 1.79999
PHY_9, 389.62, 24.48, 1.79999
PHY_11, 389.62, 24.48, 1.79999
FILLER_0_4_813, 389.62, 24.48, 1.79999
FILLER_0_5_51, 39.24, 24.48, 1.79999
FILLER_0_6_77, 39.24, 24.48, 1.79999
FILLER_0_5_105, 52.04, 24.48, 1.79999
FILLER_0_4_133, 77.64, 24.48, 1.79999
FILLER_0_5_161, 90.44, 24.48, 1.79999
FILLER_0_4_189, 103.24, 24.48, 1.79999
FILLER_0_5_217, 116.04, 24.48, 1.79999
FILLER_0_4_245, 128.84, 24.48, 1.79999
FILLER_0_5_273, 141.64, 24.48, 1.79999
FILLER_0_4_301, 154.44, 24.48, 1.79999
FILLER_0_5_329, 167.24, 24.48, 1.79999
FILLER_0_5_385, 192.84, 24.48, 1.79999
FILLER_0_4_413, 205.64, 24.48, 1.79999
FILLER_0_5_441, 218.44, 24.48, 1.79999
FILLER_0_4_469, 231.24, 24.48, 1.79999
FILLER_0_5_497, 244.04, 24.48, 1.79999
FILLER_0_4_525, 256.84, 24.48, 1.79999
FILLER_0_5_553, 269.64, 24.48, 1.79999
FILLER_0_4_581, 282.44, 24.48, 1.79999
FILLER_0_5_609, 295.24, 24.48, 1.79999
FILLER_0_4_637, 308.04, 24.48, 1.79999
FILLER_0_5_665, 320.84, 24.48, 1.79999
FILLER_0_5_721, 344.836, 24.48, 1.79999
FILLER_0_4_749, 356.032, 24.48, 1.79999
FILLER_0_5_777, 367.228, 24.48, 1.79999
FILLER_0_6_805, 378.424, 24.48, 1.79999
PHY_4, 10.12, 19.04, 1.79999
PHY_6, 10.12, 19.04, 1.79999
PHY_5, 389.62, 19.04, 1.79999
PHY_7, 389.62, 19.04, 1.79999
FILLER_0_2_813, 389.62, 19.04, 1.79999
FILLER_0_3_51, 39.24, 19.04, 1.79999
FILLER_0_4_77, 39.24, 19.04, 1.79999
FILLER_0_3_105, 52.04, 19.04, 1.79999
FILLER_0_2_133, 77.64, 19.04, 1.79999
FILLER_0_3_161, 90.44, 19.04, 1.79999
FILLER_0_2_189, 103.24, 19.04, 1.79999
FILLER_0_3_217, 116.04, 19.04, 1.79999
FILLER_0_2_245, 128.84, 19.04, 1.79999
FILLER_0_3_273, 141.64, 19.04, 1.79999
_03__29, 154.44, 19.04, 1.79999
FILLER_0_2_301, 154.44, 19.04, 1.79999
FILLER_0_2_309, 154.44, 19.04, 1.79999
FILLER_0_3_329, 167.24, 19.04, 1.79999
FILLER_0_3_385, 192.84, 19.04, 1.79999
FILLER_0_2_413, 205.64, 19.04, 1.79999
FILLER_0_3_441, 218.44, 19.04, 1.79999
FILLER_0_2_469, 231.24, 19.04, 1.79999
FILLER_0_3_497, 244.04, 19.04, 1.79999
FILLER_0_2_525, 256.84, 19.04, 1.79999
FILLER_0_3_553, 269.64, 19.04, 1.79999
FILLER_0_2_581, 282.44, 19.04, 1.79999
FILLER_0_3_609, 295.24, 19.04, 1.79999
FILLER_0_2_637, 308.04, 19.04, 1.79999
FILLER_0_3_665, 320.84, 19.04, 1.79999
FILLER_0_3_721, 344.836, 19.04, 1.79999
FILLER_0_2_749, 356.032, 19.04, 1.79999
FILLER_0_3_777, 367.228, 19.04, 1.79999
FILLER_0_4_805, 378.424, 19.04, 1.79999
PHY_0, 10.12, 13.6, 1.79999
PHY_2, 10.12, 13.6, 1.79999
PHY_1, 389.62, 13.6, 1.79999
PHY_3, 389.62, 13.6, 1.79999
FILLER_0_0_813, 389.62, 13.6, 1.79999
FILLER_0_0_53, 39.24, 13.6, 1.79999
FILLER_0_1_51, 39.24, 13.6, 1.79999
FILLER_0_2_77, 39.24, 13.6, 1.79999
computer_10, 52.04, 13.6, 1.79999
FILLER_0_0_81, 52.04, 13.6, 1.79999
FILLER_0_0_85, 52.04, 13.6, 1.79999
FILLER_0_1_105, 52.04, 13.6, 1.79999
FILLER_0_0_106, 64.84, 13.6, 1.79999
FILLER_0_0_137, 77.64, 13.6, 1.79999
FILLER_0_0_165, 90.44, 13.6, 1.79998
FILLER_0_1_161, 90.44, 13.6, 1.79998
computer_11, 103.24, 13.6, 1.79998
FILLER_0_0_193, 103.24, 13.6, 1.79998
FILLER_0_0_213, 103.24, 13.6, 1.79998
FILLER_0_0_221, 116.04, 13.6, 1.79998
FILLER_0_1_217, 116.04, 13.6, 1.79998
FILLER_0_0_249, 128.84, 13.6, 1.79998
FILLER_0_0_277, 141.64, 13.6, 1.79998
FILLER_0_1_273, 141.64, 13.6, 1.79998
_02_, 154.44, 13.6, 1.79998
_03_, 154.44, 13.6, 1.79998
FILLER_0_0_305, 154.44, 13.6, 1.79998
FILLER_0_0_321, 154.44, 13.6, 1.79998
FILLER_0_1_305, 154.44, 13.6, 1.79998
FILLER_0_2_315, 154.44, 13.6, 1.79998
output2, 167.24, 13.6, 1.79998
FILLER_0_1_328, 167.24, 13.6, 1.79998
FILLER_0_0_389, 192.84, 13.6, 1.79999
FILLER_0_1_385, 192.84, 13.6, 1.79999
FILLER_0_0_417, 205.64, 13.6, 1.79999
computer_7, 218.44, 13.6, 1.79999
FILLER_0_0_445, 218.44, 13.6, 1.79999
FILLER_0_1_441, 218.44, 13.6, 1.79999
FILLER_0_0_501, 244.04, 13.6, 1.79999
FILLER_0_1_497, 244.04, 13.6, 1.79999
FILLER_0_0_529, 256.84, 13.6, 1.79999
computer_25, 269.64, 13.6, 1.79999
FILLER_0_0_557, 269.64, 13.6, 1.79999
FILLER_0_1_553, 269.64, 13.6, 1.79999
FILLER_0_0_613, 295.24, 13.6, 1.79999
FILLER_0_1_609, 295.24, 13.6, 1.79999
FILLER_0_0_641, 308.04, 13.6, 1.79999
computer_14, 320.84, 13.6, 1.79999
FILLER_0_0_669, 320.84, 13.6, 1.79999
FILLER_0_0_673, 320.84, 13.6, 1.79999
FILLER_0_1_665, 320.84, 13.6, 1.79999
FILLER_0_0_725, 344.836, 13.6, 1.79999
FILLER_0_1_721, 344.836, 13.6, 1.79999
FILLER_0_0_753, 356.032, 13.6, 1.79999
FILLER_0_0_781, 367.228, 13.6, 1.79999
FILLER_0_1_777, 367.228, 13.6, 1.79999
computer_20, 378.424, 13.6, 1.79999
FILLER_0_0_801, 378.424, 13.6, 1.79999
FILLER_0_0_809, 378.424, 13.6, 1.79999
FILLER_0_2_805, 378.424, 13.6, 1.79999

