
===========================================================================
report_checks -unconstrained
===========================================================================
======================= Fastest Corner ===================================

Startpoint: rst (input port clocked by clk)
Endpoint: _398_ (recovery check against rising-edge clock clk)
Path Group: asynchronous
Path Type: max
Corner: Fastest

Fanout     Cap    Slew   Delay    Time   Description
-----------------------------------------------------------------------------
                          0.00    0.00   clock clk (rise edge)
                          0.00    0.00   clock network delay (propagated)
                          4.00    4.00 v input external delay
                  0.01    0.00    4.00 v rst (in)
     1    0.00                           rst (net)
                  0.01    0.00    4.00 v input1/A (sky130_fd_sc_hd__buf_1)
                  0.06    0.09    4.09 v input1/X (sky130_fd_sc_hd__buf_1)
     1    0.02                           net1 (net)
                  0.06    0.00    4.09 v _367_/A (sky130_fd_sc_hd__buf_4)
                  0.06    0.14    4.24 v _367_/X (sky130_fd_sc_hd__buf_4)
    10    0.06                           _180_ (net)
                  0.06    0.01    4.24 v _368_/A (sky130_fd_sc_hd__buf_4)
                  0.07    0.15    4.40 v _368_/X (sky130_fd_sc_hd__buf_4)
    10    0.07                           _181_ (net)
                  0.07    0.01    4.40 v _369_/A (sky130_fd_sc_hd__inv_2)
                  0.03    0.05    4.45 ^ _369_/Y (sky130_fd_sc_hd__inv_2)
     1    0.00                           _000_ (net)
                  0.03    0.00    4.45 ^ _398_/RESET_B (sky130_fd_sc_hd__dfrtp_4)
                                  4.45   data arrival time

                         20.00   20.00   clock clk (rise edge)
                          0.00   20.00   clock source latency
                  0.18    0.12   20.12 ^ clk (in)
     1    0.05                           clk (net)
                  0.18    0.00   20.12 ^ clkbuf_0_clk/A (sky130_fd_sc_hd__clkbuf_16)
                  0.04    0.11   20.24 ^ clkbuf_0_clk/X (sky130_fd_sc_hd__clkbuf_16)
     2    0.02                           clknet_0_clk (net)
                  0.04    0.00   20.24 ^ clkbuf_1_1__f_clk/A (sky130_fd_sc_hd__clkbuf_16)
                  0.06    0.10   20.34 ^ clkbuf_1_1__f_clk/X (sky130_fd_sc_hd__clkbuf_16)
    14    0.06                           clknet_1_1__leaf_clk (net)
                  0.06    0.01   20.34 ^ _398_/CLK (sky130_fd_sc_hd__dfrtp_4)
                         -0.25   20.09   clock uncertainty
                          0.00   20.09   clock reconvergence pessimism
                          0.14   20.23   library recovery time
                                 20.23   data required time
-----------------------------------------------------------------------------
                                 20.23   data required time
                                 -4.45   data arrival time
-----------------------------------------------------------------------------
                                 15.78   slack (MET)


Startpoint: _410_ (rising edge-triggered flip-flop clocked by clk)
Endpoint: last_opcode_out[0] (output port clocked by clk)
Path Group: clk
Path Type: max
Corner: Fastest

Fanout     Cap    Slew   Delay    Time   Description
-----------------------------------------------------------------------------
                          0.00    0.00   clock clk (rise edge)
                          0.00    0.00   clock source latency
                  0.18    0.14    0.14 ^ clk (in)
     1    0.05                           clk (net)
                  0.18    0.00    0.14 ^ clkbuf_0_clk/A (sky130_fd_sc_hd__clkbuf_16)
                  0.04    0.13    0.26 ^ clkbuf_0_clk/X (sky130_fd_sc_hd__clkbuf_16)
     2    0.02                           clknet_0_clk (net)
                  0.04    0.00    0.26 ^ clkbuf_1_0__f_clk/A (sky130_fd_sc_hd__clkbuf_16)
                  0.06    0.11    0.38 ^ clkbuf_1_0__f_clk/X (sky130_fd_sc_hd__clkbuf_16)
    14    0.06                           clknet_1_0__leaf_clk (net)
                  0.06    0.00    0.38 ^ _410_/CLK (sky130_fd_sc_hd__dfrtp_4)
                  0.12    0.40    0.78 v _410_/Q (sky130_fd_sc_hd__dfrtp_4)
     3    0.09                           net23 (net)
                  0.12    0.01    0.79 v _427_/A (sky130_fd_sc_hd__clkbuf_1)
                  0.02    0.09    0.88 v _427_/X (sky130_fd_sc_hd__clkbuf_1)
     1    0.00                           net22 (net)
                  0.02    0.00    0.88 v output22/A (sky130_fd_sc_hd__clkbuf_4)
                  0.06    0.12    1.01 v output22/X (sky130_fd_sc_hd__clkbuf_4)
     1    0.03                           last_opcode_out[0] (net)
                  0.06    0.00    1.01 v last_opcode_out[0] (out)
                                  1.01   data arrival time

                         20.00   20.00   clock clk (rise edge)
                          0.00   20.00   clock network delay (propagated)
                         -0.25   19.75   clock uncertainty
                          0.00   19.75   clock reconvergence pessimism
                         -4.00   15.75   output external delay
                                 15.75   data required time
-----------------------------------------------------------------------------
                                 15.75   data required time
                                 -1.01   data arrival time
-----------------------------------------------------------------------------
                                 14.74   slack (MET)



======================= Slowest Corner ===================================

Startpoint: rst (input port clocked by clk)
Endpoint: _405_ (recovery check against rising-edge clock clk)
Path Group: asynchronous
Path Type: max
Corner: Slowest

Fanout     Cap    Slew   Delay    Time   Description
-----------------------------------------------------------------------------
                          0.00    0.00   clock clk (rise edge)
                          0.00    0.00   clock network delay (propagated)
                          4.00    4.00 v input external delay
                  0.02    0.01    4.01 v rst (in)
     1    0.00                           rst (net)
                  0.02    0.00    4.01 v input1/A (sky130_fd_sc_hd__buf_1)
                  0.18    0.25    4.26 v input1/X (sky130_fd_sc_hd__buf_1)
     1    0.02                           net1 (net)
                  0.18    0.00    4.27 v _367_/A (sky130_fd_sc_hd__buf_4)
                  0.15    0.41    4.68 v _367_/X (sky130_fd_sc_hd__buf_4)
    10    0.06                           _180_ (net)
                  0.15    0.01    4.68 v _368_/A (sky130_fd_sc_hd__buf_4)
                  0.17    0.41    5.10 v _368_/X (sky130_fd_sc_hd__buf_4)
    10    0.07                           _181_ (net)
                  0.17    0.01    5.10 v _376_/A (sky130_fd_sc_hd__inv_2)
                  0.06    0.12    5.22 ^ _376_/Y (sky130_fd_sc_hd__inv_2)
     1    0.00                           _007_ (net)
                  0.06    0.00    5.22 ^ _405_/RESET_B (sky130_fd_sc_hd__dfrtp_4)
                                  5.22   data arrival time

                         20.00   20.00   clock clk (rise edge)
                          0.00   20.00   clock source latency
                  0.37    0.25   20.25 ^ clk (in)
     1    0.05                           clk (net)
                  0.37    0.00   20.25 ^ clkbuf_0_clk/A (sky130_fd_sc_hd__clkbuf_16)
                  0.08    0.34   20.60 ^ clkbuf_0_clk/X (sky130_fd_sc_hd__clkbuf_16)
     2    0.02                           clknet_0_clk (net)
                  0.08    0.00   20.60 ^ clkbuf_1_1__f_clk/A (sky130_fd_sc_hd__clkbuf_16)
                  0.11    0.25   20.85 ^ clkbuf_1_1__f_clk/X (sky130_fd_sc_hd__clkbuf_16)
    14    0.05                           clknet_1_1__leaf_clk (net)
                  0.11    0.00   20.85 ^ _405_/CLK (sky130_fd_sc_hd__dfrtp_4)
                         -0.25   20.60   clock uncertainty
                          0.00   20.60   clock reconvergence pessimism
                          0.46   21.06   library recovery time
                                 21.06   data required time
-----------------------------------------------------------------------------
                                 21.06   data required time
                                 -5.22   data arrival time
-----------------------------------------------------------------------------
                                 15.84   slack (MET)


Startpoint: _399_ (rising edge-triggered flip-flop clocked by clk)
Endpoint: _417_ (rising edge-triggered flip-flop clocked by clk)
Path Group: clk
Path Type: max
Corner: Slowest

Fanout     Cap    Slew   Delay    Time   Description
-----------------------------------------------------------------------------
                          0.00    0.00   clock clk (rise edge)
                          0.00    0.00   clock source latency
                  0.37    0.28    0.28 ^ clk (in)
     1    0.05                           clk (net)
                  0.37    0.00    0.28 ^ clkbuf_0_clk/A (sky130_fd_sc_hd__clkbuf_16)
                  0.08    0.38    0.66 ^ clkbuf_0_clk/X (sky130_fd_sc_hd__clkbuf_16)
     2    0.02                           clknet_0_clk (net)
                  0.08    0.00    0.66 ^ clkbuf_1_1__f_clk/A (sky130_fd_sc_hd__clkbuf_16)
                  0.11    0.28    0.94 ^ clkbuf_1_1__f_clk/X (sky130_fd_sc_hd__clkbuf_16)
    14    0.05                           clknet_1_1__leaf_clk (net)
                  0.11    0.01    0.94 ^ _399_/CLK (sky130_fd_sc_hd__dfrtp_4)
                  0.20    1.18    2.12 v _399_/Q (sky130_fd_sc_hd__dfrtp_4)
     9    0.04                           U_PC.pc[1] (net)
                  0.20    0.00    2.12 v _200_/B (sky130_fd_sc_hd__and2b_1)
                  0.15    0.48    2.61 v _200_/X (sky130_fd_sc_hd__and2b_1)
     4    0.01                           _186_ (net)
                  0.15    0.00    2.61 v _202_/B (sky130_fd_sc_hd__or3_1)
                  0.13    0.85    3.46 v _202_/X (sky130_fd_sc_hd__or3_1)
     1    0.00                           _188_ (net)
                  0.13    0.00    3.46 v _203_/A (sky130_fd_sc_hd__buf_4)
                  0.16    0.40    3.86 v _203_/X (sky130_fd_sc_hd__buf_4)
     9    0.06                           _189_ (net)
                  0.16    0.01    3.86 v _235_/A2 (sky130_fd_sc_hd__a221oi_4)
                  0.47    0.66    4.53 ^ _235_/Y (sky130_fd_sc_hd__a221oi_4)
     3    0.02                           _076_ (net)
                  0.47    0.00    4.53 ^ _238_/A3 (sky130_fd_sc_hd__a32oi_4)
                  0.27    0.46    4.99 v _238_/Y (sky130_fd_sc_hd__a32oi_4)
     5    0.02                           _079_ (net)
                  0.27    0.00    4.99 v _288_/A (sky130_fd_sc_hd__xor2_1)
                  0.13    0.39    5.38 v _288_/X (sky130_fd_sc_hd__xor2_1)
     1    0.00                           _124_ (net)
                  0.13    0.00    5.38 v _291_/A2 (sky130_fd_sc_hd__a211o_1)
                  0.19    0.72    6.10 v _291_/X (sky130_fd_sc_hd__a211o_1)
     3    0.02                           _127_ (net)
                  0.19    0.00    6.10 v _310_/B (sky130_fd_sc_hd__or4_1)
                  0.20    1.30    7.41 v _310_/X (sky130_fd_sc_hd__or4_1)
     1    0.00                           _143_ (net)
                  0.20    0.00    7.41 v _311_/D (sky130_fd_sc_hd__or4_1)
                  0.20    1.08    8.49 v _311_/X (sky130_fd_sc_hd__or4_1)
     1    0.00                           _144_ (net)
                  0.20    0.00    8.49 v _312_/D (sky130_fd_sc_hd__or4_1)
                  0.30    1.24    9.73 v _312_/X (sky130_fd_sc_hd__or4_1)
     1    0.01                           _145_ (net)
                  0.30    0.00    9.73 v _314_/A4 (sky130_fd_sc_hd__o41ai_1)
                  0.49    0.56   10.29 ^ _314_/Y (sky130_fd_sc_hd__o41ai_1)
     1    0.00                           _043_ (net)
                  0.49    0.00   10.29 ^ _417_/D (sky130_fd_sc_hd__dfrtp_4)
                                 10.29   data arrival time

                         20.00   20.00   clock clk (rise edge)
                          0.00   20.00   clock source latency
                  0.37    0.25   20.25 ^ clk (in)
     1    0.05                           clk (net)
                  0.37    0.00   20.25 ^ clkbuf_0_clk/A (sky130_fd_sc_hd__clkbuf_16)
                  0.08    0.34   20.60 ^ clkbuf_0_clk/X (sky130_fd_sc_hd__clkbuf_16)
     2    0.02                           clknet_0_clk (net)
                  0.08    0.00   20.60 ^ clkbuf_1_0__f_clk/A (sky130_fd_sc_hd__clkbuf_16)
                  0.11    0.25   20.85 ^ clkbuf_1_0__f_clk/X (sky130_fd_sc_hd__clkbuf_16)
    14    0.05                           clknet_1_0__leaf_clk (net)
                  0.11    0.00   20.85 ^ _417_/CLK (sky130_fd_sc_hd__dfrtp_4)
                         -0.25   20.60   clock uncertainty
                          0.06   20.67   clock reconvergence pessimism
                         -0.24   20.43   library setup time
                                 20.43   data required time
-----------------------------------------------------------------------------
                                 20.43   data required time
                                -10.29   data arrival time
-----------------------------------------------------------------------------
                                 10.14   slack (MET)



======================= Typical Corner ===================================

Startpoint: rst (input port clocked by clk)
Endpoint: _405_ (recovery check against rising-edge clock clk)
Path Group: asynchronous
Path Type: max
Corner: Typical

Fanout     Cap    Slew   Delay    Time   Description
-----------------------------------------------------------------------------
                          0.00    0.00   clock clk (rise edge)
                          0.00    0.00   clock network delay (propagated)
                          4.00    4.00 v input external delay
                  0.01    0.01    4.01 v rst (in)
     1    0.00                           rst (net)
                  0.01    0.00    4.01 v input1/A (sky130_fd_sc_hd__buf_1)
                  0.09    0.13    4.14 v input1/X (sky130_fd_sc_hd__buf_1)
     1    0.01                           net1 (net)
                  0.09    0.00    4.14 v _367_/A (sky130_fd_sc_hd__buf_4)
                  0.08    0.22    4.36 v _367_/X (sky130_fd_sc_hd__buf_4)
    10    0.06                           _180_ (net)
                  0.08    0.01    4.37 v _368_/A (sky130_fd_sc_hd__buf_4)
                  0.09    0.22    4.59 v _368_/X (sky130_fd_sc_hd__buf_4)
    10    0.07                           _181_ (net)
                  0.09    0.01    4.60 v _376_/A (sky130_fd_sc_hd__inv_2)
                  0.04    0.07    4.67 ^ _376_/Y (sky130_fd_sc_hd__inv_2)
     1    0.00                           _007_ (net)
                  0.04    0.00    4.67 ^ _405_/RESET_B (sky130_fd_sc_hd__dfrtp_4)
                                  4.67   data arrival time

                         20.00   20.00   clock clk (rise edge)
                          0.00   20.00   clock source latency
                  0.24    0.16   20.16 ^ clk (in)
     1    0.05                           clk (net)
                  0.24    0.00   20.16 ^ clkbuf_0_clk/A (sky130_fd_sc_hd__clkbuf_16)
                  0.05    0.18   20.35 ^ clkbuf_0_clk/X (sky130_fd_sc_hd__clkbuf_16)
     2    0.02                           clknet_0_clk (net)
                  0.05    0.00   20.35 ^ clkbuf_1_1__f_clk/A (sky130_fd_sc_hd__clkbuf_16)
                  0.07    0.14   20.49 ^ clkbuf_1_1__f_clk/X (sky130_fd_sc_hd__clkbuf_16)
    14    0.05                           clknet_1_1__leaf_clk (net)
                  0.07    0.00   20.50 ^ _405_/CLK (sky130_fd_sc_hd__dfrtp_4)
                         -0.25   20.25   clock uncertainty
                          0.00   20.25   clock reconvergence pessimism
                          0.23   20.47   library recovery time
                                 20.47   data required time
-----------------------------------------------------------------------------
                                 20.47   data required time
                                 -4.67   data arrival time
-----------------------------------------------------------------------------
                                 15.81   slack (MET)


Startpoint: _410_ (rising edge-triggered flip-flop clocked by clk)
Endpoint: last_opcode_out[0] (output port clocked by clk)
Path Group: clk
Path Type: max
Corner: Typical

Fanout     Cap    Slew   Delay    Time   Description
-----------------------------------------------------------------------------
                          0.00    0.00   clock clk (rise edge)
                          0.00    0.00   clock source latency
                  0.24    0.18    0.18 ^ clk (in)
     1    0.05                           clk (net)
                  0.24    0.00    0.18 ^ clkbuf_0_clk/A (sky130_fd_sc_hd__clkbuf_16)
                  0.05    0.20    0.38 ^ clkbuf_0_clk/X (sky130_fd_sc_hd__clkbuf_16)
     2    0.02                           clknet_0_clk (net)
                  0.05    0.00    0.39 ^ clkbuf_1_0__f_clk/A (sky130_fd_sc_hd__clkbuf_16)
                  0.07    0.16    0.55 ^ clkbuf_1_0__f_clk/X (sky130_fd_sc_hd__clkbuf_16)
    14    0.06                           clknet_1_0__leaf_clk (net)
                  0.07    0.00    0.55 ^ _410_/CLK (sky130_fd_sc_hd__dfrtp_4)
                  0.16    0.63    1.18 v _410_/Q (sky130_fd_sc_hd__dfrtp_4)
     3    0.09                           net23 (net)
                  0.16    0.01    1.19 v _427_/A (sky130_fd_sc_hd__clkbuf_1)
                  0.03    0.14    1.33 v _427_/X (sky130_fd_sc_hd__clkbuf_1)
     1    0.00                           net22 (net)
                  0.03    0.00    1.33 v output22/A (sky130_fd_sc_hd__clkbuf_4)
                  0.08    0.18    1.51 v output22/X (sky130_fd_sc_hd__clkbuf_4)
     1    0.03                           last_opcode_out[0] (net)
                  0.08    0.00    1.51 v last_opcode_out[0] (out)
                                  1.51   data arrival time

                         20.00   20.00   clock clk (rise edge)
                          0.00   20.00   clock network delay (propagated)
                         -0.25   19.75   clock uncertainty
                          0.00   19.75   clock reconvergence pessimism
                         -4.00   15.75   output external delay
                                 15.75   data required time
-----------------------------------------------------------------------------
                                 15.75   data required time
                                 -1.51   data arrival time
-----------------------------------------------------------------------------
                                 14.24   slack (MET)




===========================================================================
report_checks --slack_max -0.01
============================================================================
======================= Fastest Corner ===================================

No paths found.

======================= Slowest Corner ===================================

No paths found.

======================= Typical Corner ===================================

No paths found.


===========================================================================
 report_check_types -max_slew -max_cap -max_fanout -violators
============================================================================
======================= Fastest Corner ===================================

max fanout

Pin                                   Limit Fanout  Slack
---------------------------------------------------------
clkbuf_1_0__f_clk/X                      10     14     -4 (VIOLATED)
clkbuf_1_1__f_clk/X                      10     14     -4 (VIOLATED)


======================= Slowest Corner ===================================

max slew

Pin                                    Limit    Slew   Slack
------------------------------------------------------------
_292_/A1                                0.75    0.78   -0.03 (VIOLATED)
_233_/B                                 0.75    0.78   -0.03 (VIOLATED)
_300_/A1                                0.75    0.78   -0.03 (VIOLATED)
_285_/S                                 0.75    0.78   -0.03 (VIOLATED)
max_cap28/A                             0.75    0.78   -0.03 (VIOLATED)
_232_/Y                                 0.75    0.78   -0.03 (VIOLATED)

max fanout

Pin                                   Limit Fanout  Slack
---------------------------------------------------------
clkbuf_1_0__f_clk/X                      10     14     -4 (VIOLATED)
clkbuf_1_1__f_clk/X                      10     14     -4 (VIOLATED)


======================= Typical Corner ===================================

max fanout

Pin                                   Limit Fanout  Slack
---------------------------------------------------------
clkbuf_1_0__f_clk/X                      10     14     -4 (VIOLATED)
clkbuf_1_1__f_clk/X                      10     14     -4 (VIOLATED)



===========================================================================
report_parasitic_annotation -report_unannotated
============================================================================
Found 1 unannotated drivers.
 computer_30/HI
Found 0 partially unannotated drivers.

===========================================================================
max slew violation count 6
max fanout violation count 2
max cap violation count 0
============================================================================

===========================================================================
check_setup -verbose -unconstrained_endpoints -multiple_clock -no_clock -no_input_delay -loops -generated_clocks
===========================================================================
Warning: There is 1 unconstrained endpoint.
  last_opcode_out[5]
