
===========================================================================
 report_power
============================================================================
======================= Fastest Corner ===================================

Group                  Internal  Switching    Leakage      Total
                          Power      Power      Power      Power (Watts)
----------------------------------------------------------------
Sequential             9.81e-05   1.04e-04   1.47e-07   2.02e-04  24.2%
Combinational          2.66e-04   3.67e-04   9.65e-09   6.33e-04  75.8%
Macro                  0.00e+00   0.00e+00   0.00e+00   0.00e+00   0.0%
Pad                    0.00e+00   0.00e+00   0.00e+00   0.00e+00   0.0%
----------------------------------------------------------------
Total                  3.64e-04   4.71e-04   1.56e-07   8.36e-04 100.0%
                          43.6%      56.4%       0.0%

======================= Slowest Corner ===================================

Group                  Internal  Switching    Leakage      Total
                          Power      Power      Power      Power (Watts)
----------------------------------------------------------------
Sequential             6.60e-05   6.94e-05   5.85e-07   1.36e-04  23.5%
Combinational          1.99e-04   2.43e-04   1.18e-06   4.43e-04  76.5%
Macro                  0.00e+00   0.00e+00   0.00e+00   0.00e+00   0.0%
Pad                    0.00e+00   0.00e+00   0.00e+00   0.00e+00   0.0%
----------------------------------------------------------------
Total                  2.65e-04   3.12e-04   1.76e-06   5.79e-04 100.0%
                          45.7%      54.0%       0.3%

======================= Typical Corner ===================================

Group                  Internal  Switching    Leakage      Total
                          Power      Power      Power      Power (Watts)
----------------------------------------------------------------
Sequential             8.48e-05   8.82e-05   1.46e-07   1.73e-04  23.8%
Combinational          2.43e-04   3.10e-04   8.72e-09   5.53e-04  76.2%
Macro                  0.00e+00   0.00e+00   0.00e+00   0.00e+00   0.0%
Pad                    0.00e+00   0.00e+00   0.00e+00   0.00e+00   0.0%
----------------------------------------------------------------
Total                  3.28e-04   3.98e-04   1.55e-07   7.26e-04 100.0%
                          45.2%      54.8%       0.0%

