18. Printing statistics.

=== $paramod\register\W=s32'00000000000000000000000000001000 ===

   Number of wires:                  5
   Number of wire bits:             19
   Number of public wires:           5
   Number of public wire bits:      19
   Number of memories:               0
   Number of memory bits:            0
   Number of processes:              0
   Number of cells:                  8
     $_DFFE_PP0P_                    8

=== alu ===

   Number of wires:                368
   Number of wire bits:            392
   Number of public wires:           8
   Number of public wire bits:      32
   Number of memories:               0
   Number of memory bits:            0
   Number of processes:              0
   Number of cells:                371
     $_ANDNOT_                     166
     $_AND_                         20
     $_NAND_                        12
     $_NOR_                         24
     $_NOT_                         15
     $_ORNOT_                       11
     $_OR_                          92
     $_XNOR_                         9
     $_XOR_                         22

=== computer ===

   Number of wires:                115
   Number of wire bits:            303
   Number of public wires:          44
   Number of public wire bits:     232
   Number of memories:               0
   Number of memory bits:            0
   Number of processes:              0
   Number of cells:                114
     $_ANDNOT_                      29
     $_AND_                          2
     $_MUX_                         24
     $_NAND_                         8
     $_NOT_                          2
     $_ORNOT_                        5
     $_OR_                          18
     $_XNOR_                         1
     $_XOR_                         14
     $paramod\register\W=s32'00000000000000000000000000001000      2
     alu                             1
     control_unit                    1
     data_memory                     1
     instruction_memory              1
     muxA                            1
     muxB                            1
     mux_data                        1
     pc                              1
     status_register                 1

=== control_unit ===

   Number of wires:                395
   Number of wire bits:            408
   Number of public wires:          16
   Number of public wire bits:      29
   Number of memories:               0
   Number of memory bits:            0
   Number of processes:              0
   Number of cells:                396
     $_ANDNOT_                      91
     $_AND_                         10
     $_MUX_                          9
     $_NAND_                         5
     $_NOR_                         27
     $_NOT_                          2
     $_ORNOT_                       10
     $_OR_                         242

=== data_memory ===

   Number of wires:               2855
   Number of wire bits:           4682
   Number of public wires:         262
   Number of public wire bits:    2082
   Number of memories:               0
   Number of memory bits:            0
   Number of processes:              0
   Number of cells:               4656
     $_ANDNOT_                     256
     $_DFFE_PP_                   2048
     $_DFF_P_                        8
     $_MUX_                       2040
     $_NAND_                         4
     $_ORNOT_                        8
     $_OR_                         292

=== instruction_memory ===

   Number of wires:                 62
   Number of wire bits:             91
   Number of public wires:           2
   Number of public wire bits:      31
   Number of memories:               0
   Number of memory bits:            0
   Number of processes:              0
   Number of cells:                 75
     $_ANDNOT_                      13
     $_AND_                          3
     $_MUX_                         35
     $_NAND_                         3
     $_NOR_                          3
     $_NOT_                          5
     $_ORNOT_                        2
     $_OR_                          11

=== muxA ===

   Number of wires:                 49
   Number of wire bits:             78
   Number of public wires:           5
   Number of public wire bits:      34
   Number of memories:               0
   Number of memory bits:            0
   Number of processes:              0
   Number of cells:                 52
     $_ANDNOT_                      39
     $_NAND_                         1
     $_NOR_                          1
     $_ORNOT_                        9
     $_OR_                           2

=== muxB ===

   Number of wires:                 50
   Number of wire bits:             86
   Number of public wires:           6
   Number of public wire bits:      42
   Number of memories:               0
   Number of memory bits:            0
   Number of processes:              0
   Number of cells:                 52
     $_ANDNOT_                      24
     $_MUX_                          8
     $_NAND_                         1
     $_NOR_                          1
     $_ORNOT_                        2
     $_OR_                          16

=== mux_data ===

   Number of wires:                 49
   Number of wire bits:             78
   Number of public wires:           5
   Number of public wire bits:      34
   Number of memories:               0
   Number of memory bits:            0
   Number of processes:              0
   Number of cells:                 52
     $_ANDNOT_                      39
     $_NAND_                         1
     $_NOR_                          1
     $_ORNOT_                        9
     $_OR_                           2

=== pc ===

   Number of wires:                  4
   Number of wire bits:             34
   Number of public wires:           4
   Number of public wire bits:      34
   Number of memories:               0
   Number of memory bits:            0
   Number of processes:              0
   Number of cells:                 16
     $_DFF_PP0_                     16

=== status_register ===

   Number of wires:                 14
   Number of wire bits:             29
   Number of public wires:          14
   Number of public wire bits:      29
   Number of memories:               0
   Number of memory bits:            0
   Number of processes:              0
   Number of cells:                 11
     $_DFFE_PP0P_                   11

=== design hierarchy ===

   computer                          1
     $paramod\register\W=s32'00000000000000000000000000001000      2
     alu                             1
     control_unit                    1
     data_memory                     1
     instruction_memory              1
     muxA                            1
     muxB                            1
     mux_data                        1
     pc                              1
     status_register                 1

   Number of wires:               3971
   Number of wire bits:           6219
   Number of public wires:         376
   Number of public wire bits:    2617
   Number of memories:               0
   Number of memory bits:            0
   Number of processes:              0
   Number of cells:               5800
     $_ANDNOT_                     657
     $_AND_                         35
     $_DFFE_PP0P_                   27
     $_DFFE_PP_                   2048
     $_DFF_PP0_                     16
     $_DFF_P_                        8
     $_MUX_                       2116
     $_NAND_                        35
     $_NOR_                         57
     $_NOT_                         24
     $_ORNOT_                       56
     $_OR_                         675
     $_XNOR_                        10
     $_XOR_                         36

