32. Printing statistics.

=== $paramod\register\W=s32'00000000000000000000000000001000 ===

   Number of wires:                  5
   Number of wire bits:             19
   Number of public wires:           5
   Number of public wire bits:      19
   Number of memories:               0
   Number of memory bits:            0
   Number of processes:              0
   Number of cells:                  8
     $_DFFE_PP0P_                    8

=== alu ===

   Number of wires:                451
   Number of wire bits:            475
   Number of public wires:           8
   Number of public wire bits:      32
   Number of memories:               0
   Number of memory bits:            0
   Number of processes:              0
   Number of cells:                454
     $_ANDNOT_                     162
     $_AND_                          4
     $_MUX_                         36
     $_NAND_                        18
     $_NOR_                         35
     $_NOT_                         24
     $_ORNOT_                       11
     $_OR_                         124
     $_XNOR_                         2
     $_XOR_                         38

=== computer ===

   Number of wires:                115
   Number of wire bits:            303
   Number of public wires:          44
   Number of public wire bits:     232
   Number of memories:               0
   Number of memory bits:            0
   Number of processes:              0
   Number of cells:                114
     $_ANDNOT_                      29
     $_AND_                          2
     $_MUX_                         24
     $_NAND_                         8
     $_NOT_                          2
     $_ORNOT_                        5
     $_OR_                          18
     $_XNOR_                         1
     $_XOR_                         14
     $paramod\register\W=s32'00000000000000000000000000001000      2
     alu                             1
     control_unit                    1
     data_memory                     1
     instruction_memory              1
     muxA                            1
     muxB                            1
     mux_data                        1
     pc                              1
     status_register                 1

=== control_unit ===

   Number of wires:                411
   Number of wire bits:            424
   Number of public wires:          16
   Number of public wire bits:      29
   Number of memories:               0
   Number of memory bits:            0
   Number of processes:              0
   Number of cells:                412
     $_ANDNOT_                      90
     $_AND_                         17
     $_MUX_                          9
     $_NAND_                         6
     $_NOR_                         30
     $_NOT_                          2
     $_ORNOT_                       10
     $_OR_                         248

=== data_memory ===

   Number of wires:                  8
   Number of wire bits:             50
   Number of public wires:           6
   Number of public wire bits:      34
   Number of memories:               0
   Number of memory bits:            0
   Number of processes:              0
   Number of cells:                 17
     $_AND_                         16
     $mem_v2                         1

=== instruction_memory ===

   Number of wires:                  2
   Number of wire bits:             31
   Number of public wires:           2
   Number of public wire bits:      31
   Number of memories:               0
   Number of memory bits:            0
   Number of processes:              0
   Number of cells:                  1
     $mem_v2                         1

=== muxA ===

   Number of wires:                 49
   Number of wire bits:             78
   Number of public wires:           5
   Number of public wire bits:      34
   Number of memories:               0
   Number of memory bits:            0
   Number of processes:              0
   Number of cells:                 52
     $_ANDNOT_                      39
     $_NAND_                         1
     $_NOR_                          1
     $_ORNOT_                        9
     $_OR_                           2

=== muxB ===

   Number of wires:                 69
   Number of wire bits:            105
   Number of public wires:           6
   Number of public wire bits:      42
   Number of memories:               0
   Number of memory bits:            0
   Number of processes:              0
   Number of cells:                 71
     $_ANDNOT_                      46
     $_AND_                          1
     $_NAND_                         3
     $_ORNOT_                        9
     $_OR_                          12

=== mux_data ===

   Number of wires:                 49
   Number of wire bits:             78
   Number of public wires:           5
   Number of public wire bits:      34
   Number of memories:               0
   Number of memory bits:            0
   Number of processes:              0
   Number of cells:                 52
     $_ANDNOT_                      39
     $_NAND_                         1
     $_NOR_                          1
     $_ORNOT_                        9
     $_OR_                           2

=== pc ===

   Number of wires:                  4
   Number of wire bits:             34
   Number of public wires:           4
   Number of public wire bits:      34
   Number of memories:               0
   Number of memory bits:            0
   Number of processes:              0
   Number of cells:                 16
     $_DFF_PP0_                     16

=== status_register ===

   Number of wires:                 14
   Number of wire bits:             29
   Number of public wires:          14
   Number of public wire bits:      29
   Number of memories:               0
   Number of memory bits:            0
   Number of processes:              0
   Number of cells:                 11
     $_DFFE_PP0P_                   11

=== design hierarchy ===

   computer                          1
     $paramod\register\W=s32'00000000000000000000000000001000      2
     alu                             1
     control_unit                    1
     data_memory                     1
     instruction_memory              1
     muxA                            1
     muxB                            1
     mux_data                        1
     pc                              1
     status_register                 1

   Number of wires:               1182
   Number of wire bits:           1645
   Number of public wires:         120
   Number of public wire bits:     569
   Number of memories:               0
   Number of memory bits:            0
   Number of processes:              0
   Number of cells:               1205
     $_ANDNOT_                     405
     $_AND_                         40
     $_DFFE_PP0P_                   27
     $_DFF_PP0_                     16
     $_MUX_                         69
     $_NAND_                        37
     $_NOR_                         67
     $_NOT_                         28
     $_ORNOT_                       53
     $_OR_                         406
     $_XNOR_                         3
     $_XOR_                         52
     $mem_v2                         2

