
===========================================================================
 report_power
============================================================================
======================= Fastest Corner ===================================

Group                  Internal  Switching    Leakage      Total
                          Power      Power      Power      Power (Watts)
----------------------------------------------------------------
Sequential             9.89e-05   9.91e-05   1.47e-07   1.98e-04  24.1%
Combinational          2.66e-04   3.58e-04   9.65e-09   6.23e-04  75.9%
Macro                  0.00e+00   0.00e+00   0.00e+00   0.00e+00   0.0%
Pad                    0.00e+00   0.00e+00   0.00e+00   0.00e+00   0.0%
----------------------------------------------------------------
Total                  3.65e-04   4.57e-04   1.56e-07   8.22e-04 100.0%
                          44.4%      55.6%       0.0%

======================= Slowest Corner ===================================

Group                  Internal  Switching    Leakage      Total
                          Power      Power      Power      Power (Watts)
----------------------------------------------------------------
Sequential             6.65e-05   6.61e-05   5.85e-07   1.33e-04  23.4%
Combinational          1.99e-04   2.36e-04   1.18e-06   4.36e-04  76.6%
Macro                  0.00e+00   0.00e+00   0.00e+00   0.00e+00   0.0%
Pad                    0.00e+00   0.00e+00   0.00e+00   0.00e+00   0.0%
----------------------------------------------------------------
Total                  2.65e-04   3.02e-04   1.76e-06   5.69e-04 100.0%
                          46.6%      53.1%       0.3%

======================= Typical Corner ===================================

Group                  Internal  Switching    Leakage      Total
                          Power      Power      Power      Power (Watts)
----------------------------------------------------------------
Sequential             8.55e-05   8.40e-05   1.46e-07   1.70e-04  23.7%
Combinational          2.43e-04   3.02e-04   8.72e-09   5.45e-04  76.3%
Macro                  0.00e+00   0.00e+00   0.00e+00   0.00e+00   0.0%
Pad                    0.00e+00   0.00e+00   0.00e+00   0.00e+00   0.0%
----------------------------------------------------------------
Total                  3.29e-04   3.86e-04   1.55e-07   7.14e-04 100.0%
                          46.0%      54.0%       0.0%

