OpenROAD 41a51eaf4ca2171c92ff38afb91eb37bbd3f36da 
This program is licensed under the BSD-3 license. See the LICENSE file for details.
Components of this program may be licensed under more restrictive licenses which must be honored.
[INFO ODB-0222] Reading LEF file: /home/zerotoasic/Documents/proyecto3/arqui-comp-proyecto-3/runs/computer_final/tmp/merged.nom.lef
[WARNING ODB-0220] WARNING (LEFPARS-2036): SOURCE statement is obsolete in version 5.6 and later.
The LEF parser will ignore this statement.
To avoid this warning in the future, remove this statement from the LEF file with version 5.6 or later. See file /home/zerotoasic/Documents/proyecto3/arqui-comp-proyecto-3/runs/computer_final/tmp/merged.nom.lef at line 68353.

[INFO ODB-0223]     Created 13 technology layers
[INFO ODB-0224]     Created 25 technology vias
[INFO ODB-0225]     Created 441 library cells
[INFO ODB-0226] Finished LEF file:  /home/zerotoasic/Documents/proyecto3/arqui-comp-proyecto-3/runs/computer_final/tmp/merged.nom.lef
[INFO ODB-0127] Reading DEF file: /home/zerotoasic/Documents/proyecto3/arqui-comp-proyecto-3/runs/computer_final/tmp/signoff/36-computer.p.def
[INFO ODB-0128] Design: computer
[INFO ODB-0130]     Created 31 pins.
[INFO ODB-0131]     Created 14791 components and 55965 component-terminals.
[INFO ODB-0132]     Created 2 special nets and 55076 connections.
[INFO ODB-0133]     Created 270 nets and 888 connections.
[INFO ODB-0134] Finished DEF file: /home/zerotoasic/Documents/proyecto3/arqui-comp-proyecto-3/runs/computer_final/tmp/signoff/36-computer.p.def
define_corners Typical
read_liberty -corner Typical /home/zerotoasic/asic_tools/pdk/sky130A/libs.ref/sky130_fd_sc_hd/lib/sky130_fd_sc_hd__tt_025C_1v80.lib
Using 1e-12 for capacitance...
Using 1e+03 for resistance...
Using 1e-09 for time...
Using 1e+00 for voltage...
Using 1e-03 for current...
Using 1e-09 for power...
Using 1e-06 for distance...
Reading design constraints file at '/home/zerotoasic/Documents/proyecto3/arqui-comp-proyecto-3/runs/computer_final/tmp/17-computer.sdc'…
[WARNING] Did not save OpenROAD database!
Writing netlist to '/home/zerotoasic/Documents/proyecto3/arqui-comp-proyecto-3/runs/computer_final/tmp/signoff/36-computer.nl.v'…
Writing powered netlist to '/home/zerotoasic/Documents/proyecto3/arqui-comp-proyecto-3/runs/computer_final/tmp/signoff/36-computer.pnl.v'…
