CVC: Circuit Validation Check  Version 1.1.4
CVC: Log output to /home/zerotoasic/Documents/proyecto3/arqui-comp-proyecto-3/runs/computer_final/reports/signoff/computer.rpt
CVC: Error output to /home/zerotoasic/Documents/proyecto3/arqui-comp-proyecto-3/runs/computer_final/reports/signoff/computer.rpt.error.gz
CVC: Debug output to /home/zerotoasic/Documents/proyecto3/arqui-comp-proyecto-3/runs/computer_final/reports/signoff/computer.rpt.debug.gz
CVC: Start: Wed Oct 29 03:31:04 2025

Using the following parameters for CVC (Circuit Validation Check) from /home/zerotoasic/asic_tools/pdk/sky130A/libs.tech/openlane/cvc/cvcrc
CVC_TOP = 'computer'
CVC_NETLIST = '/home/zerotoasic/Documents/proyecto3/arqui-comp-proyecto-3/runs/computer_final/tmp/signoff/computer.cdl'
CVC_MODE = 'computer'
CVC_MODEL_FILE = '/home/zerotoasic/asic_tools/pdk/sky130A/libs.tech/openlane/cvc/models'
CVC_POWER_FILE = '/home/zerotoasic/Documents/proyecto3/arqui-comp-proyecto-3/runs/computer_final/tmp/signoff/computer.power'
CVC_FUSE_FILE = ''
CVC_REPORT_FILE = '/home/zerotoasic/Documents/proyecto3/arqui-comp-proyecto-3/runs/computer_final/reports/signoff/computer.rpt'
CVC_REPORT_TITLE = 'CVC $CVC_TOP'
CVC_CIRCUIT_ERROR_LIMIT = '100'
CVC_SEARCH_LIMIT = '100'
CVC_LEAK_LIMIT = '0.0002'
CVC_SOI = 'false'
CVC_SCRC = 'false'
CVC_VTH_GATES = 'false'
CVC_MIN_VTH_GATES = 'false'
CVC_IGNORE_VTH_FLOATING = 'false'
CVC_IGNORE_NO_LEAK_FLOATING = 'false'
CVC_LEAK_OVERVOLTAGE = 'true'
CVC_LOGIC_DIODES = 'false'
CVC_ANALOG_GATES = 'true'
CVC_BACKUP_RESULTS = 'false'
CVC_MOS_DIODE_ERROR_THRESHOLD = '0'
CVC_SHORT_ERROR_THRESHOLD = '0'
CVC_BIAS_ERROR_THRESHOLD = '0'
CVC_FORWARD_ERROR_THRESHOLD = '0'
CVC_FLOATING_ERROR_THRESHOLD = '0'
CVC_GATE_ERROR_THRESHOLD = '0'
CVC_LEAK?_ERROR_THRESHOLD = '0'
CVC_EXPECTED_ERROR_THRESHOLD = '0'
CVC_OVERVOLTAGE_ERROR_THRESHOLD = '0'
CVC_PARALLEL_CIRCUIT_PORT_LIMIT = '0'
CVC_CELL_ERROR_LIMIT_FILE = ''
CVC_CELL_CHECKSUM_FILE = ''
CVC_LARGE_CIRCUIT_SIZE = '10000000'
CVC_NET_CHECK_FILE = ''
CVC_MODEL_CHECK_FILE = ''
End of parameters

CVC: Reading device model settings...
CVC: Reading power settings...
CVC: Parsing netlist /home/zerotoasic/Documents/proyecto3/arqui-comp-proyecto-3/runs/computer_final/tmp/signoff/computer.cdl

Cdl fixed data size 250577
Usage CDL: Time: 0  Memory: 13824  I/O: 4288  Swap: 0
CVC: Counting and linking...
Fatal error:could not find subcircuit: XFILLER_0_27_93(sky130_ef_sc_hd__decap_12) in computer

