[ERROR]: during executing openroad script /openlane/scripts/openroad/pdn.tcl
[ERROR]: Log: ../home/zerotoasic/Documents/proyecto3/arqui-comp-proyecto-3/runs/RUN_2025.10.29_02.02.05/logs/floorplan/6-pdn.log
[ERROR]: Last 10 lines:
Using 1e+03 for resistance...
Using 1e-09 for time...
Using 1e+00 for voltage...
Using 1e-03 for current...
Using 1e-09 for power...
Using 1e-06 for distance...
Reading design constraints file at '/home/zerotoasic/Documents/proyecto3/arqui-comp-proyecto-3/runs/RUN_2025.10.29_02.02.05/tmp/floorplan/3-initial_fp.sdc'…
[ERROR STA-0511] cannot open '/openlane/scripts/openroad/pdn_cfg_lite.tcl'.
STA-0511
child process exited abnormally

[ERROR]: Creating issue reproducible...
[ERROR]: Step 6 (floorplan) failed with error:
-code 1 -level 0 -errorcode NONE -errorinfo {
    while executing
"throw_error"
    (procedure "run_tcl_script" line 219)
    invoked from within
"run_tcl_script -tool openroad -no_consume {*}$args"
    (procedure "run_openroad_script" line 2)
    invoked from within
"run_openroad_script $::env(SCRIPTS_DIR)/openroad/pdn.tcl  -indexed_log [index_file $::env(floorplan_logs)/pdn.log]  -save "to=$::env(floorplan_results..."
    (procedure "gen_pdn" line 15)
    invoked from within
"gen_pdn"
    (procedure "run_power_grid_generation" line 65)
    invoked from within
"run_power_grid_generation"
    (procedure "run_floorplan" line 56)
    invoked from within
"run_floorplan"} -errorline 1
[ERROR]: Flow failed.
