[ERROR]: during executing yosys script /openlane/scripts/yosys/synth.tcl
[ERROR]: Log: ../home/zerotoasic/Documents/proyecto3/arqui-comp-proyecto-3/runs/RUN_2025.10.29_01.57.53/logs/synthesis/1-synthesis.log
[ERROR]: Last 10 lines:
Successfully finished Verilog frontend.

3. Executing Verilog-2005 frontend: /home/zerotoasic/Documents/proyecto3/arqui-comp-proyecto-3/src/computer/control_unit.v
Parsing SystemVerilog input from `/home/zerotoasic/Documents/proyecto3/arqui-comp-proyecto-3/src/computer/control_unit.v' to AST representation.
Generating RTLIL representation for module `\control_unit'.
Successfully finished Verilog frontend.

4. Executing Verilog-2005 frontend: /home/zerotoasic/Documents/proyecto3/arqui-comp-proyecto-3/src/computer/data_memory.v
/home/zerotoasic/Documents/proyecto3/arqui-comp-proyecto-3/src/computer/data_memory.v:0: ERROR: Can not open file `data/mem.dat` for \$readmemb.
child process exited abnormally

[ERROR]: Creating issue reproducible...
[ERROR]: Step 1 (synthesis) failed with error:
-code 1 -level 0 -errorcode NONE -errorinfo {
    while executing
"throw_error"
    (procedure "run_tcl_script" line 219)
    invoked from within
"run_tcl_script -tool yosys -no_consume {*}$args"
    (procedure "run_yosys_script" line 2)
    invoked from within
"run_yosys_script $::env(SYNTH_SCRIPT) -indexed_log $arg_values(-indexed_log)"
    (procedure "run_yosys" line 44)
    invoked from within
"run_yosys -indexed_log $log"
    (procedure "run_synthesis" line 13)
    invoked from within
"run_synthesis"} -errorline 1
[ERROR]: Flow failed.
