[INFO]: Run Directory: /home/zerotoasic/Documents/proyecto3/arqui-comp-proyecto-3/runs/RUN_2025.10.29_01.57.53
[INFO]: Saving runtime environment...
[INFO]: Preparing LEF files for the nom corner...
[INFO]: Preparing LEF files for the min corner...
[INFO]: Preparing LEF files for the max corner...
[INFO]: Running linter (Verilator) (log: ../home/zerotoasic/Documents/proyecto3/arqui-comp-proyecto-3/runs/RUN_2025.10.29_01.57.53/logs/synthesis/linter.log)...
[INFO]: 0 errors found by linter
[WARNING]: 6 warnings found by linter
[INFO]: Running Synthesis (log: ../home/zerotoasic/Documents/proyecto3/arqui-comp-proyecto-3/runs/RUN_2025.10.29_01.57.53/logs/synthesis/1-synthesis.log)...
[ERROR]: during executing yosys script /openlane/scripts/yosys/synth.tcl
[ERROR]: Log: ../home/zerotoasic/Documents/proyecto3/arqui-comp-proyecto-3/runs/RUN_2025.10.29_01.57.53/logs/synthesis/1-synthesis.log
[ERROR]: Last 10 lines:
Successfully finished Verilog frontend.

3. Executing Verilog-2005 frontend: /home/zerotoasic/Documents/proyecto3/arqui-comp-proyecto-3/src/computer/control_unit.v
Parsing SystemVerilog input from `/home/zerotoasic/Documents/proyecto3/arqui-comp-proyecto-3/src/computer/control_unit.v' to AST representation.
Generating RTLIL representation for module `\control_unit'.
Successfully finished Verilog frontend.

4. Executing Verilog-2005 frontend: /home/zerotoasic/Documents/proyecto3/arqui-comp-proyecto-3/src/computer/data_memory.v
/home/zerotoasic/Documents/proyecto3/arqui-comp-proyecto-3/src/computer/data_memory.v:0: ERROR: Can not open file `data/mem.dat` for \$readmemb.
child process exited abnormally

[ERROR]: Creating issue reproducible...
[INFO]: Saving runtime environment...
[INFO]: Reproducible packaged: Please tarball and upload '../home/zerotoasic/Documents/proyecto3/arqui-comp-proyecto-3/runs/RUN_2025.10.29_01.57.53/issue_reproducible' if you're going to submit an issue.
[ERROR]: Step 1 (synthesis) failed with error:
-code 1 -level 0 -errorcode NONE -errorinfo {
    while executing
"throw_error"
    (procedure "run_tcl_script" line 219)
    invoked from within
"run_tcl_script -tool yosys -no_consume {*}$args"
    (procedure "run_yosys_script" line 2)
    invoked from within
"run_yosys_script $::env(SYNTH_SCRIPT) -indexed_log $arg_values(-indexed_log)"
    (procedure "run_yosys" line 44)
    invoked from within
"run_yosys -indexed_log $log"
    (procedure "run_synthesis" line 13)
    invoked from within
"run_synthesis"} -errorline 1
[INFO]: Saving current set of views in '../home/zerotoasic/Documents/proyecto3/arqui-comp-proyecto-3/runs/RUN_2025.10.29_01.57.53/results/final'...
[INFO]: Generating final set of reports...
[INFO]: Created manufacturability report at '../home/zerotoasic/Documents/proyecto3/arqui-comp-proyecto-3/runs/RUN_2025.10.29_01.57.53/reports/manufacturability.rpt'.
[INFO]: Created metrics report at '../home/zerotoasic/Documents/proyecto3/arqui-comp-proyecto-3/runs/RUN_2025.10.29_01.57.53/reports/metrics.csv'.
[INFO]: Saving runtime environment...
[ERROR]: Flow failed.
[INFO]: The failure may have been because of the following warnings:
