
===========================================================================
report_checks -unconstrained
===========================================================================
======================= Fastest Corner ===================================

Startpoint: rst (input port clocked by clk)
Endpoint: _03_ (recovery check against rising-edge clock clk)
Path Group: asynchronous
Path Type: max
Corner: Fastest

Fanout     Cap    Slew   Delay    Time   Description
-----------------------------------------------------------------------------
                          0.00    0.00   clock clk (rise edge)
                          0.00    0.00   clock network delay (propagated)
                          4.00    4.00 v input external delay
                  0.01    0.00    4.00 v rst (in)
     1    0.00                           rst (net)
                  0.01    0.00    4.00 v input1/A (sky130_fd_sc_hd__buf_2)
                  0.08    0.12    4.13 v input1/X (sky130_fd_sc_hd__buf_2)
     1    0.05                           net1 (net)
                  0.08    0.01    4.14 v _02_/A (sky130_fd_sc_hd__inv_2)
                  0.03    0.05    4.19 ^ _02_/Y (sky130_fd_sc_hd__inv_2)
     1    0.00                           _00_ (net)
                  0.03    0.00    4.19 ^ _03_/RESET_B (sky130_fd_sc_hd__dfrtp_1)
                                  4.19   data arrival time

                         20.00   20.00   clock clk (rise edge)
                          0.00   20.00   clock source latency
                  0.07    0.05   20.05 ^ clk (in)
     1    0.02                           clk (net)
                  0.07    0.00   20.05 ^ _03_/CLK (sky130_fd_sc_hd__dfrtp_1)
                         -0.25   19.80   clock uncertainty
                          0.00   19.80   clock reconvergence pessimism
                          0.15   19.95   library recovery time
                                 19.95   data required time
-----------------------------------------------------------------------------
                                 19.95   data required time
                                 -4.19   data arrival time
-----------------------------------------------------------------------------
                                 15.76   slack (MET)


Startpoint: _03_ (rising edge-triggered flip-flop clocked by clk)
Endpoint: flags_out[3] (output port clocked by clk)
Path Group: clk
Path Type: max
Corner: Fastest

Fanout     Cap    Slew   Delay    Time   Description
-----------------------------------------------------------------------------
                          0.00    0.00   clock clk (rise edge)
                          0.00    0.00   clock source latency
                  0.07    0.05    0.05 ^ clk (in)
     1    0.02                           clk (net)
                  0.07    0.00    0.05 ^ _03_/CLK (sky130_fd_sc_hd__dfrtp_1)
                  0.03    0.24    0.29 v _03_/Q (sky130_fd_sc_hd__dfrtp_1)
     1    0.00                           net2 (net)
                  0.03    0.00    0.29 v output2/A (sky130_fd_sc_hd__clkbuf_4)
                  0.06    0.13    0.42 v output2/X (sky130_fd_sc_hd__clkbuf_4)
     1    0.03                           flags_out[3] (net)
                  0.06    0.00    0.42 v flags_out[3] (out)
                                  0.42   data arrival time

                         20.00   20.00   clock clk (rise edge)
                          0.00   20.00   clock network delay (propagated)
                         -0.25   19.75   clock uncertainty
                          0.00   19.75   clock reconvergence pessimism
                         -4.00   15.75   output external delay
                                 15.75   data required time
-----------------------------------------------------------------------------
                                 15.75   data required time
                                 -0.42   data arrival time
-----------------------------------------------------------------------------
                                 15.33   slack (MET)



======================= Slowest Corner ===================================

Startpoint: rst (input port clocked by clk)
Endpoint: _03_ (recovery check against rising-edge clock clk)
Path Group: asynchronous
Path Type: max
Corner: Slowest

Fanout     Cap    Slew   Delay    Time   Description
-----------------------------------------------------------------------------
                          0.00    0.00   clock clk (rise edge)
                          0.00    0.00   clock network delay (propagated)
                          4.00    4.00 v input external delay
                  0.02    0.01    4.01 v rst (in)
     1    0.00                           rst (net)
                  0.02    0.00    4.01 v input1/A (sky130_fd_sc_hd__buf_2)
                  0.21    0.37    4.38 v input1/X (sky130_fd_sc_hd__buf_2)
     1    0.05                           net1 (net)
                  0.21    0.01    4.39 v _02_/A (sky130_fd_sc_hd__inv_2)
                  0.07    0.13    4.52 ^ _02_/Y (sky130_fd_sc_hd__inv_2)
     1    0.00                           _00_ (net)
                  0.07    0.00    4.52 ^ _03_/RESET_B (sky130_fd_sc_hd__dfrtp_1)
                                  4.52   data arrival time

                         20.00   20.00   clock clk (rise edge)
                          0.00   20.00   clock source latency
                  0.15    0.10   20.10 ^ clk (in)
     1    0.02                           clk (net)
                  0.15    0.00   20.10 ^ _03_/CLK (sky130_fd_sc_hd__dfrtp_1)
                         -0.25   19.85   clock uncertainty
                          0.00   19.85   clock reconvergence pessimism
                          0.49   20.34   library recovery time
                                 20.34   data required time
-----------------------------------------------------------------------------
                                 20.34   data required time
                                 -4.52   data arrival time
-----------------------------------------------------------------------------
                                 15.81   slack (MET)


Startpoint: _03_ (rising edge-triggered flip-flop clocked by clk)
Endpoint: flags_out[3] (output port clocked by clk)
Path Group: clk
Path Type: max
Corner: Slowest

Fanout     Cap    Slew   Delay    Time   Description
-----------------------------------------------------------------------------
                          0.00    0.00   clock clk (rise edge)
                          0.00    0.00   clock source latency
                  0.15    0.11    0.11 ^ clk (in)
     1    0.02                           clk (net)
                  0.15    0.00    0.11 ^ _03_/CLK (sky130_fd_sc_hd__dfrtp_1)
                  0.07    0.80    0.91 v _03_/Q (sky130_fd_sc_hd__dfrtp_1)
     1    0.00                           net2 (net)
                  0.07    0.00    0.91 v output2/A (sky130_fd_sc_hd__clkbuf_4)
                  0.14    0.34    1.25 v output2/X (sky130_fd_sc_hd__clkbuf_4)
     1    0.03                           flags_out[3] (net)
                  0.14    0.00    1.25 v flags_out[3] (out)
                                  1.25   data arrival time

                         20.00   20.00   clock clk (rise edge)
                          0.00   20.00   clock network delay (propagated)
                         -0.25   19.75   clock uncertainty
                          0.00   19.75   clock reconvergence pessimism
                         -4.00   15.75   output external delay
                                 15.75   data required time
-----------------------------------------------------------------------------
                                 15.75   data required time
                                 -1.25   data arrival time
-----------------------------------------------------------------------------
                                 14.50   slack (MET)



======================= Typical Corner ===================================

Startpoint: rst (input port clocked by clk)
Endpoint: _03_ (recovery check against rising-edge clock clk)
Path Group: asynchronous
Path Type: max
Corner: Typical

Fanout     Cap    Slew   Delay    Time   Description
-----------------------------------------------------------------------------
                          0.00    0.00   clock clk (rise edge)
                          0.00    0.00   clock network delay (propagated)
                          4.00    4.00 v input external delay
                  0.01    0.01    4.01 v rst (in)
     1    0.00                           rst (net)
                  0.01    0.00    4.01 v input1/A (sky130_fd_sc_hd__buf_2)
                  0.11    0.19    4.19 v input1/X (sky130_fd_sc_hd__buf_2)
     1    0.05                           net1 (net)
                  0.11    0.01    4.21 v _02_/A (sky130_fd_sc_hd__inv_2)
                  0.04    0.07    4.28 ^ _02_/Y (sky130_fd_sc_hd__inv_2)
     1    0.00                           _00_ (net)
                  0.04    0.00    4.28 ^ _03_/RESET_B (sky130_fd_sc_hd__dfrtp_1)
                                  4.28   data arrival time

                         20.00   20.00   clock clk (rise edge)
                          0.00   20.00   clock source latency
                  0.09    0.06   20.06 ^ clk (in)
     1    0.02                           clk (net)
                  0.09    0.00   20.06 ^ _03_/CLK (sky130_fd_sc_hd__dfrtp_1)
                         -0.25   19.81   clock uncertainty
                          0.00   19.81   clock reconvergence pessimism
                          0.25   20.06   library recovery time
                                 20.06   data required time
-----------------------------------------------------------------------------
                                 20.06   data required time
                                 -4.28   data arrival time
-----------------------------------------------------------------------------
                                 15.78   slack (MET)


Startpoint: _03_ (rising edge-triggered flip-flop clocked by clk)
Endpoint: flags_out[3] (output port clocked by clk)
Path Group: clk
Path Type: max
Corner: Typical

Fanout     Cap    Slew   Delay    Time   Description
-----------------------------------------------------------------------------
                          0.00    0.00   clock clk (rise edge)
                          0.00    0.00   clock source latency
                  0.09    0.07    0.07 ^ clk (in)
     1    0.02                           clk (net)
                  0.09    0.00    0.07 ^ _03_/CLK (sky130_fd_sc_hd__dfrtp_1)
                  0.04    0.39    0.46 v _03_/Q (sky130_fd_sc_hd__dfrtp_1)
     1    0.00                           net2 (net)
                  0.04    0.00    0.46 v output2/A (sky130_fd_sc_hd__clkbuf_4)
                  0.08    0.19    0.64 v output2/X (sky130_fd_sc_hd__clkbuf_4)
     1    0.03                           flags_out[3] (net)
                  0.08    0.00    0.65 v flags_out[3] (out)
                                  0.65   data arrival time

                         20.00   20.00   clock clk (rise edge)
                          0.00   20.00   clock network delay (propagated)
                         -0.25   19.75   clock uncertainty
                          0.00   19.75   clock reconvergence pessimism
                         -4.00   15.75   output external delay
                                 15.75   data required time
-----------------------------------------------------------------------------
                                 15.75   data required time
                                 -0.65   data arrival time
-----------------------------------------------------------------------------
                                 15.10   slack (MET)




===========================================================================
report_checks --slack_max -0.01
============================================================================
======================= Fastest Corner ===================================

No paths found.

======================= Slowest Corner ===================================

No paths found.

======================= Typical Corner ===================================

No paths found.


===========================================================================
 report_check_types -max_slew -max_cap -max_fanout -violators
============================================================================
======================= Fastest Corner ===================================


======================= Slowest Corner ===================================


======================= Typical Corner ===================================



===========================================================================
report_parasitic_annotation -report_unannotated
============================================================================
Found 27 unannotated drivers.
 _03__29/LO
 computer_10/HI
 computer_11/HI
 computer_12/HI
 computer_13/HI
 computer_14/HI
 computer_15/HI
 computer_16/HI
 computer_17/HI
 computer_18/HI
 computer_19/HI
 computer_20/HI
 computer_21/HI
 computer_22/HI
 computer_23/HI
 computer_24/HI
 computer_25/HI
 computer_26/HI
 computer_27/HI
 computer_28/HI
 computer_3/HI
 computer_4/HI
 computer_5/HI
 computer_6/HI
 computer_7/HI
 computer_8/HI
 computer_9/HI
Found 0 partially unannotated drivers.

===========================================================================
max slew violation count 0
max fanout violation count 0
max cap violation count 0
============================================================================

===========================================================================
check_setup -verbose -unconstrained_endpoints -multiple_clock -no_clock -no_input_delay -loops -generated_clocks
===========================================================================
Warning: There are 27 unconstrained endpoints.
  A_out[0]
  A_out[1]
  A_out[2]
  A_out[3]
  A_out[4]
  A_out[5]
  A_out[6]
  A_out[7]
  B_out[0]
  B_out[1]
  B_out[2]
  B_out[3]
  B_out[4]
  B_out[5]
  B_out[6]
  B_out[7]
  flags_out[0]
  flags_out[1]
  flags_out[2]
  last_opcode_out[0]
  last_opcode_out[1]
  last_opcode_out[2]
  last_opcode_out[3]
  last_opcode_out[4]
  last_opcode_out[5]
  last_opcode_out[6]
  _03_/D
