
===========================================================================
 report_power
============================================================================
======================= Fastest Corner ===================================

Group                  Internal  Switching    Leakage      Total
                          Power      Power      Power      Power (Watts)
----------------------------------------------------------------
Sequential             2.44e-06   2.58e-08   4.72e-09   2.47e-06  70.3%
Combinational          2.40e-07   7.99e-07   7.68e-09   1.05e-06  29.7%
Macro                  0.00e+00   0.00e+00   0.00e+00   0.00e+00   0.0%
Pad                    0.00e+00   0.00e+00   0.00e+00   0.00e+00   0.0%
----------------------------------------------------------------
Total                  2.68e-06   8.25e-07   1.24e-08   3.52e-06 100.0%
                          76.2%      23.4%       0.4%

======================= Slowest Corner ===================================

Group                  Internal  Switching    Leakage      Total
                          Power      Power      Power      Power (Watts)
----------------------------------------------------------------
Sequential             1.61e-06   1.71e-08   1.88e-08   1.64e-06  69.2%
Combinational          1.71e-07   5.35e-07   2.43e-08   7.31e-07  30.8%
Macro                  0.00e+00   0.00e+00   0.00e+00   0.00e+00   0.0%
Pad                    0.00e+00   0.00e+00   0.00e+00   0.00e+00   0.0%
----------------------------------------------------------------
Total                  1.78e-06   5.52e-07   4.32e-08   2.37e-06 100.0%
                          74.9%      23.3%       1.8%

======================= Typical Corner ===================================

Group                  Internal  Switching    Leakage      Total
                          Power      Power      Power      Power (Watts)
----------------------------------------------------------------
Sequential             2.10e-06   2.17e-08   4.72e-09   2.12e-06  70.3%
Combinational          2.09e-07   6.81e-07   7.66e-09   8.97e-07  29.7%
Macro                  0.00e+00   0.00e+00   0.00e+00   0.00e+00   0.0%
Pad                    0.00e+00   0.00e+00   0.00e+00   0.00e+00   0.0%
----------------------------------------------------------------
Total                  2.31e-06   7.02e-07   1.24e-08   3.02e-06 100.0%
                          76.3%      23.3%       0.4%

