
===========================================================================
report_checks -path_delay min (Hold)
============================================================================
======================= Fastest Corner ===================================

Startpoint: rst (input port clocked by clk)
Endpoint: _03_ (removal check against rising-edge clock clk)
Path Group: asynchronous
Path Type: min
Corner: Fastest

Fanout     Cap    Slew   Delay    Time   Description
-----------------------------------------------------------------------------
                          0.00    0.00   clock clk (rise edge)
                          0.00    0.00   clock network delay (propagated)
                          4.00    4.00 v input external delay
                  0.01    0.00    4.00 v rst (in)
     1    0.00                           rst (net)
                  0.01    0.00    4.00 v input1/A (sky130_fd_sc_hd__buf_2)
                  0.08    0.11    4.11 v input1/X (sky130_fd_sc_hd__buf_2)
     1    0.05                           net1 (net)
                  0.08    0.01    4.12 v _02_/A (sky130_fd_sc_hd__inv_2)
                  0.03    0.04    4.17 ^ _02_/Y (sky130_fd_sc_hd__inv_2)
     1    0.00                           _00_ (net)
                  0.03    0.00    4.17 ^ _03_/RESET_B (sky130_fd_sc_hd__dfrtp_1)
                                  4.17   data arrival time

                          0.00    0.00   clock clk (rise edge)
                          0.00    0.00   clock source latency
                  0.07    0.05    0.05 ^ clk (in)
     1    0.02                           clk (net)
                  0.07    0.00    0.05 ^ _03_/CLK (sky130_fd_sc_hd__dfrtp_1)
                          0.25    0.30   clock uncertainty
                          0.00    0.30   clock reconvergence pessimism
                          0.20    0.50   library removal time
                                  0.50   data required time
-----------------------------------------------------------------------------
                                  0.50   data required time
                                 -4.17   data arrival time
-----------------------------------------------------------------------------
                                  3.66   slack (MET)


Startpoint: _03_ (rising edge-triggered flip-flop clocked by clk)
Endpoint: flags_out[3] (output port clocked by clk)
Path Group: clk
Path Type: min
Corner: Fastest

Fanout     Cap    Slew   Delay    Time   Description
-----------------------------------------------------------------------------
                          0.00    0.00   clock clk (rise edge)
                          0.00    0.00   clock source latency
                  0.07    0.05    0.05 ^ clk (in)
     1    0.02                           clk (net)
                  0.07    0.00    0.05 ^ _03_/CLK (sky130_fd_sc_hd__dfrtp_1)
                  0.03    0.20    0.24 ^ _03_/Q (sky130_fd_sc_hd__dfrtp_1)
     1    0.00                           net2 (net)
                  0.03    0.00    0.24 ^ output2/A (sky130_fd_sc_hd__clkbuf_4)
                  0.08    0.12    0.36 ^ output2/X (sky130_fd_sc_hd__clkbuf_4)
     1    0.03                           flags_out[3] (net)
                  0.08    0.00    0.36 ^ flags_out[3] (out)
                                  0.36   data arrival time

                          0.00    0.00   clock clk (rise edge)
                          0.00    0.00   clock network delay (propagated)
                          0.25    0.25   clock uncertainty
                          0.00    0.25   clock reconvergence pessimism
                         -4.00   -3.75   output external delay
                                 -3.75   data required time
-----------------------------------------------------------------------------
                                 -3.75   data required time
                                 -0.36   data arrival time
-----------------------------------------------------------------------------
                                  4.11   slack (MET)



======================= Slowest Corner ===================================

Startpoint: rst (input port clocked by clk)
Endpoint: _03_ (removal check against rising-edge clock clk)
Path Group: asynchronous
Path Type: min
Corner: Slowest

Fanout     Cap    Slew   Delay    Time   Description
-----------------------------------------------------------------------------
                          0.00    0.00   clock clk (rise edge)
                          0.00    0.00   clock network delay (propagated)
                          4.00    4.00 v input external delay
                  0.02    0.01    4.01 v rst (in)
     1    0.00                           rst (net)
                  0.02    0.00    4.01 v input1/A (sky130_fd_sc_hd__buf_2)
                  0.21    0.34    4.35 v input1/X (sky130_fd_sc_hd__buf_2)
     1    0.05                           net1 (net)
                  0.21    0.01    4.36 v _02_/A (sky130_fd_sc_hd__inv_2)
                  0.07    0.12    4.47 ^ _02_/Y (sky130_fd_sc_hd__inv_2)
     1    0.00                           _00_ (net)
                  0.07    0.00    4.47 ^ _03_/RESET_B (sky130_fd_sc_hd__dfrtp_1)
                                  4.47   data arrival time

                          0.00    0.00   clock clk (rise edge)
                          0.00    0.00   clock source latency
                  0.15    0.11    0.11 ^ clk (in)
     1    0.02                           clk (net)
                  0.15    0.00    0.11 ^ _03_/CLK (sky130_fd_sc_hd__dfrtp_1)
                          0.25    0.36   clock uncertainty
                          0.00    0.36   clock reconvergence pessimism
                          0.68    1.04   library removal time
                                  1.04   data required time
-----------------------------------------------------------------------------
                                  1.04   data required time
                                 -4.47   data arrival time
-----------------------------------------------------------------------------
                                  3.44   slack (MET)


Startpoint: _03_ (rising edge-triggered flip-flop clocked by clk)
Endpoint: flags_out[3] (output port clocked by clk)
Path Group: clk
Path Type: min
Corner: Slowest

Fanout     Cap    Slew   Delay    Time   Description
-----------------------------------------------------------------------------
                          0.00    0.00   clock clk (rise edge)
                          0.00    0.00   clock source latency
                  0.15    0.10    0.10 ^ clk (in)
     1    0.02                           clk (net)
                  0.15    0.00    0.10 ^ _03_/CLK (sky130_fd_sc_hd__dfrtp_1)
                  0.08    0.64    0.73 ^ _03_/Q (sky130_fd_sc_hd__dfrtp_1)
     1    0.00                           net2 (net)
                  0.08    0.00    0.73 ^ output2/A (sky130_fd_sc_hd__clkbuf_4)
                  0.18    0.32    1.05 ^ output2/X (sky130_fd_sc_hd__clkbuf_4)
     1    0.03                           flags_out[3] (net)
                  0.18    0.00    1.05 ^ flags_out[3] (out)
                                  1.05   data arrival time

                          0.00    0.00   clock clk (rise edge)
                          0.00    0.00   clock network delay (propagated)
                          0.25    0.25   clock uncertainty
                          0.00    0.25   clock reconvergence pessimism
                         -4.00   -3.75   output external delay
                                 -3.75   data required time
-----------------------------------------------------------------------------
                                 -3.75   data required time
                                 -1.05   data arrival time
-----------------------------------------------------------------------------
                                  4.80   slack (MET)



======================= Typical Corner ===================================

Startpoint: rst (input port clocked by clk)
Endpoint: _03_ (removal check against rising-edge clock clk)
Path Group: asynchronous
Path Type: min
Corner: Typical

Fanout     Cap    Slew   Delay    Time   Description
-----------------------------------------------------------------------------
                          0.00    0.00   clock clk (rise edge)
                          0.00    0.00   clock network delay (propagated)
                          4.00    4.00 v input external delay
                  0.01    0.01    4.01 v rst (in)
     1    0.00                           rst (net)
                  0.01    0.00    4.01 v input1/A (sky130_fd_sc_hd__buf_2)
                  0.11    0.17    4.18 v input1/X (sky130_fd_sc_hd__buf_2)
     1    0.05                           net1 (net)
                  0.11    0.01    4.19 v _02_/A (sky130_fd_sc_hd__inv_2)
                  0.04    0.07    4.25 ^ _02_/Y (sky130_fd_sc_hd__inv_2)
     1    0.00                           _00_ (net)
                  0.04    0.00    4.25 ^ _03_/RESET_B (sky130_fd_sc_hd__dfrtp_1)
                                  4.25   data arrival time

                          0.00    0.00   clock clk (rise edge)
                          0.00    0.00   clock source latency
                  0.09    0.07    0.07 ^ clk (in)
     1    0.02                           clk (net)
                  0.09    0.00    0.07 ^ _03_/CLK (sky130_fd_sc_hd__dfrtp_1)
                          0.25    0.32   clock uncertainty
                          0.00    0.32   clock reconvergence pessimism
                          0.33    0.65   library removal time
                                  0.65   data required time
-----------------------------------------------------------------------------
                                  0.65   data required time
                                 -4.25   data arrival time
-----------------------------------------------------------------------------
                                  3.60   slack (MET)


Startpoint: _03_ (rising edge-triggered flip-flop clocked by clk)
Endpoint: flags_out[3] (output port clocked by clk)
Path Group: clk
Path Type: min
Corner: Typical

Fanout     Cap    Slew   Delay    Time   Description
-----------------------------------------------------------------------------
                          0.00    0.00   clock clk (rise edge)
                          0.00    0.00   clock source latency
                  0.09    0.06    0.06 ^ clk (in)
     1    0.02                           clk (net)
                  0.09    0.00    0.06 ^ _03_/CLK (sky130_fd_sc_hd__dfrtp_1)
                  0.04    0.31    0.38 ^ _03_/Q (sky130_fd_sc_hd__dfrtp_1)
     1    0.00                           net2 (net)
                  0.04    0.00    0.38 ^ output2/A (sky130_fd_sc_hd__clkbuf_4)
                  0.11    0.17    0.55 ^ output2/X (sky130_fd_sc_hd__clkbuf_4)
     1    0.03                           flags_out[3] (net)
                  0.11    0.00    0.55 ^ flags_out[3] (out)
                                  0.55   data arrival time

                          0.00    0.00   clock clk (rise edge)
                          0.00    0.00   clock network delay (propagated)
                          0.25    0.25   clock uncertainty
                          0.00    0.25   clock reconvergence pessimism
                         -4.00   -3.75   output external delay
                                 -3.75   data required time
-----------------------------------------------------------------------------
                                 -3.75   data required time
                                 -0.55   data arrival time
-----------------------------------------------------------------------------
                                  4.30   slack (MET)



