
===========================================================================
report_checks -unconstrained
===========================================================================
======================= Typical Corner ===================================

Startpoint: rst (input port clocked by clk)
Endpoint: _03_ (recovery check against rising-edge clock clk)
Path Group: asynchronous
Path Type: max

Fanout     Cap    Slew   Delay    Time   Description
-----------------------------------------------------------------------------
                          0.00    0.00   clock clk (rise edge)
                          0.00    0.00   clock network delay (propagated)
                          4.00    4.00 v input external delay
                  0.02    0.01    4.01 v rst (in)
     1    0.01                           rst (net)
                  0.02    0.00    4.01 v input1/A (sky130_fd_sc_hd__buf_2)
                  0.09    0.17    4.19 v input1/X (sky130_fd_sc_hd__buf_2)
     1    0.03                           net1 (net)
                  0.09    0.01    4.19 v _02_/A (sky130_fd_sc_hd__inv_2)
                  0.04    0.07    4.26 ^ _02_/Y (sky130_fd_sc_hd__inv_2)
     1    0.00                           _00_ (net)
                  0.04    0.00    4.26 ^ _03_/RESET_B (sky130_fd_sc_hd__dfrtp_1)
                                  4.26   data arrival time

                         20.00   20.00   clock clk (rise edge)
                          0.00   20.00   clock source latency
                  0.02    0.01   20.01 ^ clk (in)
     1    0.00                           clk (net)
                  0.02    0.00   20.01 ^ _03_/CLK (sky130_fd_sc_hd__dfrtp_1)
                         -0.25   19.76   clock uncertainty
                          0.00   19.76   clock reconvergence pessimism
                          0.22   19.98   library recovery time
                                 19.98   data required time
-----------------------------------------------------------------------------
                                 19.98   data required time
                                 -4.26   data arrival time
-----------------------------------------------------------------------------
                                 15.72   slack (MET)


Startpoint: _03_ (rising edge-triggered flip-flop clocked by clk)
Endpoint: flags_out[3] (output port clocked by clk)
Path Group: clk
Path Type: max

Fanout     Cap    Slew   Delay    Time   Description
-----------------------------------------------------------------------------
                          0.00    0.00   clock clk (rise edge)
                          0.00    0.00   clock source latency
                  0.02    0.01    0.01 ^ clk (in)
     1    0.00                           clk (net)
                  0.02    0.00    0.01 ^ _03_/CLK (sky130_fd_sc_hd__dfrtp_1)
                  0.04    0.36    0.37 v _03_/Q (sky130_fd_sc_hd__dfrtp_1)
     1    0.00                           net2 (net)
                  0.04    0.00    0.37 v output2/A (sky130_fd_sc_hd__clkbuf_4)
                  0.08    0.19    0.56 v output2/X (sky130_fd_sc_hd__clkbuf_4)
     1    0.03                           flags_out[3] (net)
                  0.08    0.00    0.56 v flags_out[3] (out)
                                  0.56   data arrival time

                         20.00   20.00   clock clk (rise edge)
                          0.00   20.00   clock network delay (propagated)
                         -0.25   19.75   clock uncertainty
                          0.00   19.75   clock reconvergence pessimism
                         -4.00   15.75   output external delay
                                 15.75   data required time
-----------------------------------------------------------------------------
                                 15.75   data required time
                                 -0.56   data arrival time
-----------------------------------------------------------------------------
                                 15.19   slack (MET)




===========================================================================
report_checks --slack_max -0.01
============================================================================
======================= Typical Corner ===================================

No paths found.


===========================================================================
 report_check_types -max_slew -max_cap -max_fanout -violators
============================================================================
======================= Typical Corner ===================================



===========================================================================
report_parasitic_annotation -report_unannotated
============================================================================
Found 60 unannotated drivers.
 clk
 rst
 _02_/Y
 _03_/Q
 _03__29/HI
 _03__29/LO
 computer_10/HI
 computer_10/LO
 computer_11/HI
 computer_11/LO
 computer_12/HI
 computer_12/LO
 computer_13/HI
 computer_13/LO
 computer_14/HI
 computer_14/LO
 computer_15/HI
 computer_15/LO
 computer_16/HI
 computer_16/LO
 computer_17/HI
 computer_17/LO
 computer_18/HI
 computer_18/LO
 computer_19/HI
 computer_19/LO
 computer_20/HI
 computer_20/LO
 computer_21/HI
 computer_21/LO
 computer_22/HI
 computer_22/LO
 computer_23/HI
 computer_23/LO
 computer_24/HI
 computer_24/LO
 computer_25/HI
 computer_25/LO
 computer_26/HI
 computer_26/LO
 computer_27/HI
 computer_27/LO
 computer_28/HI
 computer_28/LO
 computer_3/HI
 computer_3/LO
 computer_4/HI
 computer_4/LO
 computer_5/HI
 computer_5/LO
 computer_6/HI
 computer_6/LO
 computer_7/HI
 computer_7/LO
 computer_8/HI
 computer_8/LO
 computer_9/HI
 computer_9/LO
 input1/X
 output2/X
Found 0 partially unannotated drivers.

===========================================================================
max slew violation count 0
max fanout violation count 0
max cap violation count 0
============================================================================

===========================================================================
check_setup -verbose -unconstrained_endpoints -multiple_clock -no_clock -no_input_delay -loops -generated_clocks
===========================================================================
Warning: There are 27 unconstrained endpoints.
  A_out[0]
  A_out[1]
  A_out[2]
  A_out[3]
  A_out[4]
  A_out[5]
  A_out[6]
  A_out[7]
  B_out[0]
  B_out[1]
  B_out[2]
  B_out[3]
  B_out[4]
  B_out[5]
  B_out[6]
  B_out[7]
  flags_out[0]
  flags_out[1]
  flags_out[2]
  last_opcode_out[0]
  last_opcode_out[1]
  last_opcode_out[2]
  last_opcode_out[3]
  last_opcode_out[4]
  last_opcode_out[5]
  last_opcode_out[6]
  _03_/D
