
===========================================================================
report_checks -path_delay max (Setup)
============================================================================
======================= Typical Corner ===================================

Startpoint: _03_ (rising edge-triggered flip-flop clocked by clk)
Endpoint: flags_out[3] (output port clocked by clk)
Path Group: clk
Path Type: max

Fanout     Cap    Slew   Delay    Time   Description
-----------------------------------------------------------------------------
                          0.00    0.00   clock clk (rise edge)
                          0.00    0.00   clock source latency
                  0.02    0.01    0.01 ^ clk (in)
     1    0.00                           clk (net)
                  0.02    0.00    0.01 ^ _03_/CLK (sky130_fd_sc_hd__dfrtp_1)
                  0.04    0.36    0.37 v _03_/Q (sky130_fd_sc_hd__dfrtp_1)
     1    0.00                           net2 (net)
                  0.04    0.00    0.37 v output2/A (sky130_fd_sc_hd__clkbuf_4)
                  0.08    0.19    0.56 v output2/X (sky130_fd_sc_hd__clkbuf_4)
     1    0.03                           flags_out[3] (net)
                  0.08    0.00    0.56 v flags_out[3] (out)
                                  0.56   data arrival time

                         20.00   20.00   clock clk (rise edge)
                          0.00   20.00   clock network delay (propagated)
                         -0.25   19.75   clock uncertainty
                          0.00   19.75   clock reconvergence pessimism
                         -4.00   15.75   output external delay
                                 15.75   data required time
-----------------------------------------------------------------------------
                                 15.75   data required time
                                 -0.56   data arrival time
-----------------------------------------------------------------------------
                                 15.19   slack (MET)


Startpoint: rst (input port clocked by clk)
Endpoint: _03_ (recovery check against rising-edge clock clk)
Path Group: asynchronous
Path Type: max

Fanout     Cap    Slew   Delay    Time   Description
-----------------------------------------------------------------------------
                          0.00    0.00   clock clk (rise edge)
                          0.00    0.00   clock network delay (propagated)
                          4.00    4.00 v input external delay
                  0.02    0.01    4.01 v rst (in)
     1    0.01                           rst (net)
                  0.02    0.00    4.01 v input1/A (sky130_fd_sc_hd__buf_2)
                  0.09    0.17    4.19 v input1/X (sky130_fd_sc_hd__buf_2)
     1    0.03                           net1 (net)
                  0.09    0.01    4.19 v _02_/A (sky130_fd_sc_hd__inv_2)
                  0.04    0.07    4.26 ^ _02_/Y (sky130_fd_sc_hd__inv_2)
     1    0.00                           _00_ (net)
                  0.04    0.00    4.26 ^ _03_/RESET_B (sky130_fd_sc_hd__dfrtp_1)
                                  4.26   data arrival time

                         20.00   20.00   clock clk (rise edge)
                          0.00   20.00   clock source latency
                  0.02    0.01   20.01 ^ clk (in)
     1    0.00                           clk (net)
                  0.02    0.00   20.01 ^ _03_/CLK (sky130_fd_sc_hd__dfrtp_1)
                         -0.25   19.76   clock uncertainty
                          0.00   19.76   clock reconvergence pessimism
                          0.22   19.98   library recovery time
                                 19.98   data required time
-----------------------------------------------------------------------------
                                 19.98   data required time
                                 -4.26   data arrival time
-----------------------------------------------------------------------------
                                 15.72   slack (MET)



