
 /----------------------------------------------------------------------------\
 |                                                                            |
 |  yosys -- Yosys Open SYnthesis Suite                                       |
 |                                                                            |
 |  Copyright (C) 2012 - 2020  Claire Xenia Wolf <claire@yosyshq.com>         |
 |                                                                            |
 |  Permission to use, copy, modify, and/or distribute this software for any  |
 |  purpose with or without fee is hereby granted, provided that the above    |
 |  copyright notice and this permission notice appear in all copies.         |
 |                                                                            |
 |  THE SOFTWARE IS PROVIDED "AS IS" AND THE AUTHOR DISCLAIMS ALL WARRANTIES  |
 |  WITH REGARD TO THIS SOFTWARE INCLUDING ALL IMPLIED WARRANTIES OF          |
 |  MERCHANTABILITY AND FITNESS. IN NO EVENT SHALL THE AUTHOR BE LIABLE FOR   |
 |  ANY SPECIAL, DIRECT, INDIRECT, OR CONSEQUENTIAL DAMAGES OR ANY DAMAGES    |
 |  WHATSOEVER RESULTING FROM LOSS OF USE, DATA OR PROFITS, WHETHER IN AN     |
 |  ACTION OF CONTRACT, NEGLIGENCE OR OTHER TORTIOUS ACTION, ARISING OUT OF   |
 |  OR IN CONNECTION WITH THE USE OR PERFORMANCE OF THIS SOFTWARE.            |
 |                                                                            |
 \----------------------------------------------------------------------------/

 Yosys 0.30+48 (git sha1 14d50a176d5, gcc 8.3.1 -fPIC -Os)

[TCL: yosys -import] Command name collision: found pre-existing command `cd' -> skip.
[TCL: yosys -import] Command name collision: found pre-existing command `eval' -> skip.
[TCL: yosys -import] Command name collision: found pre-existing command `exec' -> skip.
[TCL: yosys -import] Command name collision: found pre-existing command `read' -> skip.
[TCL: yosys -import] Command name collision: found pre-existing command `trace' -> skip.
Defining SYNTHESIS
Defining ASIC

1. Executing Verilog-2005 frontend: /home/zerotoasic/Documents/proyecto3/arqui-comp-proyecto-3/src/computer/alu.v
Parsing SystemVerilog input from `/home/zerotoasic/Documents/proyecto3/arqui-comp-proyecto-3/src/computer/alu.v' to AST representation.
Generating RTLIL representation for module `\alu'.
Successfully finished Verilog frontend.

2. Executing Verilog-2005 frontend: /home/zerotoasic/Documents/proyecto3/arqui-comp-proyecto-3/src/computer/computer.v
Parsing SystemVerilog input from `/home/zerotoasic/Documents/proyecto3/arqui-comp-proyecto-3/src/computer/computer.v' to AST representation.
Generating RTLIL representation for module `\computer'.
Successfully finished Verilog frontend.

3. Executing Verilog-2005 frontend: /home/zerotoasic/Documents/proyecto3/arqui-comp-proyecto-3/src/computer/control_unit.v
Parsing SystemVerilog input from `/home/zerotoasic/Documents/proyecto3/arqui-comp-proyecto-3/src/computer/control_unit.v' to AST representation.
Generating RTLIL representation for module `\control_unit'.
Successfully finished Verilog frontend.

4. Executing Verilog-2005 frontend: /home/zerotoasic/Documents/proyecto3/arqui-comp-proyecto-3/src/computer/data_memory.v
Parsing SystemVerilog input from `/home/zerotoasic/Documents/proyecto3/arqui-comp-proyecto-3/src/computer/data_memory.v' to AST representation.
Generating RTLIL representation for module `\data_memory'.
Successfully finished Verilog frontend.

5. Executing Verilog-2005 frontend: /home/zerotoasic/Documents/proyecto3/arqui-comp-proyecto-3/src/computer/instruction_memory.v
Parsing SystemVerilog input from `/home/zerotoasic/Documents/proyecto3/arqui-comp-proyecto-3/src/computer/instruction_memory.v' to AST representation.
Generating RTLIL representation for module `\instruction_memory'.
Successfully finished Verilog frontend.

6. Executing Verilog-2005 frontend: /home/zerotoasic/Documents/proyecto3/arqui-comp-proyecto-3/src/computer/mux_data.v
Parsing SystemVerilog input from `/home/zerotoasic/Documents/proyecto3/arqui-comp-proyecto-3/src/computer/mux_data.v' to AST representation.
Generating RTLIL representation for module `\mux_data'.
Successfully finished Verilog frontend.

7. Executing Verilog-2005 frontend: /home/zerotoasic/Documents/proyecto3/arqui-comp-proyecto-3/src/computer/mux2.v
Parsing SystemVerilog input from `/home/zerotoasic/Documents/proyecto3/arqui-comp-proyecto-3/src/computer/mux2.v' to AST representation.
Generating RTLIL representation for module `\mux2'.
Successfully finished Verilog frontend.

8. Executing Verilog-2005 frontend: /home/zerotoasic/Documents/proyecto3/arqui-comp-proyecto-3/src/computer/muxA.v
Parsing SystemVerilog input from `/home/zerotoasic/Documents/proyecto3/arqui-comp-proyecto-3/src/computer/muxA.v' to AST representation.
Generating RTLIL representation for module `\muxA'.
Successfully finished Verilog frontend.

9. Executing Verilog-2005 frontend: /home/zerotoasic/Documents/proyecto3/arqui-comp-proyecto-3/src/computer/muxB.v
Parsing SystemVerilog input from `/home/zerotoasic/Documents/proyecto3/arqui-comp-proyecto-3/src/computer/muxB.v' to AST representation.
Generating RTLIL representation for module `\muxB'.
Successfully finished Verilog frontend.

10. Executing Verilog-2005 frontend: /home/zerotoasic/Documents/proyecto3/arqui-comp-proyecto-3/src/computer/pc.v
Parsing SystemVerilog input from `/home/zerotoasic/Documents/proyecto3/arqui-comp-proyecto-3/src/computer/pc.v' to AST representation.
Generating RTLIL representation for module `\pc'.
Successfully finished Verilog frontend.

11. Executing Verilog-2005 frontend: /home/zerotoasic/Documents/proyecto3/arqui-comp-proyecto-3/src/computer/register.v
Parsing SystemVerilog input from `/home/zerotoasic/Documents/proyecto3/arqui-comp-proyecto-3/src/computer/register.v' to AST representation.
Generating RTLIL representation for module `\register'.
Successfully finished Verilog frontend.

12. Executing Verilog-2005 frontend: /home/zerotoasic/Documents/proyecto3/arqui-comp-proyecto-3/src/computer/status_register.v
Parsing SystemVerilog input from `/home/zerotoasic/Documents/proyecto3/arqui-comp-proyecto-3/src/computer/status_register.v' to AST representation.
Generating RTLIL representation for module `\status_register'.
Successfully finished Verilog frontend.

13. Generating Graphviz representation of design.
Writing dot description to `/home/zerotoasic/Documents/proyecto3/arqui-comp-proyecto-3/runs/RUN_2025.10.29_01.59.55/tmp/synthesis/hierarchy.dot'.
Dumping module computer to page 1.

14. Executing HIERARCHY pass (managing design hierarchy).

14.1. Analyzing design hierarchy..
Top module:  \computer
Used module:     \status_register
Used module:     \mux_data
Used module:     \data_memory
Used module:     \alu
Used module:     \muxB
Used module:     \muxA
Used module:     \control_unit
Used module:     \register
Used module:     \instruction_memory
Used module:     \pc
Parameter 1 (\W) = 8

14.2. Executing AST frontend in derive mode using pre-parsed AST for module `\register'.
Parameter 1 (\W) = 8
Generating RTLIL representation for module `$paramod\register\W=s32'00000000000000000000000000001000'.
Parameter 1 (\W) = 8
Found cached RTLIL representation for module `$paramod\register\W=s32'00000000000000000000000000001000'.

14.3. Analyzing design hierarchy..
Top module:  \computer
Used module:     \status_register
Used module:     \mux_data
Used module:     \data_memory
Used module:     \alu
Used module:     \muxB
Used module:     \muxA
Used module:     \control_unit
Used module:     $paramod\register\W=s32'00000000000000000000000000001000
Used module:     \instruction_memory
Used module:     \pc

14.4. Analyzing design hierarchy..
Top module:  \computer
Used module:     \status_register
Used module:     \mux_data
Used module:     \data_memory
Used module:     \alu
Used module:     \muxB
Used module:     \muxA
Used module:     \control_unit
Used module:     $paramod\register\W=s32'00000000000000000000000000001000
Used module:     \instruction_memory
Used module:     \pc
Removing unused module `\register'.
Removing unused module `\mux2'.
Removed 2 unused modules.

15. Executing TRIBUF pass.

16. Executing HIERARCHY pass (managing design hierarchy).

16.1. Analyzing design hierarchy..
Top module:  \computer
Used module:     \status_register
Used module:     \mux_data
Used module:     \data_memory
Used module:     \alu
Used module:     \muxB
Used module:     \muxA
Used module:     \control_unit
Used module:     $paramod\register\W=s32'00000000000000000000000000001000
Used module:     \instruction_memory
Used module:     \pc

16.2. Analyzing design hierarchy..
Top module:  \computer
Used module:     \status_register
Used module:     \mux_data
Used module:     \data_memory
Used module:     \alu
Used module:     \muxB
Used module:     \muxA
Used module:     \control_unit
Used module:     $paramod\register\W=s32'00000000000000000000000000001000
Used module:     \instruction_memory
Used module:     \pc
Removed 0 unused modules.

17. Executing PROC_CLEAN pass (remove empty switches from decision trees).
Cleaned up 0 empty switches.

18. Executing PROC_RMDEAD pass (remove dead branches from decision trees).
Marked 1 switch rules as full_case in process $proc$/home/zerotoasic/Documents/proyecto3/arqui-comp-proyecto-3/src/computer/register.v:9$58 in module $paramod\register\W=s32'00000000000000000000000000001000.
Marked 1 switch rules as full_case in process $proc$/home/zerotoasic/Documents/proyecto3/arqui-comp-proyecto-3/src/computer/pc.v:11$54 in module pc.
Removed 1 dead cases from process $proc$/home/zerotoasic/Documents/proyecto3/arqui-comp-proyecto-3/src/computer/muxB.v:10$53 in module muxB.
Marked 1 switch rules as full_case in process $proc$/home/zerotoasic/Documents/proyecto3/arqui-comp-proyecto-3/src/computer/muxB.v:10$53 in module muxB.
Marked 1 switch rules as full_case in process $proc$/home/zerotoasic/Documents/proyecto3/arqui-comp-proyecto-3/src/computer/muxA.v:9$52 in module muxA.
Marked 1 switch rules as full_case in process $proc$/home/zerotoasic/Documents/proyecto3/arqui-comp-proyecto-3/src/computer/status_register.v:19$57 in module status_register.
Marked 1 switch rules as full_case in process $proc$/home/zerotoasic/Documents/proyecto3/arqui-comp-proyecto-3/src/computer/mux_data.v:9$50 in module mux_data.
Marked 1 switch rules as full_case in process $proc$/home/zerotoasic/Documents/proyecto3/arqui-comp-proyecto-3/src/computer/instruction_memory.v:34$49 in module instruction_memory.
Marked 1 switch rules as full_case in process $proc$/home/zerotoasic/Documents/proyecto3/arqui-comp-proyecto-3/src/computer/data_memory.v:21$36 in module data_memory.
Removed 9 dead cases from process $proc$/home/zerotoasic/Documents/proyecto3/arqui-comp-proyecto-3/src/computer/control_unit.v:27$27 in module control_unit.
Marked 12 switch rules as full_case in process $proc$/home/zerotoasic/Documents/proyecto3/arqui-comp-proyecto-3/src/computer/control_unit.v:27$27 in module control_unit.
Marked 1 switch rules as full_case in process $proc$/home/zerotoasic/Documents/proyecto3/arqui-comp-proyecto-3/src/computer/computer.v:122$26 in module computer.
Marked 1 switch rules as full_case in process $proc$/home/zerotoasic/Documents/proyecto3/arqui-comp-proyecto-3/src/computer/computer.v:83$23 in module computer.
Marked 1 switch rules as full_case in process $proc$/home/zerotoasic/Documents/proyecto3/arqui-comp-proyecto-3/src/computer/alu.v:12$1 in module alu.
Removed a total of 10 dead cases.

19. Executing PROC_PRUNE pass (remove redundant assignments in processes).
Removed 1 redundant assignment.
Promoted 26 assignments to connections.

20. Executing PROC_INIT pass (extract init attributes).
Found init rule in `\pc.$proc$/home/zerotoasic/Documents/proyecto3/arqui-comp-proyecto-3/src/computer/pc.v:0$55'.
  Set init value: \pc = 16'0000000000000000

21. Executing PROC_ARST pass (detect async resets in processes).
Found async reset \rst in `$paramod\register\W=s32'00000000000000000000000000001000.$proc$/home/zerotoasic/Documents/proyecto3/arqui-comp-proyecto-3/src/computer/register.v:9$58'.
Found async reset \rst in `\pc.$proc$/home/zerotoasic/Documents/proyecto3/arqui-comp-proyecto-3/src/computer/pc.v:11$54'.
Found async reset \rst in `\status_register.$proc$/home/zerotoasic/Documents/proyecto3/arqui-comp-proyecto-3/src/computer/status_register.v:19$57'.

22. Executing PROC_ROM pass (convert switches to ROMs).
Converted 0 switches.
<suppressed ~22 debug messages>

23. Executing PROC_MUX pass (convert decision trees to multiplexers).
Creating decoders for process `$paramod\register\W=s32'00000000000000000000000000001000.$proc$/home/zerotoasic/Documents/proyecto3/arqui-comp-proyecto-3/src/computer/register.v:9$58'.
     1/1: $0\q[7:0]
Creating decoders for process `\pc.$proc$/home/zerotoasic/Documents/proyecto3/arqui-comp-proyecto-3/src/computer/pc.v:0$55'.
Creating decoders for process `\pc.$proc$/home/zerotoasic/Documents/proyecto3/arqui-comp-proyecto-3/src/computer/pc.v:11$54'.
     1/1: $0\pc[15:0]
Creating decoders for process `\muxB.$proc$/home/zerotoasic/Documents/proyecto3/arqui-comp-proyecto-3/src/computer/muxB.v:10$53'.
     1/1: $1\out[7:0]
Creating decoders for process `\muxA.$proc$/home/zerotoasic/Documents/proyecto3/arqui-comp-proyecto-3/src/computer/muxA.v:9$52'.
     1/1: $1\out[7:0]
Creating decoders for process `\status_register.$proc$/home/zerotoasic/Documents/proyecto3/arqui-comp-proyecto-3/src/computer/status_register.v:19$57'.
     1/5: $0\last_opcode[6:0]
     2/5: $0\v[0:0]
     3/5: $0\c[0:0]
     4/5: $0\n[0:0]
     5/5: $0\z[0:0]
Creating decoders for process `\mux_data.$proc$/home/zerotoasic/Documents/proyecto3/arqui-comp-proyecto-3/src/computer/mux_data.v:9$50'.
     1/1: $1\out[7:0]
Creating decoders for process `\instruction_memory.$proc$/home/zerotoasic/Documents/proyecto3/arqui-comp-proyecto-3/src/computer/instruction_memory.v:34$49'.
     1/1: $1\rom_q[14:0]
Creating decoders for process `\data_memory.$proc$/home/zerotoasic/Documents/proyecto3/arqui-comp-proyecto-3/src/computer/data_memory.v:26$43'.
Creating decoders for process `\data_memory.$proc$/home/zerotoasic/Documents/proyecto3/arqui-comp-proyecto-3/src/computer/data_memory.v:21$36'.
     1/3: $1$memwr$\mem$/home/zerotoasic/Documents/proyecto3/arqui-comp-proyecto-3/src/computer/data_memory.v:21$35_EN[7:0]$42
     2/3: $1$memwr$\mem$/home/zerotoasic/Documents/proyecto3/arqui-comp-proyecto-3/src/computer/data_memory.v:21$35_DATA[7:0]$41
     3/3: $1$memwr$\mem$/home/zerotoasic/Documents/proyecto3/arqui-comp-proyecto-3/src/computer/data_memory.v:21$35_ADDR[7:0]$40
Creating decoders for process `\control_unit.$proc$/home/zerotoasic/Documents/proyecto3/arqui-comp-proyecto-3/src/computer/control_unit.v:27$27'.
     1/53: $11\weA[0:0]
     2/53: $12\selA[1:0]
     3/53: $4\alu_op[3:0]
     4/53: $1\mem_wdata_sel[1:0]
     5/53: $1\branch_taken[0:0]
     6/53: $1\latch_flags[0:0]
     7/53: $1\addr_sel[0:0]
     8/53: $1\we_mem[0:0]
     9/53: $1\sel_data[1:0]
    10/53: $8\selB[1:0]
    11/53: $12\weB[0:0]
    12/53: $11\weB[0:0]
    13/53: $7\selB[1:0]
    14/53: $11\selA[1:0]
    15/53: $3\alu_op[3:0]
    16/53: $10\weA[0:0]
    17/53: $10\selA[1:0]
    18/53: $10\weB[0:0]
    19/53: $9\weA[0:0]
    20/53: $9\selA[1:0]
    21/53: $9\weB[0:0]
    22/53: $8\weA[0:0]
    23/53: $6\selB[1:0]
    24/53: $8\selA[1:0]
    25/53: $8\weB[0:0]
    26/53: $7\weA[0:0]
    27/53: $7\selA[1:0]
    28/53: $7\weB[0:0]
    29/53: $6\weA[0:0]
    30/53: $5\selB[1:0]
    31/53: $6\selA[1:0]
    32/53: $6\weB[0:0]
    33/53: $5\weA[0:0]
    34/53: $4\selB[1:0]
    35/53: $5\selA[1:0]
    36/53: $5\weB[0:0]
    37/53: $4\weA[0:0]
    38/53: $3\selB[1:0]
    39/53: $4\selA[1:0]
    40/53: $4\weB[0:0]
    41/53: $3\weA[0:0]
    42/53: $2\selB[1:0]
    43/53: $3\selA[1:0]
    44/53: $3\weB[0:0]
    45/53: $2\weA[0:0]
    46/53: $2\alu_op[3:0]
    47/53: $2\selA[1:0]
    48/53: $2\weB[0:0]
    49/53: $1\alu_op[3:0]
    50/53: $1\selA[1:0]
    51/53: $1\weB[0:0]
    52/53: $1\weA[0:0]
    53/53: $1\selB[1:0]
Creating decoders for process `\computer.$proc$/home/zerotoasic/Documents/proyecto3/arqui-comp-proyecto-3/src/computer/computer.v:122$26'.
     1/1: $1\pc_next[15:0]
Creating decoders for process `\computer.$proc$/home/zerotoasic/Documents/proyecto3/arqui-comp-proyecto-3/src/computer/computer.v:83$23'.
     1/1: $1\mem_wdata[7:0]
Creating decoders for process `\alu.$proc$/home/zerotoasic/Documents/proyecto3/arqui-comp-proyecto-3/src/computer/alu.v:12$1'.
     1/4: $1\y[7:0]
     2/4: $1\tmp[8:0]
     3/4: $1\v[0:0]
     4/4: $1\c[0:0]

24. Executing PROC_DLATCH pass (convert process syncs to latches).
No latch inferred for signal `\muxB.\out' from process `\muxB.$proc$/home/zerotoasic/Documents/proyecto3/arqui-comp-proyecto-3/src/computer/muxB.v:10$53'.
No latch inferred for signal `\muxA.\out' from process `\muxA.$proc$/home/zerotoasic/Documents/proyecto3/arqui-comp-proyecto-3/src/computer/muxA.v:9$52'.
No latch inferred for signal `\mux_data.\out' from process `\mux_data.$proc$/home/zerotoasic/Documents/proyecto3/arqui-comp-proyecto-3/src/computer/mux_data.v:9$50'.
No latch inferred for signal `\instruction_memory.\rom_q' from process `\instruction_memory.$proc$/home/zerotoasic/Documents/proyecto3/arqui-comp-proyecto-3/src/computer/instruction_memory.v:34$49'.
No latch inferred for signal `\control_unit.\weA' from process `\control_unit.$proc$/home/zerotoasic/Documents/proyecto3/arqui-comp-proyecto-3/src/computer/control_unit.v:27$27'.
No latch inferred for signal `\control_unit.\weB' from process `\control_unit.$proc$/home/zerotoasic/Documents/proyecto3/arqui-comp-proyecto-3/src/computer/control_unit.v:27$27'.
No latch inferred for signal `\control_unit.\selA' from process `\control_unit.$proc$/home/zerotoasic/Documents/proyecto3/arqui-comp-proyecto-3/src/computer/control_unit.v:27$27'.
No latch inferred for signal `\control_unit.\selB' from process `\control_unit.$proc$/home/zerotoasic/Documents/proyecto3/arqui-comp-proyecto-3/src/computer/control_unit.v:27$27'.
No latch inferred for signal `\control_unit.\alu_op' from process `\control_unit.$proc$/home/zerotoasic/Documents/proyecto3/arqui-comp-proyecto-3/src/computer/control_unit.v:27$27'.
No latch inferred for signal `\control_unit.\sel_data' from process `\control_unit.$proc$/home/zerotoasic/Documents/proyecto3/arqui-comp-proyecto-3/src/computer/control_unit.v:27$27'.
No latch inferred for signal `\control_unit.\we_mem' from process `\control_unit.$proc$/home/zerotoasic/Documents/proyecto3/arqui-comp-proyecto-3/src/computer/control_unit.v:27$27'.
No latch inferred for signal `\control_unit.\addr_sel' from process `\control_unit.$proc$/home/zerotoasic/Documents/proyecto3/arqui-comp-proyecto-3/src/computer/control_unit.v:27$27'.
No latch inferred for signal `\control_unit.\latch_flags' from process `\control_unit.$proc$/home/zerotoasic/Documents/proyecto3/arqui-comp-proyecto-3/src/computer/control_unit.v:27$27'.
No latch inferred for signal `\control_unit.\branch_taken' from process `\control_unit.$proc$/home/zerotoasic/Documents/proyecto3/arqui-comp-proyecto-3/src/computer/control_unit.v:27$27'.
No latch inferred for signal `\control_unit.\mem_wdata_sel' from process `\control_unit.$proc$/home/zerotoasic/Documents/proyecto3/arqui-comp-proyecto-3/src/computer/control_unit.v:27$27'.
No latch inferred for signal `\computer.\pc_next' from process `\computer.$proc$/home/zerotoasic/Documents/proyecto3/arqui-comp-proyecto-3/src/computer/computer.v:122$26'.
No latch inferred for signal `\computer.\mem_wdata' from process `\computer.$proc$/home/zerotoasic/Documents/proyecto3/arqui-comp-proyecto-3/src/computer/computer.v:83$23'.
No latch inferred for signal `\alu.\y' from process `\alu.$proc$/home/zerotoasic/Documents/proyecto3/arqui-comp-proyecto-3/src/computer/alu.v:12$1'.
No latch inferred for signal `\alu.\c' from process `\alu.$proc$/home/zerotoasic/Documents/proyecto3/arqui-comp-proyecto-3/src/computer/alu.v:12$1'.
No latch inferred for signal `\alu.\v' from process `\alu.$proc$/home/zerotoasic/Documents/proyecto3/arqui-comp-proyecto-3/src/computer/alu.v:12$1'.
Latch inferred for signal `\alu.\tmp' from process `\alu.$proc$/home/zerotoasic/Documents/proyecto3/arqui-comp-proyecto-3/src/computer/alu.v:12$1': $auto$proc_dlatch.cc:427:proc_dlatch$981

25. Executing PROC_DFF pass (convert process syncs to FFs).
Creating register for signal `$paramod\register\W=s32'00000000000000000000000000001000.\q' using process `$paramod\register\W=s32'00000000000000000000000000001000.$proc$/home/zerotoasic/Documents/proyecto3/arqui-comp-proyecto-3/src/computer/register.v:9$58'.
  created $adff cell `$procdff$982' with positive edge clock and positive level reset.
Creating register for signal `\pc.\pc' using process `\pc.$proc$/home/zerotoasic/Documents/proyecto3/arqui-comp-proyecto-3/src/computer/pc.v:11$54'.
  created $adff cell `$procdff$983' with positive edge clock and positive level reset.
Creating register for signal `\status_register.\z' using process `\status_register.$proc$/home/zerotoasic/Documents/proyecto3/arqui-comp-proyecto-3/src/computer/status_register.v:19$57'.
  created $adff cell `$procdff$984' with positive edge clock and positive level reset.
Creating register for signal `\status_register.\n' using process `\status_register.$proc$/home/zerotoasic/Documents/proyecto3/arqui-comp-proyecto-3/src/computer/status_register.v:19$57'.
  created $adff cell `$procdff$985' with positive edge clock and positive level reset.
Creating register for signal `\status_register.\c' using process `\status_register.$proc$/home/zerotoasic/Documents/proyecto3/arqui-comp-proyecto-3/src/computer/status_register.v:19$57'.
  created $adff cell `$procdff$986' with positive edge clock and positive level reset.
Creating register for signal `\status_register.\v' using process `\status_register.$proc$/home/zerotoasic/Documents/proyecto3/arqui-comp-proyecto-3/src/computer/status_register.v:19$57'.
  created $adff cell `$procdff$987' with positive edge clock and positive level reset.
Creating register for signal `\status_register.\last_opcode' using process `\status_register.$proc$/home/zerotoasic/Documents/proyecto3/arqui-comp-proyecto-3/src/computer/status_register.v:19$57'.
  created $adff cell `$procdff$988' with positive edge clock and positive level reset.
Creating register for signal `\data_memory.\r_q' using process `\data_memory.$proc$/home/zerotoasic/Documents/proyecto3/arqui-comp-proyecto-3/src/computer/data_memory.v:26$43'.
  created $dff cell `$procdff$989' with positive edge clock.
Creating register for signal `\data_memory.$memwr$\mem$/home/zerotoasic/Documents/proyecto3/arqui-comp-proyecto-3/src/computer/data_memory.v:21$35_ADDR' using process `\data_memory.$proc$/home/zerotoasic/Documents/proyecto3/arqui-comp-proyecto-3/src/computer/data_memory.v:21$36'.
  created $dff cell `$procdff$990' with positive edge clock.
Creating register for signal `\data_memory.$memwr$\mem$/home/zerotoasic/Documents/proyecto3/arqui-comp-proyecto-3/src/computer/data_memory.v:21$35_DATA' using process `\data_memory.$proc$/home/zerotoasic/Documents/proyecto3/arqui-comp-proyecto-3/src/computer/data_memory.v:21$36'.
  created $dff cell `$procdff$991' with positive edge clock.
Creating register for signal `\data_memory.$memwr$\mem$/home/zerotoasic/Documents/proyecto3/arqui-comp-proyecto-3/src/computer/data_memory.v:21$35_EN' using process `\data_memory.$proc$/home/zerotoasic/Documents/proyecto3/arqui-comp-proyecto-3/src/computer/data_memory.v:21$36'.
  created $dff cell `$procdff$992' with positive edge clock.

26. Executing PROC_MEMWR pass (convert process memory writes to cells).

27. Executing PROC_CLEAN pass (remove empty switches from decision trees).
Found and cleaned up 1 empty switch in `$paramod\register\W=s32'00000000000000000000000000001000.$proc$/home/zerotoasic/Documents/proyecto3/arqui-comp-proyecto-3/src/computer/register.v:9$58'.
Removing empty process `$paramod\register\W=s32'00000000000000000000000000001000.$proc$/home/zerotoasic/Documents/proyecto3/arqui-comp-proyecto-3/src/computer/register.v:9$58'.
Removing empty process `pc.$proc$/home/zerotoasic/Documents/proyecto3/arqui-comp-proyecto-3/src/computer/pc.v:0$55'.
Removing empty process `pc.$proc$/home/zerotoasic/Documents/proyecto3/arqui-comp-proyecto-3/src/computer/pc.v:11$54'.
Found and cleaned up 1 empty switch in `\muxB.$proc$/home/zerotoasic/Documents/proyecto3/arqui-comp-proyecto-3/src/computer/muxB.v:10$53'.
Removing empty process `muxB.$proc$/home/zerotoasic/Documents/proyecto3/arqui-comp-proyecto-3/src/computer/muxB.v:10$53'.
Found and cleaned up 1 empty switch in `\muxA.$proc$/home/zerotoasic/Documents/proyecto3/arqui-comp-proyecto-3/src/computer/muxA.v:9$52'.
Removing empty process `muxA.$proc$/home/zerotoasic/Documents/proyecto3/arqui-comp-proyecto-3/src/computer/muxA.v:9$52'.
Found and cleaned up 1 empty switch in `\status_register.$proc$/home/zerotoasic/Documents/proyecto3/arqui-comp-proyecto-3/src/computer/status_register.v:19$57'.
Removing empty process `status_register.$proc$/home/zerotoasic/Documents/proyecto3/arqui-comp-proyecto-3/src/computer/status_register.v:19$57'.
Found and cleaned up 1 empty switch in `\mux_data.$proc$/home/zerotoasic/Documents/proyecto3/arqui-comp-proyecto-3/src/computer/mux_data.v:9$50'.
Removing empty process `mux_data.$proc$/home/zerotoasic/Documents/proyecto3/arqui-comp-proyecto-3/src/computer/mux_data.v:9$50'.
Found and cleaned up 1 empty switch in `\instruction_memory.$proc$/home/zerotoasic/Documents/proyecto3/arqui-comp-proyecto-3/src/computer/instruction_memory.v:34$49'.
Removing empty process `instruction_memory.$proc$/home/zerotoasic/Documents/proyecto3/arqui-comp-proyecto-3/src/computer/instruction_memory.v:34$49'.
Removing empty process `data_memory.$proc$/home/zerotoasic/Documents/proyecto3/arqui-comp-proyecto-3/src/computer/data_memory.v:26$43'.
Found and cleaned up 1 empty switch in `\data_memory.$proc$/home/zerotoasic/Documents/proyecto3/arqui-comp-proyecto-3/src/computer/data_memory.v:21$36'.
Removing empty process `data_memory.$proc$/home/zerotoasic/Documents/proyecto3/arqui-comp-proyecto-3/src/computer/data_memory.v:21$36'.
Found and cleaned up 12 empty switches in `\control_unit.$proc$/home/zerotoasic/Documents/proyecto3/arqui-comp-proyecto-3/src/computer/control_unit.v:27$27'.
Removing empty process `control_unit.$proc$/home/zerotoasic/Documents/proyecto3/arqui-comp-proyecto-3/src/computer/control_unit.v:27$27'.
Found and cleaned up 1 empty switch in `\computer.$proc$/home/zerotoasic/Documents/proyecto3/arqui-comp-proyecto-3/src/computer/computer.v:122$26'.
Removing empty process `computer.$proc$/home/zerotoasic/Documents/proyecto3/arqui-comp-proyecto-3/src/computer/computer.v:122$26'.
Found and cleaned up 1 empty switch in `\computer.$proc$/home/zerotoasic/Documents/proyecto3/arqui-comp-proyecto-3/src/computer/computer.v:83$23'.
Removing empty process `computer.$proc$/home/zerotoasic/Documents/proyecto3/arqui-comp-proyecto-3/src/computer/computer.v:83$23'.
Found and cleaned up 1 empty switch in `\alu.$proc$/home/zerotoasic/Documents/proyecto3/arqui-comp-proyecto-3/src/computer/alu.v:12$1'.
Removing empty process `alu.$proc$/home/zerotoasic/Documents/proyecto3/arqui-comp-proyecto-3/src/computer/alu.v:12$1'.
Cleaned up 22 empty switches.

28. Executing CHECK pass (checking for obvious problems).
Checking module $paramod\register\W=s32'00000000000000000000000000001000...
Checking module pc...
Checking module muxB...
Checking module muxA...
Checking module status_register...
Checking module mux_data...
Checking module instruction_memory...
Checking module data_memory...
Checking module control_unit...
Checking module computer...
Checking module alu...
Found and reported 0 problems.

29. Executing OPT_EXPR pass (perform const folding).
Optimizing module $paramod\register\W=s32'00000000000000000000000000001000.
Optimizing module pc.
Optimizing module muxB.
<suppressed ~1 debug messages>
Optimizing module muxA.
<suppressed ~1 debug messages>
Optimizing module status_register.
Optimizing module mux_data.
<suppressed ~1 debug messages>
Optimizing module instruction_memory.
Optimizing module data_memory.
Optimizing module control_unit.
<suppressed ~45 debug messages>
Optimizing module computer.
Optimizing module alu.
<suppressed ~8 debug messages>

30. Executing FLATTEN pass (flatten design).
Deleting now unused module $paramod\register\W=s32'00000000000000000000000000001000.
Deleting now unused module pc.
Deleting now unused module muxB.
Deleting now unused module muxA.
Deleting now unused module status_register.
Deleting now unused module mux_data.
Deleting now unused module instruction_memory.
Deleting now unused module data_memory.
Deleting now unused module control_unit.
Deleting now unused module alu.
<suppressed ~11 debug messages>

31. Executing OPT_EXPR pass (perform const folding).
Optimizing module computer.
<suppressed ~947 debug messages>

32. Executing OPT_CLEAN pass (remove unused cells and wires).
Finding unused cells or wires in module \computer..
Removed 16 unused cells and 711 unused wires.
<suppressed ~25 debug messages>

33. Executing OPT pass (performing simple optimizations).

33.1. Executing OPT_EXPR pass (perform const folding).
Optimizing module computer.

33.2. Executing OPT_MERGE pass (detect identical cells).
Finding identical cells in module `\computer'.
<suppressed ~3 debug messages>
Removed a total of 1 cells.

33.3. Executing OPT_MUXTREE pass (detect dead branches in mux trees).
Running muxtree optimizer on module \computer..
  Creating internal representation of mux trees.
  Evaluating internal representation of mux trees.
  Analyzing evaluation results.
    dead port 1/12 on $pmux $flatten\U_ALU.$procmux$930.
    dead port 2/12 on $pmux $flatten\U_ALU.$procmux$930.
    dead port 3/12 on $pmux $flatten\U_ALU.$procmux$930.
    dead port 4/12 on $pmux $flatten\U_ALU.$procmux$930.
    dead port 5/12 on $pmux $flatten\U_ALU.$procmux$930.
    dead port 6/12 on $pmux $flatten\U_ALU.$procmux$930.
    dead port 7/12 on $pmux $flatten\U_ALU.$procmux$930.
    dead port 8/12 on $pmux $flatten\U_ALU.$procmux$930.
    dead port 9/12 on $pmux $flatten\U_ALU.$procmux$930.
    dead port 11/12 on $pmux $flatten\U_ALU.$procmux$930.
    dead port 12/12 on $pmux $flatten\U_ALU.$procmux$930.
    dead port 1/4 on $pmux $flatten\U_ALU.$procmux$948.
    dead port 2/4 on $pmux $flatten\U_ALU.$procmux$948.
    dead port 3/4 on $pmux $flatten\U_ALU.$procmux$948.
    dead port 1/6 on $pmux $flatten\U_ALU.$procmux$953.
    dead port 2/6 on $pmux $flatten\U_ALU.$procmux$953.
    dead port 3/6 on $pmux $flatten\U_ALU.$procmux$953.
    dead port 4/6 on $pmux $flatten\U_ALU.$procmux$953.
    dead port 5/6 on $pmux $flatten\U_ALU.$procmux$953.
    dead port 1/4 on $pmux $flatten\U_MUXA.$procmux$67.
    dead port 3/4 on $pmux $flatten\U_MUXA.$procmux$67.
    dead port 4/4 on $pmux $flatten\U_MUXA.$procmux$67.
    dead port 1/5 on $pmux $flatten\U_MUXB.$procmux$61.
    dead port 2/5 on $pmux $flatten\U_MUXB.$procmux$61.
    dead port 4/5 on $pmux $flatten\U_MUXB.$procmux$61.
    dead port 5/5 on $pmux $flatten\U_MUXB.$procmux$61.
    dead port 1/4 on $pmux $flatten\U_MUXD.$procmux$82.
    dead port 2/4 on $pmux $flatten\U_MUXD.$procmux$82.
    dead port 4/4 on $pmux $flatten\U_MUXD.$procmux$82.
Removed 29 multiplexer ports.
<suppressed ~6 debug messages>

33.4. Executing OPT_REDUCE pass (consolidate $*mux and $reduce_* inputs).
  Optimizing cells in module \computer.
Performed a total of 0 changes.

33.5. Executing OPT_MERGE pass (detect identical cells).
Finding identical cells in module `\computer'.
<suppressed ~9 debug messages>
Removed a total of 3 cells.

33.6. Executing OPT_DFF pass (perform DFF optimizations).
Setting constant 0-bit at position 0 on $flatten\U_SR.$procdff$988 ($adff) from module computer.
Setting constant 0-bit at position 1 on $flatten\U_SR.$procdff$988 ($adff) from module computer.
Setting constant 0-bit at position 2 on $flatten\U_SR.$procdff$988 ($adff) from module computer.
Setting constant 0-bit at position 3 on $flatten\U_SR.$procdff$988 ($adff) from module computer.
Setting constant 0-bit at position 4 on $flatten\U_SR.$procdff$988 ($adff) from module computer.
Setting constant 0-bit at position 5 on $flatten\U_SR.$procdff$988 ($adff) from module computer.
Setting constant 0-bit at position 6 on $flatten\U_SR.$procdff$988 ($adff) from module computer.

33.7. Executing OPT_CLEAN pass (remove unused cells and wires).
Finding unused cells or wires in module \computer..
Removed 19 unused cells and 29 unused wires.
<suppressed ~31 debug messages>

33.8. Executing OPT_EXPR pass (perform const folding).
Optimizing module computer.

33.9. Rerunning OPT passes. (Maybe there is more to do..)

33.10. Executing OPT_MUXTREE pass (detect dead branches in mux trees).
Running muxtree optimizer on module \computer..
  Creating internal representation of mux trees.
  No muxes found in this module.
Removed 0 multiplexer ports.

33.11. Executing OPT_REDUCE pass (consolidate $*mux and $reduce_* inputs).
  Optimizing cells in module \computer.
Performed a total of 0 changes.

33.12. Executing OPT_MERGE pass (detect identical cells).
Finding identical cells in module `\computer'.
Removed a total of 0 cells.

33.13. Executing OPT_DFF pass (perform DFF optimizations).
Handling D = Q on $flatten\U_RA.$procdff$982 ($adff) from module computer (removing D path).
Setting constant 0-bit at position 0 on $flatten\U_RA.$procdff$982 ($dlatch) from module computer.
Setting constant 0-bit at position 1 on $flatten\U_RA.$procdff$982 ($dlatch) from module computer.
Setting constant 0-bit at position 2 on $flatten\U_RA.$procdff$982 ($dlatch) from module computer.
Setting constant 0-bit at position 3 on $flatten\U_RA.$procdff$982 ($dlatch) from module computer.
Setting constant 0-bit at position 4 on $flatten\U_RA.$procdff$982 ($dlatch) from module computer.
Setting constant 0-bit at position 5 on $flatten\U_RA.$procdff$982 ($dlatch) from module computer.
Setting constant 0-bit at position 6 on $flatten\U_RA.$procdff$982 ($dlatch) from module computer.
Setting constant 0-bit at position 7 on $flatten\U_RA.$procdff$982 ($dlatch) from module computer.
Setting constant 0-bit at position 0 on $flatten\U_SR.$procdff$986 ($adff) from module computer.

33.14. Executing OPT_CLEAN pass (remove unused cells and wires).
Finding unused cells or wires in module \computer..

33.15. Executing OPT_EXPR pass (perform const folding).
Optimizing module computer.
<suppressed ~1 debug messages>

33.16. Rerunning OPT passes. (Maybe there is more to do..)

33.17. Executing OPT_MUXTREE pass (detect dead branches in mux trees).
Running muxtree optimizer on module \computer..
  Creating internal representation of mux trees.
  No muxes found in this module.
Removed 0 multiplexer ports.

33.18. Executing OPT_REDUCE pass (consolidate $*mux and $reduce_* inputs).
  Optimizing cells in module \computer.
Performed a total of 0 changes.

33.19. Executing OPT_MERGE pass (detect identical cells).
Finding identical cells in module `\computer'.
Removed a total of 0 cells.

33.20. Executing OPT_DFF pass (perform DFF optimizations).
Setting constant 0-bit at position 0 on $flatten\U_SR.$procdff$985 ($adff) from module computer.

33.21. Executing OPT_CLEAN pass (remove unused cells and wires).
Finding unused cells or wires in module \computer..

33.22. Executing OPT_EXPR pass (perform const folding).
Optimizing module computer.

33.23. Rerunning OPT passes. (Maybe there is more to do..)

33.24. Executing OPT_MUXTREE pass (detect dead branches in mux trees).
Running muxtree optimizer on module \computer..
  Creating internal representation of mux trees.
  No muxes found in this module.
Removed 0 multiplexer ports.

33.25. Executing OPT_REDUCE pass (consolidate $*mux and $reduce_* inputs).
  Optimizing cells in module \computer.
Performed a total of 0 changes.

33.26. Executing OPT_MERGE pass (detect identical cells).
Finding identical cells in module `\computer'.
Removed a total of 0 cells.

33.27. Executing OPT_DFF pass (perform DFF optimizations).

33.28. Executing OPT_CLEAN pass (remove unused cells and wires).
Finding unused cells or wires in module \computer..

33.29. Executing OPT_EXPR pass (perform const folding).
Optimizing module computer.

33.30. Finished OPT passes. (There is nothing left to do.)

34. Executing FSM pass (extract and optimize FSM).

34.1. Executing FSM_DETECT pass (finding FSMs in design).

34.2. Executing FSM_EXTRACT pass (extracting FSM from design).

34.3. Executing FSM_OPT pass (simple optimizations of FSMs).

34.4. Executing OPT_CLEAN pass (remove unused cells and wires).
Finding unused cells or wires in module \computer..

34.5. Executing FSM_OPT pass (simple optimizations of FSMs).

34.6. Executing FSM_RECODE pass (re-assigning FSM state encoding).

34.7. Executing FSM_INFO pass (dumping all available information on FSM cells).

34.8. Executing FSM_MAP pass (mapping FSMs to basic logic).

35. Executing OPT pass (performing simple optimizations).

35.1. Executing OPT_EXPR pass (perform const folding).
Optimizing module computer.

35.2. Executing OPT_MERGE pass (detect identical cells).
Finding identical cells in module `\computer'.
Removed a total of 0 cells.

35.3. Executing OPT_MUXTREE pass (detect dead branches in mux trees).
Running muxtree optimizer on module \computer..
  Creating internal representation of mux trees.
  No muxes found in this module.
Removed 0 multiplexer ports.

35.4. Executing OPT_REDUCE pass (consolidate $*mux and $reduce_* inputs).
  Optimizing cells in module \computer.
Performed a total of 0 changes.

35.5. Executing OPT_MERGE pass (detect identical cells).
Finding identical cells in module `\computer'.
Removed a total of 0 cells.

35.6. Executing OPT_DFF pass (perform DFF optimizations).

35.7. Executing OPT_CLEAN pass (remove unused cells and wires).
Finding unused cells or wires in module \computer..

35.8. Executing OPT_EXPR pass (perform const folding).
Optimizing module computer.

35.9. Finished OPT passes. (There is nothing left to do.)

36. Executing WREDUCE pass (reducing word size of cells).

37. Executing PEEPOPT pass (run peephole optimizers).

38. Executing OPT_CLEAN pass (remove unused cells and wires).
Finding unused cells or wires in module \computer..

39. Executing ALUMACC pass (create $alu and $macc cells).
Extracting $alu and $macc cells in module computer:
  created 0 $alu and 0 $macc cells.

40. Executing SHARE pass (SAT-based resource sharing).

41. Executing OPT pass (performing simple optimizations).

41.1. Executing OPT_EXPR pass (perform const folding).
Optimizing module computer.

41.2. Executing OPT_MERGE pass (detect identical cells).
Finding identical cells in module `\computer'.
Removed a total of 0 cells.

41.3. Executing OPT_MUXTREE pass (detect dead branches in mux trees).
Running muxtree optimizer on module \computer..
  Creating internal representation of mux trees.
  No muxes found in this module.
Removed 0 multiplexer ports.

41.4. Executing OPT_REDUCE pass (consolidate $*mux and $reduce_* inputs).
  Optimizing cells in module \computer.
Performed a total of 0 changes.

41.5. Executing OPT_MERGE pass (detect identical cells).
Finding identical cells in module `\computer'.
Removed a total of 0 cells.

41.6. Executing OPT_DFF pass (perform DFF optimizations).

41.7. Executing OPT_CLEAN pass (remove unused cells and wires).
Finding unused cells or wires in module \computer..

41.8. Executing OPT_EXPR pass (perform const folding).
Optimizing module computer.

41.9. Finished OPT passes. (There is nothing left to do.)

42. Executing MEMORY pass.

42.1. Executing OPT_MEM pass (optimize memories).
Performed a total of 0 transformations.

42.2. Executing OPT_MEM_PRIORITY pass (removing unnecessary memory write priority relations).
Performed a total of 0 transformations.

42.3. Executing OPT_MEM_FEEDBACK pass (finding memory read-to-write feedback paths).

42.4. Executing MEMORY_BMUX2ROM pass (converting muxes to ROMs).

42.5. Executing MEMORY_DFF pass (merging $dff cells to $memrd).

42.6. Executing OPT_CLEAN pass (remove unused cells and wires).
Finding unused cells or wires in module \computer..

42.7. Executing MEMORY_SHARE pass (consolidating $memrd/$memwr cells).

42.8. Executing OPT_MEM_WIDEN pass (optimize memories where all ports are wide).
Performed a total of 0 transformations.

42.9. Executing OPT_CLEAN pass (remove unused cells and wires).
Finding unused cells or wires in module \computer..

42.10. Executing MEMORY_COLLECT pass (generating $mem cells).

43. Executing OPT_CLEAN pass (remove unused cells and wires).
Finding unused cells or wires in module \computer..

44. Executing OPT pass (performing simple optimizations).

44.1. Executing OPT_EXPR pass (perform const folding).
Optimizing module computer.

44.2. Executing OPT_MERGE pass (detect identical cells).
Finding identical cells in module `\computer'.
Removed a total of 0 cells.

44.3. Executing OPT_DFF pass (perform DFF optimizations).

44.4. Executing OPT_CLEAN pass (remove unused cells and wires).
Finding unused cells or wires in module \computer..

44.5. Finished fast OPT passes.

45. Executing MEMORY_MAP pass (converting memories to logic and flip-flops).

46. Executing OPT pass (performing simple optimizations).

46.1. Executing OPT_EXPR pass (perform const folding).
Optimizing module computer.

46.2. Executing OPT_MERGE pass (detect identical cells).
Finding identical cells in module `\computer'.
Removed a total of 0 cells.

46.3. Executing OPT_MUXTREE pass (detect dead branches in mux trees).
Running muxtree optimizer on module \computer..
  Creating internal representation of mux trees.
  No muxes found in this module.
Removed 0 multiplexer ports.

46.4. Executing OPT_REDUCE pass (consolidate $*mux and $reduce_* inputs).
  Optimizing cells in module \computer.
Performed a total of 0 changes.

46.5. Executing OPT_MERGE pass (detect identical cells).
Finding identical cells in module `\computer'.
Removed a total of 0 cells.

46.6. Executing OPT_SHARE pass.

46.7. Executing OPT_DFF pass (perform DFF optimizations).

46.8. Executing OPT_CLEAN pass (remove unused cells and wires).
Finding unused cells or wires in module \computer..

46.9. Executing OPT_EXPR pass (perform const folding).
Optimizing module computer.

46.10. Finished OPT passes. (There is nothing left to do.)

47. Executing TECHMAP pass (map to technology primitives).

47.1. Executing Verilog-2005 frontend: /build/bin/../share/yosys/techmap.v
Parsing Verilog input from `/build/bin/../share/yosys/techmap.v' to AST representation.
Generating RTLIL representation for module `\_90_simplemap_bool_ops'.
Generating RTLIL representation for module `\_90_simplemap_reduce_ops'.
Generating RTLIL representation for module `\_90_simplemap_logic_ops'.
Generating RTLIL representation for module `\_90_simplemap_compare_ops'.
Generating RTLIL representation for module `\_90_simplemap_various'.
Generating RTLIL representation for module `\_90_simplemap_registers'.
Generating RTLIL representation for module `\_90_shift_ops_shr_shl_sshl_sshr'.
Generating RTLIL representation for module `\_90_shift_shiftx'.
Generating RTLIL representation for module `\_90_fa'.
Generating RTLIL representation for module `\_90_lcu'.
Generating RTLIL representation for module `\_90_alu'.
Generating RTLIL representation for module `\_90_macc'.
Generating RTLIL representation for module `\_90_alumacc'.
Generating RTLIL representation for module `\$__div_mod_u'.
Generating RTLIL representation for module `\$__div_mod_trunc'.
Generating RTLIL representation for module `\_90_div'.
Generating RTLIL representation for module `\_90_mod'.
Generating RTLIL representation for module `\$__div_mod_floor'.
Generating RTLIL representation for module `\_90_divfloor'.
Generating RTLIL representation for module `\_90_modfloor'.
Generating RTLIL representation for module `\_90_pow'.
Generating RTLIL representation for module `\_90_pmux'.
Generating RTLIL representation for module `\_90_demux'.
Generating RTLIL representation for module `\_90_lut'.
Successfully finished Verilog frontend.

47.2. Continuing TECHMAP pass.
Using extmapper simplemap for cells of type $adff.
No more expansions possible.
<suppressed ~74 debug messages>

48. Executing OPT pass (performing simple optimizations).

48.1. Executing OPT_EXPR pass (perform const folding).
Optimizing module computer.

48.2. Executing OPT_MERGE pass (detect identical cells).
Finding identical cells in module `\computer'.
Removed a total of 0 cells.

48.3. Executing OPT_DFF pass (perform DFF optimizations).

48.4. Executing OPT_CLEAN pass (remove unused cells and wires).
Finding unused cells or wires in module \computer..

48.5. Finished fast OPT passes.

49. Executing ABC pass (technology mapping using ABC).

49.1. Extracting gate netlist of module `\computer' to `<abc-temp-dir>/input.blif'..
Extracted 0 gates and 0 wires to a netlist network with 0 inputs and 0 outputs.
Don't call ABC as there is nothing to map.
Removing temp directory.

50. Executing OPT pass (performing simple optimizations).

50.1. Executing OPT_EXPR pass (perform const folding).
Optimizing module computer.

50.2. Executing OPT_MERGE pass (detect identical cells).
Finding identical cells in module `\computer'.
Removed a total of 0 cells.

50.3. Executing OPT_DFF pass (perform DFF optimizations).

50.4. Executing OPT_CLEAN pass (remove unused cells and wires).
Finding unused cells or wires in module \computer..

50.5. Finished fast OPT passes.

51. Executing HIERARCHY pass (managing design hierarchy).

51.1. Analyzing design hierarchy..
Top module:  \computer

51.2. Analyzing design hierarchy..
Top module:  \computer
Removed 0 unused modules.

52. Printing statistics.

=== computer ===

   Number of wires:                106
   Number of wire bits:            438
   Number of public wires:         106
   Number of public wire bits:     438
   Number of memories:               0
   Number of memory bits:            0
   Number of processes:              0
   Number of cells:                  1
     $_DFF_PP0_                      1

53. Executing CHECK pass (checking for obvious problems).
Checking module computer...
Found and reported 0 problems.

54. Generating Graphviz representation of design.
Writing dot description to `/home/zerotoasic/Documents/proyecto3/arqui-comp-proyecto-3/runs/RUN_2025.10.29_01.59.55/tmp/synthesis/post_techmap.dot'.
Dumping module computer to page 1.

55. Executing SHARE pass (SAT-based resource sharing).

56. Executing OPT pass (performing simple optimizations).

56.1. Executing OPT_EXPR pass (perform const folding).
Optimizing module computer.

56.2. Executing OPT_MERGE pass (detect identical cells).
Finding identical cells in module `\computer'.
Removed a total of 0 cells.

56.3. Executing OPT_MUXTREE pass (detect dead branches in mux trees).
Running muxtree optimizer on module \computer..
  Creating internal representation of mux trees.
  No muxes found in this module.
Removed 0 multiplexer ports.

56.4. Executing OPT_REDUCE pass (consolidate $*mux and $reduce_* inputs).
  Optimizing cells in module \computer.
Performed a total of 0 changes.

56.5. Executing OPT_MERGE pass (detect identical cells).
Finding identical cells in module `\computer'.
Removed a total of 0 cells.

56.6. Executing OPT_DFF pass (perform DFF optimizations).

56.7. Executing OPT_CLEAN pass (remove unused cells and wires).
Finding unused cells or wires in module \computer..

56.8. Executing OPT_EXPR pass (perform const folding).
Optimizing module computer.

56.9. Finished OPT passes. (There is nothing left to do.)

57. Executing OPT_CLEAN pass (remove unused cells and wires).
Finding unused cells or wires in module \computer..
Removed 0 unused cells and 99 unused wires.
<suppressed ~99 debug messages>

58. Printing statistics.

=== computer ===

   Number of wires:                  7
   Number of wire bits:             30
   Number of public wires:           7
   Number of public wire bits:      30
   Number of memories:               0
   Number of memory bits:            0
   Number of processes:              0
   Number of cells:                  1
     $_DFF_PP0_                      1

mapping tbuf

59. Executing TECHMAP pass (map to technology primitives).

59.1. Executing Verilog-2005 frontend: /home/zerotoasic/asic_tools/pdk/sky130A/libs.tech/openlane/sky130_fd_sc_hd/tribuff_map.v
Parsing Verilog input from `/home/zerotoasic/asic_tools/pdk/sky130A/libs.tech/openlane/sky130_fd_sc_hd/tribuff_map.v' to AST representation.
Generating RTLIL representation for module `\$_TBUF_'.
Successfully finished Verilog frontend.

59.2. Continuing TECHMAP pass.
No more expansions possible.
<suppressed ~3 debug messages>

60. Executing SIMPLEMAP pass (map simple cells to gate primitives).

61. Executing TECHMAP pass (map to technology primitives).

61.1. Executing Verilog-2005 frontend: /home/zerotoasic/asic_tools/pdk/sky130A/libs.tech/openlane/sky130_fd_sc_hd/latch_map.v
Parsing Verilog input from `/home/zerotoasic/asic_tools/pdk/sky130A/libs.tech/openlane/sky130_fd_sc_hd/latch_map.v' to AST representation.
Generating RTLIL representation for module `\$_DLATCH_P_'.
Generating RTLIL representation for module `\$_DLATCH_N_'.
Successfully finished Verilog frontend.

61.2. Continuing TECHMAP pass.
No more expansions possible.
<suppressed ~4 debug messages>

62. Executing SIMPLEMAP pass (map simple cells to gate primitives).

63. Executing DFFLIBMAP pass (mapping DFF cells to sequential cells from liberty file).
  cell sky130_fd_sc_hd__dfxtp_2 (noninv, pins=3, area=21.27) is a direct match for cell type $_DFF_P_.
  cell sky130_fd_sc_hd__dfrtp_2 (noninv, pins=4, area=26.28) is a direct match for cell type $_DFF_PN0_.
  cell sky130_fd_sc_hd__dfstp_2 (noninv, pins=4, area=26.28) is a direct match for cell type $_DFF_PN1_.
  cell sky130_fd_sc_hd__dfbbn_2 (noninv, pins=6, area=35.03) is a direct match for cell type $_DFFSR_NNN_.
  final dff cell mappings:
    unmapped dff cell: $_DFF_N_
    \sky130_fd_sc_hd__dfxtp_2 _DFF_P_ (.CLK( C), .D( D), .Q( Q));
    unmapped dff cell: $_DFF_NN0_
    unmapped dff cell: $_DFF_NN1_
    unmapped dff cell: $_DFF_NP0_
    unmapped dff cell: $_DFF_NP1_
    \sky130_fd_sc_hd__dfrtp_2 _DFF_PN0_ (.CLK( C), .D( D), .Q( Q), .RESET_B( R));
    \sky130_fd_sc_hd__dfstp_2 _DFF_PN1_ (.CLK( C), .D( D), .Q( Q), .SET_B( R));
    unmapped dff cell: $_DFF_PP0_
    unmapped dff cell: $_DFF_PP1_
    \sky130_fd_sc_hd__dfbbn_2 _DFFSR_NNN_ (.CLK_N( C), .D( D), .Q( Q), .Q_N(~Q), .RESET_B( R), .SET_B( S));
    unmapped dff cell: $_DFFSR_NNP_
    unmapped dff cell: $_DFFSR_NPN_
    unmapped dff cell: $_DFFSR_NPP_
    unmapped dff cell: $_DFFSR_PNN_
    unmapped dff cell: $_DFFSR_PNP_
    unmapped dff cell: $_DFFSR_PPN_
    unmapped dff cell: $_DFFSR_PPP_

63.1. Executing DFFLEGALIZE pass (convert FFs to types supported by the target).
Mapping DFF cells in module `\computer':
  mapped 1 $_DFF_PN0_ cells to \sky130_fd_sc_hd__dfrtp_2 cells.

64. Printing statistics.

=== computer ===

   Number of wires:                  8
   Number of wire bits:             31
   Number of public wires:           7
   Number of public wire bits:      30
   Number of memories:               0
   Number of memory bits:            0
   Number of processes:              0
   Number of cells:                  2
     $_NOT_                          1
     sky130_fd_sc_hd__dfrtp_2        1

[INFO]: USING STRATEGY AREA 0

65. Executing ABC pass (technology mapping using ABC).

65.1. Extracting gate netlist of module `\computer' to `/tmp/yosys-abc-NANgKg/input.blif'..
Extracted 1 gates and 2 wires to a netlist network with 1 inputs and 1 outputs.

65.1.1. Executing ABC.
Running ABC command: "/build/bin/yosys-abc" -s -f /tmp/yosys-abc-NANgKg/abc.script 2>&1
ABC: ABC command line: "source /tmp/yosys-abc-NANgKg/abc.script".
ABC: 
ABC: + read_blif /tmp/yosys-abc-NANgKg/input.blif 
ABC: + read_lib -w /home/zerotoasic/Documents/proyecto3/arqui-comp-proyecto-3/runs/RUN_2025.10.29_01.59.55/tmp/synthesis/trimmed.lib 
ABC: Parsing finished successfully.  Parsing time =     0.03 sec
ABC: Scl_LibertyReadGenlib() skipped sequential cell "sky130_fd_sc_hd__dfbbn_2".
ABC: Scl_LibertyReadGenlib() skipped sequential cell "sky130_fd_sc_hd__dfrbp_2".
ABC: Scl_LibertyReadGenlib() skipped sequential cell "sky130_fd_sc_hd__dfrtp_2".
ABC: Scl_LibertyReadGenlib() skipped sequential cell "sky130_fd_sc_hd__dfrtp_4".
ABC: Scl_LibertyReadGenlib() skipped sequential cell "sky130_fd_sc_hd__dfsbp_2".
ABC: Scl_LibertyReadGenlib() skipped sequential cell "sky130_fd_sc_hd__dfstp_2".
ABC: Scl_LibertyReadGenlib() skipped sequential cell "sky130_fd_sc_hd__dfstp_4".
ABC: Scl_LibertyReadGenlib() skipped sequential cell "sky130_fd_sc_hd__dfxbp_2".
ABC: Scl_LibertyReadGenlib() skipped sequential cell "sky130_fd_sc_hd__dfxtp_2".
ABC: Scl_LibertyReadGenlib() skipped sequential cell "sky130_fd_sc_hd__dfxtp_4".
ABC: Scl_LibertyReadGenlib() skipped sequential cell "sky130_fd_sc_hd__dlxtn_1".
ABC: Scl_LibertyReadGenlib() skipped sequential cell "sky130_fd_sc_hd__dlxtn_2".
ABC: Scl_LibertyReadGenlib() skipped sequential cell "sky130_fd_sc_hd__dlxtn_4".
ABC: Scl_LibertyReadGenlib() skipped sequential cell "sky130_fd_sc_hd__dlxtp_1".
ABC: Scl_LibertyReadGenlib() skipped three-state cell "sky130_fd_sc_hd__ebufn_2".
ABC: Scl_LibertyReadGenlib() skipped three-state cell "sky130_fd_sc_hd__ebufn_4".
ABC: Scl_LibertyReadGenlib() skipped three-state cell "sky130_fd_sc_hd__ebufn_8".
ABC: Library "sky130A_merged" from "/home/zerotoasic/Documents/proyecto3/arqui-comp-proyecto-3/runs/RUN_2025.10.29_01.59.55/tmp/synthesis/trimmed.lib" has 175 cells (17 skipped: 14 seq; 3 tri-state; 0 no func; 0 dont_use).  Time =     0.05 sec
ABC: Memory =    9.54 MB. Time =     0.05 sec
ABC: Warning: Detected 2 multi-output gates (for example, "sky130_fd_sc_hd__fa_1").
ABC: + read_constr -v /home/zerotoasic/Documents/proyecto3/arqui-comp-proyecto-3/runs/RUN_2025.10.29_01.59.55/tmp/synthesis/synthesis.sdc 
ABC: Setting driving cell to be "sky130_fd_sc_hd__inv_2".
ABC: Setting output load to be 33.442001.
ABC: + read_constr /home/zerotoasic/Documents/proyecto3/arqui-comp-proyecto-3/runs/RUN_2025.10.29_01.59.55/tmp/synthesis/synthesis.sdc 
ABC: + fx 
ABC: + mfs 
ABC: + strash 
ABC: + refactor 
ABC: + balance 
ABC: + rewrite 
ABC: + refactor 
ABC: + balance 
ABC: + rewrite 
ABC: + rewrite -z 
ABC: + balance 
ABC: + refactor -z 
ABC: + rewrite -z 
ABC: + balance 
ABC: + retime -D -D 20000.0 -M 5 
ABC: + scleanup 
ABC: Error: The network is combinational.
ABC: + fraig_store 
ABC: + balance 
ABC: + fraig_store 
ABC: + balance 
ABC: + rewrite 
ABC: + refactor 
ABC: + balance 
ABC: + rewrite 
ABC: + rewrite -z 
ABC: + balance 
ABC: + refactor -z 
ABC: + rewrite -z 
ABC: + balance 
ABC: + fraig_store 
ABC: + balance 
ABC: + rewrite 
ABC: + refactor 
ABC: + balance 
ABC: + rewrite 
ABC: + rewrite -z 
ABC: + balance 
ABC: + refactor -z 
ABC: + rewrite -z 
ABC: + balance 
ABC: + fraig_store 
ABC: + balance 
ABC: + rewrite 
ABC: + refactor 
ABC: + balance 
ABC: + rewrite 
ABC: + rewrite -z 
ABC: + balance 
ABC: + refactor -z 
ABC: + rewrite -z 
ABC: + balance 
ABC: + fraig_store 
ABC: + fraig_restore 
ABC: + amap -m -Q 0.1 -F 20 -A 20 -C 5000 
ABC: + retime -D -D 20000.0 
ABC: + &get -n 
ABC: + &st 
ABC: + &dch 
ABC: + &nf 
ABC: + &put 
ABC: + buffer -N 10 -S 750.0 
ABC: + upsize -D 20000.0 
ABC: Current delay (130.75 ps) does not exceed the target delay (20000.00 ps). Upsizing is not performed.
ABC: + dnsize -D 20000.0 
ABC: + stime -p 
ABC: WireLoad = "none"  Gates =      1 (100.0 %)   Cap = 19.0 ff ( 12.5 %)   Area =        3.75 (  0.0 %)   Delay =   130.75 ps  (100.0 %)               
ABC: Path  0 --       1 : 0    1 pi                     A =   0.00  Df =  16.7   -9.8 ps  S =  28.7 ps  Cin =  0.0 ff  Cout =   4.6 ff  Cmax =   0.0 ff  G =    0  
ABC: Path  1 --       3 : 1    1 sky130_fd_sc_hd__inv_2 A =   3.75  Df = 130.7  -41.2 ps  S = 157.4 ps  Cin =  4.5 ff  Cout =  33.4 ff  Cmax = 331.4 ff  G =  749  
ABC: Start-point = pi0 (\rst).  End-point = po0 ($auto$rtlil.cc:2598:NotGate$1075).
ABC: + print_stats -m 
ABC: netlist                       : i/o =    1/    1  lat =    0  nd =     1  edge =      1  area = 3.75  delay = 1.00  lev = 1
ABC: + write_blif /tmp/yosys-abc-NANgKg/output.blif 

65.1.2. Re-integrating ABC results.
ABC RESULTS:   sky130_fd_sc_hd__inv_2 cells:        1
ABC RESULTS:        internal signals:        0
ABC RESULTS:           input signals:        1
ABC RESULTS:          output signals:        1
Removing temp directory.

66. Executing SETUNDEF pass (replace undef values with defined constants).

67. Executing HILOMAP pass (mapping to constant drivers).

68. Executing SPLITNETS pass (splitting up multi-bit signals).

69. Executing OPT_CLEAN pass (remove unused cells and wires).
Finding unused cells or wires in module \computer..
Removed 0 unused cells and 29 unused wires.
<suppressed ~2 debug messages>

70. Executing INSBUF pass (insert buffer cells for connected wires).

71. Executing CHECK pass (checking for obvious problems).
Checking module computer...
Warning: Wire computer.\last_opcode_out [6] is used but has no driver.
Warning: Wire computer.\last_opcode_out [5] is used but has no driver.
Warning: Wire computer.\last_opcode_out [4] is used but has no driver.
Warning: Wire computer.\last_opcode_out [3] is used but has no driver.
Warning: Wire computer.\last_opcode_out [2] is used but has no driver.
Warning: Wire computer.\last_opcode_out [1] is used but has no driver.
Warning: Wire computer.\last_opcode_out [0] is used but has no driver.
Warning: Wire computer.\flags_out [3] is used but has no driver.
Warning: Wire computer.\flags_out [2] is used but has no driver.
Warning: Wire computer.\flags_out [1] is used but has no driver.
Warning: Wire computer.\flags_out [0] is used but has no driver.
Warning: Wire computer.\B_out [7] is used but has no driver.
Warning: Wire computer.\B_out [6] is used but has no driver.
Warning: Wire computer.\B_out [5] is used but has no driver.
Warning: Wire computer.\B_out [4] is used but has no driver.
Warning: Wire computer.\B_out [3] is used but has no driver.
Warning: Wire computer.\B_out [2] is used but has no driver.
Warning: Wire computer.\B_out [1] is used but has no driver.
Warning: Wire computer.\B_out [0] is used but has no driver.
Warning: Wire computer.\A_out [7] is used but has no driver.
Warning: Wire computer.\A_out [6] is used but has no driver.
Warning: Wire computer.\A_out [5] is used but has no driver.
Warning: Wire computer.\A_out [4] is used but has no driver.
Warning: Wire computer.\A_out [3] is used but has no driver.
Warning: Wire computer.\A_out [2] is used but has no driver.
Warning: Wire computer.\A_out [1] is used but has no driver.
Warning: Wire computer.\A_out [0] is used but has no driver.
Found and reported 27 problems.

72. Printing statistics.

=== computer ===

   Number of wires:                  8
   Number of wire bits:             31
   Number of public wires:           6
   Number of public wire bits:      29
   Number of memories:               0
   Number of memory bits:            0
   Number of processes:              0
   Number of cells:                 29
     sky130_fd_sc_hd__conb_1        27
     sky130_fd_sc_hd__dfrtp_2        1
     sky130_fd_sc_hd__inv_2          1

   Chip area for module '\computer': 131.376000

73. Executing Verilog backend.
Dumping module `\computer'.

Warnings: 27 unique messages, 27 total
End of script. Logfile hash: 170241d074, CPU: user 0.31s system 0.04s, MEM: 28.63 MB peak
Yosys 0.30+48 (git sha1 14d50a176d5, gcc 8.3.1 -fPIC -Os)
Time spent: 28% 2x abc (0 sec), 17% 4x stat (0 sec), ...
