
===========================================================================
report_checks -path_delay max (Setup)
============================================================================
======================= Fastest Corner ===================================

Startpoint: _03_ (rising edge-triggered flip-flop clocked by clk)
Endpoint: flags_out[3] (output port clocked by clk)
Path Group: clk
Path Type: max
Corner: Fastest

Fanout     Cap    Slew   Delay    Time   Description
-----------------------------------------------------------------------------
                          0.00    0.00   clock clk (rise edge)
                          0.00    0.00   clock source latency
                  0.07    0.05    0.05 ^ clk (in)
     1    0.02                           clk (net)
                  0.07    0.00    0.05 ^ _03_/CLK (sky130_fd_sc_hd__dfrtp_1)
                  0.03    0.24    0.29 v _03_/Q (sky130_fd_sc_hd__dfrtp_1)
     1    0.00                           net2 (net)
                  0.03    0.00    0.29 v output2/A (sky130_fd_sc_hd__clkbuf_4)
                  0.06    0.13    0.42 v output2/X (sky130_fd_sc_hd__clkbuf_4)
     1    0.03                           flags_out[3] (net)
                  0.06    0.00    0.42 v flags_out[3] (out)
                                  0.42   data arrival time

                         20.00   20.00   clock clk (rise edge)
                          0.00   20.00   clock network delay (propagated)
                         -0.25   19.75   clock uncertainty
                          0.00   19.75   clock reconvergence pessimism
                         -4.00   15.75   output external delay
                                 15.75   data required time
-----------------------------------------------------------------------------
                                 15.75   data required time
                                 -0.42   data arrival time
-----------------------------------------------------------------------------
                                 15.33   slack (MET)


Startpoint: rst (input port clocked by clk)
Endpoint: _03_ (recovery check against rising-edge clock clk)
Path Group: asynchronous
Path Type: max
Corner: Fastest

Fanout     Cap    Slew   Delay    Time   Description
-----------------------------------------------------------------------------
                          0.00    0.00   clock clk (rise edge)
                          0.00    0.00   clock network delay (propagated)
                          4.00    4.00 v input external delay
                  0.01    0.00    4.00 v rst (in)
     1    0.00                           rst (net)
                  0.01    0.00    4.00 v input1/A (sky130_fd_sc_hd__buf_2)
                  0.08    0.12    4.12 v input1/X (sky130_fd_sc_hd__buf_2)
     1    0.04                           net1 (net)
                  0.08    0.01    4.13 v _02_/A (sky130_fd_sc_hd__inv_2)
                  0.03    0.05    4.18 ^ _02_/Y (sky130_fd_sc_hd__inv_2)
     1    0.00                           _00_ (net)
                  0.03    0.00    4.18 ^ _03_/RESET_B (sky130_fd_sc_hd__dfrtp_1)
                                  4.18   data arrival time

                         20.00   20.00   clock clk (rise edge)
                          0.00   20.00   clock source latency
                  0.07    0.05   20.05 ^ clk (in)
     1    0.02                           clk (net)
                  0.07    0.00   20.05 ^ _03_/CLK (sky130_fd_sc_hd__dfrtp_1)
                         -0.25   19.80   clock uncertainty
                          0.00   19.80   clock reconvergence pessimism
                          0.15   19.94   library recovery time
                                 19.94   data required time
-----------------------------------------------------------------------------
                                 19.94   data required time
                                 -4.18   data arrival time
-----------------------------------------------------------------------------
                                 15.76   slack (MET)



======================= Slowest Corner ===================================

Startpoint: _03_ (rising edge-triggered flip-flop clocked by clk)
Endpoint: flags_out[3] (output port clocked by clk)
Path Group: clk
Path Type: max
Corner: Slowest

Fanout     Cap    Slew   Delay    Time   Description
-----------------------------------------------------------------------------
                          0.00    0.00   clock clk (rise edge)
                          0.00    0.00   clock source latency
                  0.14    0.10    0.10 ^ clk (in)
     1    0.02                           clk (net)
                  0.14    0.00    0.10 ^ _03_/CLK (sky130_fd_sc_hd__dfrtp_1)
                  0.07    0.80    0.90 v _03_/Q (sky130_fd_sc_hd__dfrtp_1)
     1    0.00                           net2 (net)
                  0.07    0.00    0.90 v output2/A (sky130_fd_sc_hd__clkbuf_4)
                  0.14    0.34    1.24 v output2/X (sky130_fd_sc_hd__clkbuf_4)
     1    0.03                           flags_out[3] (net)
                  0.14    0.00    1.24 v flags_out[3] (out)
                                  1.24   data arrival time

                         20.00   20.00   clock clk (rise edge)
                          0.00   20.00   clock network delay (propagated)
                         -0.25   19.75   clock uncertainty
                          0.00   19.75   clock reconvergence pessimism
                         -4.00   15.75   output external delay
                                 15.75   data required time
-----------------------------------------------------------------------------
                                 15.75   data required time
                                 -1.24   data arrival time
-----------------------------------------------------------------------------
                                 14.51   slack (MET)


Startpoint: rst (input port clocked by clk)
Endpoint: _03_ (recovery check against rising-edge clock clk)
Path Group: asynchronous
Path Type: max
Corner: Slowest

Fanout     Cap    Slew   Delay    Time   Description
-----------------------------------------------------------------------------
                          0.00    0.00   clock clk (rise edge)
                          0.00    0.00   clock network delay (propagated)
                          4.00    4.00 v input external delay
                  0.02    0.01    4.01 v rst (in)
     1    0.00                           rst (net)
                  0.02    0.00    4.01 v input1/A (sky130_fd_sc_hd__buf_2)
                  0.20    0.36    4.38 v input1/X (sky130_fd_sc_hd__buf_2)
     1    0.04                           net1 (net)
                  0.20    0.01    4.38 v _02_/A (sky130_fd_sc_hd__inv_2)
                  0.07    0.12    4.51 ^ _02_/Y (sky130_fd_sc_hd__inv_2)
     1    0.00                           _00_ (net)
                  0.07    0.00    4.51 ^ _03_/RESET_B (sky130_fd_sc_hd__dfrtp_1)
                                  4.51   data arrival time

                         20.00   20.00   clock clk (rise edge)
                          0.00   20.00   clock source latency
                  0.14    0.09   20.09 ^ clk (in)
     1    0.02                           clk (net)
                  0.14    0.00   20.09 ^ _03_/CLK (sky130_fd_sc_hd__dfrtp_1)
                         -0.25   19.84   clock uncertainty
                          0.00   19.84   clock reconvergence pessimism
                          0.49   20.33   library recovery time
                                 20.33   data required time
-----------------------------------------------------------------------------
                                 20.33   data required time
                                 -4.51   data arrival time
-----------------------------------------------------------------------------
                                 15.82   slack (MET)



======================= Typical Corner ===================================

Startpoint: _03_ (rising edge-triggered flip-flop clocked by clk)
Endpoint: flags_out[3] (output port clocked by clk)
Path Group: clk
Path Type: max
Corner: Typical

Fanout     Cap    Slew   Delay    Time   Description
-----------------------------------------------------------------------------
                          0.00    0.00   clock clk (rise edge)
                          0.00    0.00   clock source latency
                  0.09    0.07    0.07 ^ clk (in)
     1    0.02                           clk (net)
                  0.09    0.00    0.07 ^ _03_/CLK (sky130_fd_sc_hd__dfrtp_1)
                  0.04    0.38    0.45 v _03_/Q (sky130_fd_sc_hd__dfrtp_1)
     1    0.00                           net2 (net)
                  0.04    0.00    0.45 v output2/A (sky130_fd_sc_hd__clkbuf_4)
                  0.08    0.19    0.64 v output2/X (sky130_fd_sc_hd__clkbuf_4)
     1    0.03                           flags_out[3] (net)
                  0.08    0.00    0.64 v flags_out[3] (out)
                                  0.64   data arrival time

                         20.00   20.00   clock clk (rise edge)
                          0.00   20.00   clock network delay (propagated)
                         -0.25   19.75   clock uncertainty
                          0.00   19.75   clock reconvergence pessimism
                         -4.00   15.75   output external delay
                                 15.75   data required time
-----------------------------------------------------------------------------
                                 15.75   data required time
                                 -0.64   data arrival time
-----------------------------------------------------------------------------
                                 15.11   slack (MET)


Startpoint: rst (input port clocked by clk)
Endpoint: _03_ (recovery check against rising-edge clock clk)
Path Group: asynchronous
Path Type: max
Corner: Typical

Fanout     Cap    Slew   Delay    Time   Description
-----------------------------------------------------------------------------
                          0.00    0.00   clock clk (rise edge)
                          0.00    0.00   clock network delay (propagated)
                          4.00    4.00 v input external delay
                  0.01    0.01    4.01 v rst (in)
     1    0.00                           rst (net)
                  0.01    0.00    4.01 v input1/A (sky130_fd_sc_hd__buf_2)
                  0.11    0.19    4.19 v input1/X (sky130_fd_sc_hd__buf_2)
     1    0.04                           net1 (net)
                  0.11    0.01    4.20 v _02_/A (sky130_fd_sc_hd__inv_2)
                  0.04    0.07    4.27 ^ _02_/Y (sky130_fd_sc_hd__inv_2)
     1    0.00                           _00_ (net)
                  0.04    0.00    4.27 ^ _03_/RESET_B (sky130_fd_sc_hd__dfrtp_1)
                                  4.27   data arrival time

                         20.00   20.00   clock clk (rise edge)
                          0.00   20.00   clock source latency
                  0.09    0.06   20.06 ^ clk (in)
     1    0.02                           clk (net)
                  0.09    0.00   20.06 ^ _03_/CLK (sky130_fd_sc_hd__dfrtp_1)
                         -0.25   19.81   clock uncertainty
                          0.00   19.81   clock reconvergence pessimism
                          0.25   20.06   library recovery time
                                 20.06   data required time
-----------------------------------------------------------------------------
                                 20.06   data required time
                                 -4.27   data arrival time
-----------------------------------------------------------------------------
                                 15.79   slack (MET)



