
===========================================================================
 report_power
============================================================================
======================= Fastest Corner ===================================

Group                  Internal  Switching    Leakage      Total
                          Power      Power      Power      Power (Watts)
----------------------------------------------------------------
Sequential             2.44e-06   2.54e-08   4.72e-09   2.47e-06  70.7%
Combinational          2.39e-07   7.77e-07   7.68e-09   1.02e-06  29.3%
Macro                  0.00e+00   0.00e+00   0.00e+00   0.00e+00   0.0%
Pad                    0.00e+00   0.00e+00   0.00e+00   0.00e+00   0.0%
----------------------------------------------------------------
Total                  2.68e-06   8.02e-07   1.24e-08   3.50e-06 100.0%
                          76.7%      22.9%       0.4%

======================= Slowest Corner ===================================

Group                  Internal  Switching    Leakage      Total
                          Power      Power      Power      Power (Watts)
----------------------------------------------------------------
Sequential             1.61e-06   1.69e-08   1.88e-08   1.64e-06  69.6%
Combinational          1.71e-07   5.20e-07   2.43e-08   7.16e-07  30.4%
Macro                  0.00e+00   0.00e+00   0.00e+00   0.00e+00   0.0%
Pad                    0.00e+00   0.00e+00   0.00e+00   0.00e+00   0.0%
----------------------------------------------------------------
Total                  1.78e-06   5.37e-07   4.32e-08   2.36e-06 100.0%
                          75.4%      22.8%       1.8%

======================= Typical Corner ===================================

Group                  Internal  Switching    Leakage      Total
                          Power      Power      Power      Power (Watts)
----------------------------------------------------------------
Sequential             2.10e-06   2.14e-08   4.72e-09   2.12e-06  70.7%
Combinational          2.09e-07   6.62e-07   7.66e-09   8.79e-07  29.3%
Macro                  0.00e+00   0.00e+00   0.00e+00   0.00e+00   0.0%
Pad                    0.00e+00   0.00e+00   0.00e+00   0.00e+00   0.0%
----------------------------------------------------------------
Total                  2.31e-06   6.83e-07   1.24e-08   3.00e-06 100.0%
                          76.8%      22.8%       0.4%

