OpenROAD 41a51eaf4ca2171c92ff38afb91eb37bbd3f36da 
This program is licensed under the BSD-3 license. See the LICENSE file for details.
Components of this program may be licensed under more restrictive licenses which must be honored.
[INFO]: Reading ODB at '/home/zerotoasic/Documents/proyecto3/arqui-comp-proyecto-3/runs/RUN_2025.10.29_02.02.39/results/floorplan/computer.odb'…
define_corners Typical
read_liberty -corner Typical /home/zerotoasic/asic_tools/pdk/sky130A/libs.ref/sky130_fd_sc_hd/lib/sky130_fd_sc_hd__tt_025C_1v80.lib
Using 1e-12 for capacitance...
Using 1e+03 for resistance...
Using 1e-09 for time...
Using 1e+00 for voltage...
Using 1e-03 for current...
Using 1e-09 for power...
Using 1e-06 for distance...
Reading design constraints file at '/home/zerotoasic/Documents/proyecto3/arqui-comp-proyecto-3/runs/RUN_2025.10.29_02.02.39/tmp/floorplan/3-initial_fp.sdc'…
[INFO]: Setting RC values...
[INFO]: Setting signal min routing layer to: met1 and clock min routing layer to met1. 
[INFO]: Setting signal max routing layer to: met5 and clock max routing layer to met5. 
[INFO GPL-0002] DBU: 1000
[INFO GPL-0003] SiteSize: 460 2720
[INFO GPL-0004] CoreAreaLxLy: 10120 10880
[INFO GPL-0005] CoreAreaUxUy: 389620 388960
[INFO GPL-0006] NumInstances: 2351
[INFO GPL-0007] NumPlaceInstances: 29
[INFO GPL-0008] NumFixedInstances: 2322
[INFO GPL-0009] NumDummyInstances: 0
[INFO GPL-0010] NumNets: 31
[INFO GPL-0011] NumPins: 62
[INFO GPL-0012] DieAreaLxLy: 0 0
[INFO GPL-0013] DieAreaUxUy: 400000 400000
[INFO GPL-0014] CoreAreaLxLy: 10120 10880
[INFO GPL-0015] CoreAreaUxUy: 389620 388960
[INFO GPL-0016] CoreArea: 143481360000
[INFO GPL-0017] NonPlaceInstsArea: 3600953600
[INFO GPL-0018] PlaceInstsArea: 131376000
[INFO GPL-0019] Util(%): 0.09
[INFO GPL-0020] StdInstsArea: 131376000
[INFO GPL-0021] MacroInstsArea: 0
[InitialPlace]  Iter: 1 CG residual: 0.00000008 HPWL: 11678700
[InitialPlace]  Iter: 2 CG residual: 0.00000000 HPWL: 837632
[InitialPlace]  Iter: 3 CG residual: 0.00000001 HPWL: 809616
[InitialPlace]  Iter: 4 CG residual: 0.00000000 HPWL: 786787
[InitialPlace]  Iter: 5 CG residual: 0.00000001 HPWL: 769387
[INFO GPL-0031] FillerInit: NumGCells: 9310
[INFO GPL-0032] FillerInit: NumGNets: 31
[INFO GPL-0033] FillerInit: NumGPins: 62
[INFO GPL-0023] TargetDensity: 0.25
[INFO GPL-0024] AveragePlaceInstArea: 4530206
[INFO GPL-0025] IdealBinArea: 18120824
[INFO GPL-0026] IdealBinCnt: 7918
[INFO GPL-0027] TotalBinArea: 143481360000
[INFO GPL-0028] BinCnt: 64 64
[INFO GPL-0029] BinSize: 5930 5908
[INFO GPL-0030] NumBins: 4096
[NesterovSolve] Iter: 1 overflow: 0.0323619 HPWL: 894675
[INFO GPL-0100] worst slack 1.52e-08
[INFO GPL-0103] Weighted 0 nets.
[NesterovSolve] Snapshot saved at iter = 0
[INFO GPL-0075] Routability numCall: 1 inflationIterCnt: 1 bloatIterCnt: 0
[INFO GPL-0036] TileLxLy: 0 0
[INFO GPL-0037] TileSize: 6900 6900
[INFO GPL-0038] TileCnt: 57 57
[INFO GPL-0039] numRoutingLayers: 6
[INFO GPL-0040] NumTiles: 3249
[INFO GPL-0063] TotalRouteOverflowH2: 0.0
[INFO GPL-0064] TotalRouteOverflowV2: 0.0
[INFO GPL-0065] OverflowTileCnt2: 0
[INFO GPL-0066] 0.5%RC: 0.6666666865348816
[INFO GPL-0067] 1.0%RC: 0.6666666865348816
[INFO GPL-0068] 2.0%RC: 0.6516129239912956
[INFO GPL-0069] 5.0%RC: 0.5547516324092708
[INFO GPL-0070] 0.5rcK: 1.0
[INFO GPL-0071] 1.0rcK: 1.0
[INFO GPL-0072] 2.0rcK: 0.0
[INFO GPL-0073] 5.0rcK: 0.0
[INFO GPL-0074] FinalRC: 0.6666667
[NesterovSolve] Finished with Overflow: 0.032362
Setting global connections for newly added cells…
Writing OpenROAD database to '/home/zerotoasic/Documents/proyecto3/arqui-comp-proyecto-3/runs/RUN_2025.10.29_02.02.39/tmp/placement/7-global.odb'…
Writing netlist to '/home/zerotoasic/Documents/proyecto3/arqui-comp-proyecto-3/runs/RUN_2025.10.29_02.02.39/tmp/placement/7-global.nl.v'…
Writing powered netlist to '/home/zerotoasic/Documents/proyecto3/arqui-comp-proyecto-3/runs/RUN_2025.10.29_02.02.39/tmp/placement/7-global.pnl.v'…
Writing layout to '/home/zerotoasic/Documents/proyecto3/arqui-comp-proyecto-3/runs/RUN_2025.10.29_02.02.39/tmp/placement/7-global.def'…
