
===========================================================================
report_checks -path_delay max (Setup)
============================================================================
======================= Fastest Corner ===================================

Startpoint: _03_ (rising edge-triggered flip-flop clocked by clk)
Endpoint: flags_out[3] (output port clocked by clk)
Path Group: clk
Path Type: max
Corner: Fastest

Fanout     Cap    Slew   Delay    Time   Description
-----------------------------------------------------------------------------
                          0.00    0.00   clock clk (rise edge)
                          0.00    0.00   clock source latency
                  0.06    0.05    0.05 ^ clk (in)
     1    0.02                           clk (net)
                  0.06    0.00    0.05 ^ _03_/CLK (sky130_fd_sc_hd__dfrtp_1)
                  0.03    0.24    0.29 v _03_/Q (sky130_fd_sc_hd__dfrtp_1)
     1    0.00                           net2 (net)
                  0.03    0.00    0.29 v output2/A (sky130_fd_sc_hd__clkbuf_4)
                  0.06    0.13    0.41 v output2/X (sky130_fd_sc_hd__clkbuf_4)
     1    0.03                           flags_out[3] (net)
                  0.06    0.00    0.41 v flags_out[3] (out)
                                  0.41   data arrival time

                         20.00   20.00   clock clk (rise edge)
                          0.00   20.00   clock network delay (propagated)
                         -0.25   19.75   clock uncertainty
                          0.00   19.75   clock reconvergence pessimism
                         -4.00   15.75   output external delay
                                 15.75   data required time
-----------------------------------------------------------------------------
                                 15.75   data required time
                                 -0.41   data arrival time
-----------------------------------------------------------------------------
                                 15.34   slack (MET)


Startpoint: rst (input port clocked by clk)
Endpoint: _03_ (recovery check against rising-edge clock clk)
Path Group: asynchronous
Path Type: max
Corner: Fastest

Fanout     Cap    Slew   Delay    Time   Description
-----------------------------------------------------------------------------
                          0.00    0.00   clock clk (rise edge)
                          0.00    0.00   clock network delay (propagated)
                          4.00    4.00 v input external delay
                  0.01    0.00    4.00 v rst (in)
     1    0.00                           rst (net)
                  0.01    0.00    4.00 v input1/A (sky130_fd_sc_hd__buf_2)
                  0.07    0.12    4.12 v input1/X (sky130_fd_sc_hd__buf_2)
     1    0.04                           net1 (net)
                  0.07    0.01    4.13 v _02_/A (sky130_fd_sc_hd__inv_2)
                  0.03    0.05    4.17 ^ _02_/Y (sky130_fd_sc_hd__inv_2)
     1    0.00                           _00_ (net)
                  0.03    0.00    4.17 ^ _03_/RESET_B (sky130_fd_sc_hd__dfrtp_1)
                                  4.17   data arrival time

                         20.00   20.00   clock clk (rise edge)
                          0.00   20.00   clock source latency
                  0.06    0.04   20.04 ^ clk (in)
     1    0.02                           clk (net)
                  0.06    0.00   20.04 ^ _03_/CLK (sky130_fd_sc_hd__dfrtp_1)
                         -0.25   19.79   clock uncertainty
                          0.00   19.79   clock reconvergence pessimism
                          0.15   19.94   library recovery time
                                 19.94   data required time
-----------------------------------------------------------------------------
                                 19.94   data required time
                                 -4.17   data arrival time
-----------------------------------------------------------------------------
                                 15.77   slack (MET)



======================= Slowest Corner ===================================

Startpoint: _03_ (rising edge-triggered flip-flop clocked by clk)
Endpoint: flags_out[3] (output port clocked by clk)
Path Group: clk
Path Type: max
Corner: Slowest

Fanout     Cap    Slew   Delay    Time   Description
-----------------------------------------------------------------------------
                          0.00    0.00   clock clk (rise edge)
                          0.00    0.00   clock source latency
                  0.13    0.10    0.10 ^ clk (in)
     1    0.02                           clk (net)
                  0.13    0.00    0.10 ^ _03_/CLK (sky130_fd_sc_hd__dfrtp_1)
                  0.07    0.79    0.89 v _03_/Q (sky130_fd_sc_hd__dfrtp_1)
     1    0.00                           net2 (net)
                  0.07    0.00    0.89 v output2/A (sky130_fd_sc_hd__clkbuf_4)
                  0.14    0.34    1.23 v output2/X (sky130_fd_sc_hd__clkbuf_4)
     1    0.03                           flags_out[3] (net)
                  0.14    0.00    1.23 v flags_out[3] (out)
                                  1.23   data arrival time

                         20.00   20.00   clock clk (rise edge)
                          0.00   20.00   clock network delay (propagated)
                         -0.25   19.75   clock uncertainty
                          0.00   19.75   clock reconvergence pessimism
                         -4.00   15.75   output external delay
                                 15.75   data required time
-----------------------------------------------------------------------------
                                 15.75   data required time
                                 -1.23   data arrival time
-----------------------------------------------------------------------------
                                 14.52   slack (MET)


Startpoint: rst (input port clocked by clk)
Endpoint: _03_ (recovery check against rising-edge clock clk)
Path Group: asynchronous
Path Type: max
Corner: Slowest

Fanout     Cap    Slew   Delay    Time   Description
-----------------------------------------------------------------------------
                          0.00    0.00   clock clk (rise edge)
                          0.00    0.00   clock network delay (propagated)
                          4.00    4.00 v input external delay
                  0.02    0.01    4.01 v rst (in)
     1    0.00                           rst (net)
                  0.02    0.00    4.01 v input1/A (sky130_fd_sc_hd__buf_2)
                  0.19    0.36    4.37 v input1/X (sky130_fd_sc_hd__buf_2)
     1    0.04                           net1 (net)
                  0.19    0.01    4.37 v _02_/A (sky130_fd_sc_hd__inv_2)
                  0.06    0.12    4.49 ^ _02_/Y (sky130_fd_sc_hd__inv_2)
     1    0.00                           _00_ (net)
                  0.06    0.00    4.49 ^ _03_/RESET_B (sky130_fd_sc_hd__dfrtp_1)
                                  4.49   data arrival time

                         20.00   20.00   clock clk (rise edge)
                          0.00   20.00   clock source latency
                  0.13    0.09   20.09 ^ clk (in)
     1    0.02                           clk (net)
                  0.13    0.00   20.09 ^ _03_/CLK (sky130_fd_sc_hd__dfrtp_1)
                         -0.25   19.84   clock uncertainty
                          0.00   19.84   clock reconvergence pessimism
                          0.49   20.32   library recovery time
                                 20.32   data required time
-----------------------------------------------------------------------------
                                 20.32   data required time
                                 -4.49   data arrival time
-----------------------------------------------------------------------------
                                 15.83   slack (MET)



======================= Typical Corner ===================================

Startpoint: _03_ (rising edge-triggered flip-flop clocked by clk)
Endpoint: flags_out[3] (output port clocked by clk)
Path Group: clk
Path Type: max
Corner: Typical

Fanout     Cap    Slew   Delay    Time   Description
-----------------------------------------------------------------------------
                          0.00    0.00   clock clk (rise edge)
                          0.00    0.00   clock source latency
                  0.09    0.06    0.06 ^ clk (in)
     1    0.02                           clk (net)
                  0.09    0.00    0.06 ^ _03_/CLK (sky130_fd_sc_hd__dfrtp_1)
                  0.04    0.38    0.44 v _03_/Q (sky130_fd_sc_hd__dfrtp_1)
     1    0.00                           net2 (net)
                  0.04    0.00    0.44 v output2/A (sky130_fd_sc_hd__clkbuf_4)
                  0.08    0.19    0.63 v output2/X (sky130_fd_sc_hd__clkbuf_4)
     1    0.03                           flags_out[3] (net)
                  0.08    0.00    0.63 v flags_out[3] (out)
                                  0.63   data arrival time

                         20.00   20.00   clock clk (rise edge)
                          0.00   20.00   clock network delay (propagated)
                         -0.25   19.75   clock uncertainty
                          0.00   19.75   clock reconvergence pessimism
                         -4.00   15.75   output external delay
                                 15.75   data required time
-----------------------------------------------------------------------------
                                 15.75   data required time
                                 -0.63   data arrival time
-----------------------------------------------------------------------------
                                 15.12   slack (MET)


Startpoint: rst (input port clocked by clk)
Endpoint: _03_ (recovery check against rising-edge clock clk)
Path Group: asynchronous
Path Type: max
Corner: Typical

Fanout     Cap    Slew   Delay    Time   Description
-----------------------------------------------------------------------------
                          0.00    0.00   clock clk (rise edge)
                          0.00    0.00   clock network delay (propagated)
                          4.00    4.00 v input external delay
                  0.01    0.01    4.01 v rst (in)
     1    0.00                           rst (net)
                  0.01    0.00    4.01 v input1/A (sky130_fd_sc_hd__buf_2)
                  0.10    0.18    4.19 v input1/X (sky130_fd_sc_hd__buf_2)
     1    0.04                           net1 (net)
                  0.10    0.01    4.19 v _02_/A (sky130_fd_sc_hd__inv_2)
                  0.04    0.07    4.26 ^ _02_/Y (sky130_fd_sc_hd__inv_2)
     1    0.00                           _00_ (net)
                  0.04    0.00    4.26 ^ _03_/RESET_B (sky130_fd_sc_hd__dfrtp_1)
                                  4.26   data arrival time

                         20.00   20.00   clock clk (rise edge)
                          0.00   20.00   clock source latency
                  0.09    0.06   20.06 ^ clk (in)
     1    0.02                           clk (net)
                  0.09    0.00   20.06 ^ _03_/CLK (sky130_fd_sc_hd__dfrtp_1)
                         -0.25   19.81   clock uncertainty
                          0.00   19.81   clock reconvergence pessimism
                          0.24   20.05   library recovery time
                                 20.05   data required time
-----------------------------------------------------------------------------
                                 20.05   data required time
                                 -4.26   data arrival time
-----------------------------------------------------------------------------
                                 15.79   slack (MET)



