
===========================================================================
 report_power
============================================================================
======================= Fastest Corner ===================================

Group                  Internal  Switching    Leakage      Total
                          Power      Power      Power      Power (Watts)
----------------------------------------------------------------
Sequential             2.44e-06   2.51e-08   4.72e-09   2.47e-06  71.3%
Combinational          2.39e-07   7.50e-07   7.68e-09   9.96e-07  28.7%
Macro                  0.00e+00   0.00e+00   0.00e+00   0.00e+00   0.0%
Pad                    0.00e+00   0.00e+00   0.00e+00   0.00e+00   0.0%
----------------------------------------------------------------
Total                  2.68e-06   7.75e-07   1.24e-08   3.47e-06 100.0%
                          77.3%      22.3%       0.4%

======================= Slowest Corner ===================================

Group                  Internal  Switching    Leakage      Total
                          Power      Power      Power      Power (Watts)
----------------------------------------------------------------
Sequential             1.61e-06   1.66e-08   1.88e-08   1.64e-06  70.2%
Combinational          1.72e-07   5.02e-07   2.43e-08   6.98e-07  29.8%
Macro                  0.00e+00   0.00e+00   0.00e+00   0.00e+00   0.0%
Pad                    0.00e+00   0.00e+00   0.00e+00   0.00e+00   0.0%
----------------------------------------------------------------
Total                  1.78e-06   5.19e-07   4.32e-08   2.34e-06 100.0%
                          76.0%      22.2%       1.8%

======================= Typical Corner ===================================

Group                  Internal  Switching    Leakage      Total
                          Power      Power      Power      Power (Watts)
----------------------------------------------------------------
Sequential             2.10e-06   2.11e-08   4.72e-09   2.12e-06  71.3%
Combinational          2.09e-07   6.39e-07   7.66e-09   8.56e-07  28.7%
Macro                  0.00e+00   0.00e+00   0.00e+00   0.00e+00   0.0%
Pad                    0.00e+00   0.00e+00   0.00e+00   0.00e+00   0.0%
----------------------------------------------------------------
Total                  2.31e-06   6.60e-07   1.24e-08   2.98e-06 100.0%
                          77.4%      22.2%       0.4%

