
===========================================================================
 report_power
============================================================================
======================= Fastest Corner ===================================

Group                  Internal  Switching    Leakage      Total
                          Power      Power      Power      Power (Watts)
----------------------------------------------------------------
Sequential             9.98e-05   9.30e-05   1.47e-07   1.93e-04  24.0%
Combinational          2.66e-04   3.47e-04   9.65e-09   6.13e-04  76.0%
Macro                  0.00e+00   0.00e+00   0.00e+00   0.00e+00   0.0%
Pad                    0.00e+00   0.00e+00   0.00e+00   0.00e+00   0.0%
----------------------------------------------------------------
Total                  3.65e-04   4.40e-04   1.56e-07   8.06e-04 100.0%
                          45.4%      54.6%       0.0%

======================= Slowest Corner ===================================

Group                  Internal  Switching    Leakage      Total
                          Power      Power      Power      Power (Watts)
----------------------------------------------------------------
Sequential             6.71e-05   6.20e-05   5.85e-07   1.30e-04  23.2%
Combinational          1.99e-04   2.29e-04   1.18e-06   4.29e-04  76.8%
Macro                  0.00e+00   0.00e+00   0.00e+00   0.00e+00   0.0%
Pad                    0.00e+00   0.00e+00   0.00e+00   0.00e+00   0.0%
----------------------------------------------------------------
Total                  2.66e-04   2.91e-04   1.76e-06   5.59e-04 100.0%
                          47.6%      52.1%       0.3%

======================= Typical Corner ===================================

Group                  Internal  Switching    Leakage      Total
                          Power      Power      Power      Power (Watts)
----------------------------------------------------------------
Sequential             8.62e-05   7.88e-05   1.46e-07   1.65e-04  23.6%
Combinational          2.43e-04   2.93e-04   8.72e-09   5.36e-04  76.4%
Macro                  0.00e+00   0.00e+00   0.00e+00   0.00e+00   0.0%
Pad                    0.00e+00   0.00e+00   0.00e+00   0.00e+00   0.0%
----------------------------------------------------------------
Total                  3.29e-04   3.71e-04   1.55e-07   7.01e-04 100.0%
                          47.0%      53.0%       0.0%

