
===========================================================================
report_checks -unconstrained
===========================================================================
======================= Fastest Corner ===================================

Startpoint: rst (input port clocked by clk)
Endpoint: _405_ (recovery check against rising-edge clock clk)
Path Group: asynchronous
Path Type: max
Corner: Fastest

Fanout     Cap    Slew   Delay    Time   Description
-----------------------------------------------------------------------------
                          0.00    0.00   clock clk (rise edge)
                          0.00    0.00   clock network delay (propagated)
                          4.00    4.00 v input external delay
                  0.01    0.00    4.00 v rst (in)
     1    0.00                           rst (net)
                  0.01    0.00    4.00 v input1/A (sky130_fd_sc_hd__buf_1)
                  0.06    0.08    4.09 v input1/X (sky130_fd_sc_hd__buf_1)
     1    0.01                           net1 (net)
                  0.06    0.00    4.09 v _367_/A (sky130_fd_sc_hd__buf_4)
                  0.06    0.14    4.23 v _367_/X (sky130_fd_sc_hd__buf_4)
    10    0.05                           _180_ (net)
                  0.06    0.00    4.23 v _368_/A (sky130_fd_sc_hd__buf_4)
                  0.07    0.15    4.38 v _368_/X (sky130_fd_sc_hd__buf_4)
    10    0.06                           _181_ (net)
                  0.07    0.00    4.39 v _376_/A (sky130_fd_sc_hd__inv_2)
                  0.03    0.05    4.43 ^ _376_/Y (sky130_fd_sc_hd__inv_2)
     1    0.00                           _007_ (net)
                  0.03    0.00    4.43 ^ _405_/RESET_B (sky130_fd_sc_hd__dfrtp_4)
                                  4.43   data arrival time

                         20.00   20.00   clock clk (rise edge)
                          0.00   20.00   clock source latency
                  0.16    0.11   20.11 ^ clk (in)
     1    0.05                           clk (net)
                  0.16    0.00   20.11 ^ clkbuf_0_clk/A (sky130_fd_sc_hd__clkbuf_16)
                  0.04    0.11   20.22 ^ clkbuf_0_clk/X (sky130_fd_sc_hd__clkbuf_16)
     2    0.02                           clknet_0_clk (net)
                  0.04    0.00   20.22 ^ clkbuf_1_1__f_clk/A (sky130_fd_sc_hd__clkbuf_16)
                  0.05    0.10   20.32 ^ clkbuf_1_1__f_clk/X (sky130_fd_sc_hd__clkbuf_16)
    14    0.05                           clknet_1_1__leaf_clk (net)
                  0.05    0.00   20.32 ^ _405_/CLK (sky130_fd_sc_hd__dfrtp_4)
                         -0.25   20.07   clock uncertainty
                          0.00   20.07   clock reconvergence pessimism
                          0.14   20.21   library recovery time
                                 20.21   data required time
-----------------------------------------------------------------------------
                                 20.21   data required time
                                 -4.43   data arrival time
-----------------------------------------------------------------------------
                                 15.78   slack (MET)


Startpoint: _410_ (rising edge-triggered flip-flop clocked by clk)
Endpoint: last_opcode_out[0] (output port clocked by clk)
Path Group: clk
Path Type: max
Corner: Fastest

Fanout     Cap    Slew   Delay    Time   Description
-----------------------------------------------------------------------------
                          0.00    0.00   clock clk (rise edge)
                          0.00    0.00   clock source latency
                  0.16    0.12    0.12 ^ clk (in)
     1    0.05                           clk (net)
                  0.16    0.00    0.12 ^ clkbuf_0_clk/A (sky130_fd_sc_hd__clkbuf_16)
                  0.04    0.12    0.25 ^ clkbuf_0_clk/X (sky130_fd_sc_hd__clkbuf_16)
     2    0.02                           clknet_0_clk (net)
                  0.04    0.00    0.25 ^ clkbuf_1_0__f_clk/A (sky130_fd_sc_hd__clkbuf_16)
                  0.05    0.11    0.36 ^ clkbuf_1_0__f_clk/X (sky130_fd_sc_hd__clkbuf_16)
    14    0.05                           clknet_1_0__leaf_clk (net)
                  0.05    0.00    0.36 ^ _410_/CLK (sky130_fd_sc_hd__dfrtp_4)
                  0.11    0.40    0.75 v _410_/Q (sky130_fd_sc_hd__dfrtp_4)
     3    0.08                           net23 (net)
                  0.11    0.00    0.75 v _427_/A (sky130_fd_sc_hd__clkbuf_1)
                  0.02    0.09    0.84 v _427_/X (sky130_fd_sc_hd__clkbuf_1)
     1    0.00                           net22 (net)
                  0.02    0.00    0.84 v output22/A (sky130_fd_sc_hd__clkbuf_4)
                  0.06    0.12    0.97 v output22/X (sky130_fd_sc_hd__clkbuf_4)
     1    0.03                           last_opcode_out[0] (net)
                  0.06    0.00    0.97 v last_opcode_out[0] (out)
                                  0.97   data arrival time

                         20.00   20.00   clock clk (rise edge)
                          0.00   20.00   clock network delay (propagated)
                         -0.25   19.75   clock uncertainty
                          0.00   19.75   clock reconvergence pessimism
                         -4.00   15.75   output external delay
                                 15.75   data required time
-----------------------------------------------------------------------------
                                 15.75   data required time
                                 -0.97   data arrival time
-----------------------------------------------------------------------------
                                 14.78   slack (MET)



======================= Slowest Corner ===================================

Startpoint: rst (input port clocked by clk)
Endpoint: _405_ (recovery check against rising-edge clock clk)
Path Group: asynchronous
Path Type: max
Corner: Slowest

Fanout     Cap    Slew   Delay    Time   Description
-----------------------------------------------------------------------------
                          0.00    0.00   clock clk (rise edge)
                          0.00    0.00   clock network delay (propagated)
                          4.00    4.00 v input external delay
                  0.02    0.01    4.01 v rst (in)
     1    0.00                           rst (net)
                  0.02    0.00    4.01 v input1/A (sky130_fd_sc_hd__buf_1)
                  0.16    0.24    4.25 v input1/X (sky130_fd_sc_hd__buf_1)
     1    0.01                           net1 (net)
                  0.16    0.00    4.25 v _367_/A (sky130_fd_sc_hd__buf_4)
                  0.14    0.40    4.65 v _367_/X (sky130_fd_sc_hd__buf_4)
    10    0.05                           _180_ (net)
                  0.14    0.00    4.66 v _368_/A (sky130_fd_sc_hd__buf_4)
                  0.16    0.41    5.06 v _368_/X (sky130_fd_sc_hd__buf_4)
    10    0.06                           _181_ (net)
                  0.16    0.00    5.06 v _376_/A (sky130_fd_sc_hd__inv_2)
                  0.06    0.11    5.18 ^ _376_/Y (sky130_fd_sc_hd__inv_2)
     1    0.00                           _007_ (net)
                  0.06    0.00    5.18 ^ _405_/RESET_B (sky130_fd_sc_hd__dfrtp_4)
                                  5.18   data arrival time

                         20.00   20.00   clock clk (rise edge)
                          0.00   20.00   clock source latency
                  0.34    0.23   20.23 ^ clk (in)
     1    0.05                           clk (net)
                  0.34    0.00   20.23 ^ clkbuf_0_clk/A (sky130_fd_sc_hd__clkbuf_16)
                  0.07    0.33   20.56 ^ clkbuf_0_clk/X (sky130_fd_sc_hd__clkbuf_16)
     2    0.02                           clknet_0_clk (net)
                  0.07    0.00   20.56 ^ clkbuf_1_1__f_clk/A (sky130_fd_sc_hd__clkbuf_16)
                  0.10    0.25   20.80 ^ clkbuf_1_1__f_clk/X (sky130_fd_sc_hd__clkbuf_16)
    14    0.05                           clknet_1_1__leaf_clk (net)
                  0.10    0.00   20.80 ^ _405_/CLK (sky130_fd_sc_hd__dfrtp_4)
                         -0.25   20.55   clock uncertainty
                          0.00   20.55   clock reconvergence pessimism
                          0.46   21.02   library recovery time
                                 21.02   data required time
-----------------------------------------------------------------------------
                                 21.02   data required time
                                 -5.18   data arrival time
-----------------------------------------------------------------------------
                                 15.84   slack (MET)


Startpoint: _399_ (rising edge-triggered flip-flop clocked by clk)
Endpoint: _417_ (rising edge-triggered flip-flop clocked by clk)
Path Group: clk
Path Type: max
Corner: Slowest

Fanout     Cap    Slew   Delay    Time   Description
-----------------------------------------------------------------------------
                          0.00    0.00   clock clk (rise edge)
                          0.00    0.00   clock source latency
                  0.34    0.25    0.25 ^ clk (in)
     1    0.05                           clk (net)
                  0.34    0.00    0.25 ^ clkbuf_0_clk/A (sky130_fd_sc_hd__clkbuf_16)
                  0.07    0.36    0.61 ^ clkbuf_0_clk/X (sky130_fd_sc_hd__clkbuf_16)
     2    0.02                           clknet_0_clk (net)
                  0.07    0.00    0.61 ^ clkbuf_1_1__f_clk/A (sky130_fd_sc_hd__clkbuf_16)
                  0.10    0.27    0.89 ^ clkbuf_1_1__f_clk/X (sky130_fd_sc_hd__clkbuf_16)
    14    0.05                           clknet_1_1__leaf_clk (net)
                  0.10    0.00    0.89 ^ _399_/CLK (sky130_fd_sc_hd__dfrtp_4)
                  0.19    1.17    2.06 v _399_/Q (sky130_fd_sc_hd__dfrtp_4)
     9    0.04                           U_PC.pc[1] (net)
                  0.19    0.00    2.06 v _200_/B (sky130_fd_sc_hd__and2b_1)
                  0.14    0.47    2.53 v _200_/X (sky130_fd_sc_hd__and2b_1)
     4    0.01                           _186_ (net)
                  0.14    0.00    2.53 v _202_/B (sky130_fd_sc_hd__or3_1)
                  0.14    0.85    3.38 v _202_/X (sky130_fd_sc_hd__or3_1)
     1    0.00                           _188_ (net)
                  0.14    0.00    3.38 v _203_/A (sky130_fd_sc_hd__buf_4)
                  0.15    0.39    3.78 v _203_/X (sky130_fd_sc_hd__buf_4)
     9    0.06                           _189_ (net)
                  0.15    0.00    3.78 v _235_/A2 (sky130_fd_sc_hd__a221oi_4)
                  0.46    0.65    4.43 ^ _235_/Y (sky130_fd_sc_hd__a221oi_4)
     3    0.02                           _076_ (net)
                  0.46    0.00    4.43 ^ _238_/A3 (sky130_fd_sc_hd__a32oi_4)
                  0.26    0.45    4.88 v _238_/Y (sky130_fd_sc_hd__a32oi_4)
     5    0.02                           _079_ (net)
                  0.26    0.00    4.88 v _288_/A (sky130_fd_sc_hd__xor2_1)
                  0.13    0.39    5.27 v _288_/X (sky130_fd_sc_hd__xor2_1)
     1    0.00                           _124_ (net)
                  0.13    0.00    5.27 v _291_/A2 (sky130_fd_sc_hd__a211o_1)
                  0.18    0.71    5.98 v _291_/X (sky130_fd_sc_hd__a211o_1)
     3    0.01                           _127_ (net)
                  0.18    0.00    5.98 v _310_/B (sky130_fd_sc_hd__or4_1)
                  0.19    1.28    7.26 v _310_/X (sky130_fd_sc_hd__or4_1)
     1    0.00                           _143_ (net)
                  0.19    0.00    7.26 v _311_/D (sky130_fd_sc_hd__or4_1)
                  0.19    1.06    8.33 v _311_/X (sky130_fd_sc_hd__or4_1)
     1    0.00                           _144_ (net)
                  0.19    0.00    8.33 v _312_/D (sky130_fd_sc_hd__or4_1)
                  0.28    1.21    9.53 v _312_/X (sky130_fd_sc_hd__or4_1)
     1    0.01                           _145_ (net)
                  0.28    0.00    9.53 v _314_/A4 (sky130_fd_sc_hd__o41ai_1)
                  0.49    0.54   10.07 ^ _314_/Y (sky130_fd_sc_hd__o41ai_1)
     1    0.00                           _043_ (net)
                  0.49    0.00   10.07 ^ _417_/D (sky130_fd_sc_hd__dfrtp_4)
                                 10.07   data arrival time

                         20.00   20.00   clock clk (rise edge)
                          0.00   20.00   clock source latency
                  0.34    0.23   20.23 ^ clk (in)
     1    0.05                           clk (net)
                  0.34    0.00   20.23 ^ clkbuf_0_clk/A (sky130_fd_sc_hd__clkbuf_16)
                  0.07    0.33   20.56 ^ clkbuf_0_clk/X (sky130_fd_sc_hd__clkbuf_16)
     2    0.02                           clknet_0_clk (net)
                  0.07    0.00   20.56 ^ clkbuf_1_0__f_clk/A (sky130_fd_sc_hd__clkbuf_16)
                  0.11    0.25   20.81 ^ clkbuf_1_0__f_clk/X (sky130_fd_sc_hd__clkbuf_16)
    14    0.05                           clknet_1_0__leaf_clk (net)
                  0.11    0.00   20.81 ^ _417_/CLK (sky130_fd_sc_hd__dfrtp_4)
                         -0.25   20.56   clock uncertainty
                          0.06   20.61   clock reconvergence pessimism
                         -0.24   20.38   library setup time
                                 20.38   data required time
-----------------------------------------------------------------------------
                                 20.38   data required time
                                -10.07   data arrival time
-----------------------------------------------------------------------------
                                 10.31   slack (MET)



======================= Typical Corner ===================================

Startpoint: rst (input port clocked by clk)
Endpoint: _405_ (recovery check against rising-edge clock clk)
Path Group: asynchronous
Path Type: max
Corner: Typical

Fanout     Cap    Slew   Delay    Time   Description
-----------------------------------------------------------------------------
                          0.00    0.00   clock clk (rise edge)
                          0.00    0.00   clock network delay (propagated)
                          4.00    4.00 v input external delay
                  0.01    0.01    4.01 v rst (in)
     1    0.00                           rst (net)
                  0.01    0.00    4.01 v input1/A (sky130_fd_sc_hd__buf_1)
                  0.08    0.13    4.13 v input1/X (sky130_fd_sc_hd__buf_1)
     1    0.01                           net1 (net)
                  0.08    0.00    4.13 v _367_/A (sky130_fd_sc_hd__buf_4)
                  0.08    0.22    4.35 v _367_/X (sky130_fd_sc_hd__buf_4)
    10    0.05                           _180_ (net)
                  0.08    0.00    4.35 v _368_/A (sky130_fd_sc_hd__buf_4)
                  0.09    0.22    4.58 v _368_/X (sky130_fd_sc_hd__buf_4)
    10    0.06                           _181_ (net)
                  0.09    0.00    4.58 v _376_/A (sky130_fd_sc_hd__inv_2)
                  0.04    0.07    4.64 ^ _376_/Y (sky130_fd_sc_hd__inv_2)
     1    0.00                           _007_ (net)
                  0.04    0.00    4.64 ^ _405_/RESET_B (sky130_fd_sc_hd__dfrtp_4)
                                  4.64   data arrival time

                         20.00   20.00   clock clk (rise edge)
                          0.00   20.00   clock source latency
                  0.22    0.15   20.15 ^ clk (in)
     1    0.05                           clk (net)
                  0.22    0.00   20.15 ^ clkbuf_0_clk/A (sky130_fd_sc_hd__clkbuf_16)
                  0.05    0.18   20.32 ^ clkbuf_0_clk/X (sky130_fd_sc_hd__clkbuf_16)
     2    0.02                           clknet_0_clk (net)
                  0.05    0.00   20.32 ^ clkbuf_1_1__f_clk/A (sky130_fd_sc_hd__clkbuf_16)
                  0.07    0.14   20.46 ^ clkbuf_1_1__f_clk/X (sky130_fd_sc_hd__clkbuf_16)
    14    0.05                           clknet_1_1__leaf_clk (net)
                  0.07    0.00   20.47 ^ _405_/CLK (sky130_fd_sc_hd__dfrtp_4)
                         -0.25   20.22   clock uncertainty
                          0.00   20.22   clock reconvergence pessimism
                          0.23   20.44   library recovery time
                                 20.44   data required time
-----------------------------------------------------------------------------
                                 20.44   data required time
                                 -4.64   data arrival time
-----------------------------------------------------------------------------
                                 15.80   slack (MET)


Startpoint: _410_ (rising edge-triggered flip-flop clocked by clk)
Endpoint: last_opcode_out[0] (output port clocked by clk)
Path Group: clk
Path Type: max
Corner: Typical

Fanout     Cap    Slew   Delay    Time   Description
-----------------------------------------------------------------------------
                          0.00    0.00   clock clk (rise edge)
                          0.00    0.00   clock source latency
                  0.22    0.16    0.16 ^ clk (in)
     1    0.05                           clk (net)
                  0.22    0.00    0.16 ^ clkbuf_0_clk/A (sky130_fd_sc_hd__clkbuf_16)
                  0.05    0.19    0.36 ^ clkbuf_0_clk/X (sky130_fd_sc_hd__clkbuf_16)
     2    0.02                           clknet_0_clk (net)
                  0.05    0.00    0.36 ^ clkbuf_1_0__f_clk/A (sky130_fd_sc_hd__clkbuf_16)
                  0.07    0.16    0.51 ^ clkbuf_1_0__f_clk/X (sky130_fd_sc_hd__clkbuf_16)
    14    0.05                           clknet_1_0__leaf_clk (net)
                  0.07    0.00    0.52 ^ _410_/CLK (sky130_fd_sc_hd__dfrtp_4)
                  0.14    0.62    1.13 v _410_/Q (sky130_fd_sc_hd__dfrtp_4)
     3    0.08                           net23 (net)
                  0.14    0.00    1.14 v _427_/A (sky130_fd_sc_hd__clkbuf_1)
                  0.03    0.14    1.27 v _427_/X (sky130_fd_sc_hd__clkbuf_1)
     1    0.00                           net22 (net)
                  0.03    0.00    1.27 v output22/A (sky130_fd_sc_hd__clkbuf_4)
                  0.08    0.18    1.46 v output22/X (sky130_fd_sc_hd__clkbuf_4)
     1    0.03                           last_opcode_out[0] (net)
                  0.08    0.00    1.46 v last_opcode_out[0] (out)
                                  1.46   data arrival time

                         20.00   20.00   clock clk (rise edge)
                          0.00   20.00   clock network delay (propagated)
                         -0.25   19.75   clock uncertainty
                          0.00   19.75   clock reconvergence pessimism
                         -4.00   15.75   output external delay
                                 15.75   data required time
-----------------------------------------------------------------------------
                                 15.75   data required time
                                 -1.46   data arrival time
-----------------------------------------------------------------------------
                                 14.29   slack (MET)




===========================================================================
report_checks --slack_max -0.01
============================================================================
======================= Fastest Corner ===================================

No paths found.

======================= Slowest Corner ===================================

No paths found.

======================= Typical Corner ===================================

No paths found.


===========================================================================
 report_check_types -max_slew -max_cap -max_fanout -violators
============================================================================
======================= Fastest Corner ===================================

max fanout

Pin                                   Limit Fanout  Slack
---------------------------------------------------------
clkbuf_1_0__f_clk/X                      10     14     -4 (VIOLATED)
clkbuf_1_1__f_clk/X                      10     14     -4 (VIOLATED)


======================= Slowest Corner ===================================

max fanout

Pin                                   Limit Fanout  Slack
---------------------------------------------------------
clkbuf_1_0__f_clk/X                      10     14     -4 (VIOLATED)
clkbuf_1_1__f_clk/X                      10     14     -4 (VIOLATED)


======================= Typical Corner ===================================

max fanout

Pin                                   Limit Fanout  Slack
---------------------------------------------------------
clkbuf_1_0__f_clk/X                      10     14     -4 (VIOLATED)
clkbuf_1_1__f_clk/X                      10     14     -4 (VIOLATED)



===========================================================================
report_parasitic_annotation -report_unannotated
============================================================================
Found 1 unannotated drivers.
 computer_30/HI
Found 0 partially unannotated drivers.

===========================================================================
max slew violation count 0
max fanout violation count 2
max cap violation count 0
============================================================================

===========================================================================
check_setup -verbose -unconstrained_endpoints -multiple_clock -no_clock -no_input_delay -loops -generated_clocks
===========================================================================
Warning: There is 1 unconstrained endpoint.
  last_opcode_out[5]
