
 /----------------------------------------------------------------------------\
 |                                                                            |
 |  yosys -- Yosys Open SYnthesis Suite                                       |
 |                                                                            |
 |  Copyright (C) 2012 - 2020  Claire Xenia Wolf <claire@yosyshq.com>         |
 |                                                                            |
 |  Permission to use, copy, modify, and/or distribute this software for any  |
 |  purpose with or without fee is hereby granted, provided that the above    |
 |  copyright notice and this permission notice appear in all copies.         |
 |                                                                            |
 |  THE SOFTWARE IS PROVIDED "AS IS" AND THE AUTHOR DISCLAIMS ALL WARRANTIES  |
 |  WITH REGARD TO THIS SOFTWARE INCLUDING ALL IMPLIED WARRANTIES OF          |
 |  MERCHANTABILITY AND FITNESS. IN NO EVENT SHALL THE AUTHOR BE LIABLE FOR   |
 |  ANY SPECIAL, DIRECT, INDIRECT, OR CONSEQUENTIAL DAMAGES OR ANY DAMAGES    |
 |  WHATSOEVER RESULTING FROM LOSS OF USE, DATA OR PROFITS, WHETHER IN AN     |
 |  ACTION OF CONTRACT, NEGLIGENCE OR OTHER TORTIOUS ACTION, ARISING OUT OF   |
 |  OR IN CONNECTION WITH THE USE OR PERFORMANCE OF THIS SOFTWARE.            |
 |                                                                            |
 \----------------------------------------------------------------------------/

 Yosys 0.30+48 (git sha1 14d50a176d5, gcc 8.3.1 -fPIC -Os)

[TCL: yosys -import] Command name collision: found pre-existing command `cd' -> skip.
[TCL: yosys -import] Command name collision: found pre-existing command `eval' -> skip.
[TCL: yosys -import] Command name collision: found pre-existing command `exec' -> skip.
[TCL: yosys -import] Command name collision: found pre-existing command `read' -> skip.
[TCL: yosys -import] Command name collision: found pre-existing command `trace' -> skip.
Defining SYNTHESIS
Defining ASIC

1. Executing Verilog-2005 frontend: /home/zerotoasic/Documents/proyecto3/arqui-comp-proyecto-3/src/computer/alu.v
Parsing SystemVerilog input from `/home/zerotoasic/Documents/proyecto3/arqui-comp-proyecto-3/src/computer/alu.v' to AST representation.
Generating RTLIL representation for module `\alu'.
Successfully finished Verilog frontend.

2. Executing Verilog-2005 frontend: /home/zerotoasic/Documents/proyecto3/arqui-comp-proyecto-3/src/computer/computer.v
Parsing SystemVerilog input from `/home/zerotoasic/Documents/proyecto3/arqui-comp-proyecto-3/src/computer/computer.v' to AST representation.
Generating RTLIL representation for module `\computer'.
Successfully finished Verilog frontend.

3. Executing Verilog-2005 frontend: /home/zerotoasic/Documents/proyecto3/arqui-comp-proyecto-3/src/computer/control_unit.v
Parsing SystemVerilog input from `/home/zerotoasic/Documents/proyecto3/arqui-comp-proyecto-3/src/computer/control_unit.v' to AST representation.
Generating RTLIL representation for module `\control_unit'.
Successfully finished Verilog frontend.

4. Executing Verilog-2005 frontend: /home/zerotoasic/Documents/proyecto3/arqui-comp-proyecto-3/src/computer/data_memory.v
/home/zerotoasic/Documents/proyecto3/arqui-comp-proyecto-3/src/computer/data_memory.v:0: ERROR: Can not open file `data/mem.dat` for \$readmemb.
